#
# There is insufficient memory for the Java Runtime Environment to continue.
# Native memory allocation (malloc) failed to allocate 724736 bytes. Error detail: Chunk::new
# Possible reasons:
#   The system is out of physical RAM or swap space
#   This process is running with CompressedOops enabled, and the Java Heap may be blocking the growth of the native heap
# Possible solutions:
#   Reduce memory load on the system
#   Increase physical memory or swap space
#   Check if swap backing store is full
#   Decrease Java heap size (-Xmx/-Xms)
#   Decrease number of Java threads
#   Decrease Java thread stack sizes (-Xss)
#   Set larger code cache with -XX:ReservedCodeCacheSize=
#   JVM is running with Unscaled Compressed Oops mode in which the Java heap is
#     placed in the first 4GB address space. The Java Heap base address is the
#     maximum limit for the native heap growth. Please use -XX:HeapBaseMinAddress
#     to set the Java Heap base and to place the Java Heap above 4GB virtual address.
# This output file may be truncated or incomplete.
#
#  Out of Memory Error (arena.cpp:168), pid=14872, tid=11268
#
# JRE version: OpenJDK Runtime Environment Temurin-21.0.12.1+1 (21.0.12.1+1) (build 21.0.12.1+1-LTS)
# Java VM: OpenJDK 64-Bit Server VM Temurin-21.0.12.1+1 (21.0.12.1+1-LTS, mixed mode, sharing, tiered, compressed oops, compressed class ptrs, parallel gc, windows-amd64)
# No core dump will be written. Minidumps are not enabled by default on client versions of Windows
#

---------------  S U M M A R Y ------------

Command Line: --add-modules=ALL-SYSTEM --add-opens=java.base/java.util=ALL-UNNAMED --add-opens=java.base/java.lang=ALL-UNNAMED --add-opens=java.base/sun.nio.fs=ALL-UNNAMED -Declipse.application=org.eclipse.jdt.ls.core.id1 -Dosgi.bundles.defaultStartLevel=4 -Declipse.product=org.eclipse.jdt.ls.core.product -Djava.import.generatesMetadataFilesAtProjectRoot=false -Dm2e.project.cache.size=50 -DDetectVMInstallationsJob.disabled=true -Dfile.encoding=utf8 -XX:+UseParallelGC -XX:GCTimeRatio=4 -XX:AdaptiveSizePolicyWeight=90 -Dsun.zip.disableMemoryMapping=true -Xmx2G -Xms100m -Xlog:disable -javaagent:c:\Users\x380\.vscode\extensions\redhat.java-1.56.0-win32-x64\lombok\lombok-1.18.39-4050.jar -XX:+HeapDumpOnOutOfMemoryError -XX:HeapDumpPath=c:\Users\x380\AppData\Roaming\Code\User\workspaceStorage\d8b3f71028a2b92c6fa09363336a5cd2\redhat.java -Daether.dependencyCollector.impl=bf c:\Users\x380\.vscode\extensions\redhat.java-1.56.0-win32-x64\server\plugins\org.eclipse.equinox.launcher_1.8.0.v20260804-1928.jar -configuration c:\Users\x380\AppData\Roaming\Code\User\globalStorage\redhat.java\1.56.0\config_win -data c:\Users\x380\AppData\Roaming\Code\User\workspaceStorage\d8b3f71028a2b92c6fa09363336a5cd2\redhat.java\jdt_ws --pipe=\\.\pipe\lsp-7ed6dc6a8cf23907d381e8260a0f422d-sock

Host: Intel(R) Core(TM) i5-8365U CPU @ 1.60GHz, 8 cores, 7G,  Windows 10 , 64 bit Build 19041 (10.0.19041.5915)
Time: Sat Sep 12 01:06:21 2026 Hora verano Sudamérica Pacífico elapsed time: 425.668557 seconds (0d 0h 7m 5s)

---------------  T H R E A D  ---------------

Current thread (0x00000222fcc9d800):  JavaThread "C2 CompilerThread0" daemon [_thread_in_native, id=11268, stack(0x000000f152a00000,0x000000f152b00000) (1024K)]


Current CompileTask:
C2:425669 9678       4       java.lang.invoke.DirectMethodHandle::make (275 bytes)

Stack: [0x000000f152a00000,0x000000f152b00000]
Native frames: (J=compiled Java code, j=interpreted, Vv=VM code, C=native code)
V  [jvm.dll+0x6d83e9]
V  [jvm.dll+0x8b5736]
V  [jvm.dll+0x8b7cee]
V  [jvm.dll+0x8b83d3]
V  [jvm.dll+0x284596]
V  [jvm.dll+0xc685d]
V  [jvm.dll+0xc6da1]
V  [jvm.dll+0x2fb5ae]
V  [jvm.dll+0x5fee94]
V  [jvm.dll+0x255d67]
V  [jvm.dll+0x24ddab]
V  [jvm.dll+0x24bbe6]
V  [jvm.dll+0x1cb4ae]
V  [jvm.dll+0x25baad]
V  [jvm.dll+0x25a03a]
V  [jvm.dll+0x3f8aae]
V  [jvm.dll+0x8600cd]
V  [jvm.dll+0x6d6c1d]
C  [ucrtbase.dll+0x21bb2]
C  [KERNEL32.DLL+0x17374]
C  [ntdll.dll+0x4cc91]


---------------  P R O C E S S  ---------------

Threads class SMR info:
_java_thread_list=0x00000222d429dc40, length=41, elements={
0x00000222f5221360, 0x00000222fcc8f630, 0x00000222fcc90ae0, 0x00000222fcc96340,
0x00000222fcc96fa0, 0x00000222fcc97c00, 0x00000222fcc98660, 0x00000222fcc9d800,
0x00000222fccc4b40, 0x00000222fe7addb0, 0x00000222fe7f3b70, 0x00000222feddd2d0,
0x00000222fed546f0, 0x00000222d403c670, 0x00000222feae7940, 0x00000222d4474310,
0x00000222fe649630, 0x00000222d4552400, 0x00000222fe6e3660, 0x00000222fe6e1590,
0x00000222fe6e3cf0, 0x00000222fe6e0870, 0x00000222d444aee0, 0x00000222d444a850,
0x00000222d444c920, 0x00000222d444cfb0, 0x00000222d4448780, 0x00000222d444b570,
0x00000222d444bc00, 0x00000222d4449b30, 0x00000222d44473d0, 0x00000222d4446020,
0x00000222d44494a0, 0x00000222d444d640, 0x00000222d6fef470, 0x00000222d7b397f0,
0x00000222d7b36370, 0x00000222d7b37090, 0x00000222d7b33c10, 0x00000222d7b342a0,
0x00000222d7b34930
}

Java Threads: ( => current thread )
  0x00000222f5221360 JavaThread "main"                              [_thread_blocked, id=10812, stack(0x000000f152000000,0x000000f152100000) (1024K)]
  0x00000222fcc8f630 JavaThread "Reference Handler"          daemon [_thread_blocked, id=14884, stack(0x000000f152400000,0x000000f152500000) (1024K)]
  0x00000222fcc90ae0 JavaThread "Finalizer"                  daemon [_thread_blocked, id=2956, stack(0x000000f152500000,0x000000f152600000) (1024K)]
  0x00000222fcc96340 JavaThread "Signal Dispatcher"          daemon [_thread_blocked, id=17940, stack(0x000000f152600000,0x000000f152700000) (1024K)]
  0x00000222fcc96fa0 JavaThread "Attach Listener"            daemon [_thread_blocked, id=4416, stack(0x000000f152700000,0x000000f152800000) (1024K)]
  0x00000222fcc97c00 JavaThread "Service Thread"             daemon [_thread_blocked, id=19176, stack(0x000000f152800000,0x000000f152900000) (1024K)]
  0x00000222fcc98660 JavaThread "Monitor Deflation Thread"   daemon [_thread_blocked, id=12312, stack(0x000000f152900000,0x000000f152a00000) (1024K)]
=>0x00000222fcc9d800 JavaThread "C2 CompilerThread0"         daemon [_thread_in_native, id=11268, stack(0x000000f152a00000,0x000000f152b00000) (1024K)]
  0x00000222fccc4b40 JavaThread "C1 CompilerThread0"         daemon [_thread_blocked, id=17656, stack(0x000000f152b00000,0x000000f152c00000) (1024K)]
  0x00000222fe7addb0 JavaThread "Common-Cleaner"             daemon [_thread_blocked, id=1152, stack(0x000000f152c00000,0x000000f152d00000) (1024K)]
  0x00000222fe7f3b70 JavaThread "Notification Thread"        daemon [_thread_blocked, id=5484, stack(0x000000f152d00000,0x000000f152e00000) (1024K)]
  0x00000222feddd2d0 JavaThread "Active Thread: Equinox Container: 842f9e15-9209-4dfc-9b11-6ba4c78a7200"        [_thread_blocked, id=5036, stack(0x000000f152e00000,0x000000f152f00000) (1024K)]
  0x00000222fed546f0 JavaThread "Refresh Thread: Equinox Container: 842f9e15-9209-4dfc-9b11-6ba4c78a7200" daemon [_thread_blocked, id=6880, stack(0x000000f153600000,0x000000f153700000) (1024K)]
  0x00000222d403c670 JavaThread "Framework Event Dispatcher: Equinox Container: 842f9e15-9209-4dfc-9b11-6ba4c78a7200" daemon [_thread_blocked, id=18996, stack(0x000000f153700000,0x000000f153800000) (1024K)]
  0x00000222feae7940 JavaThread "Start Level: Equinox Container: 842f9e15-9209-4dfc-9b11-6ba4c78a7200" daemon [_thread_blocked, id=17392, stack(0x000000f153800000,0x000000f153900000) (1024K)]
  0x00000222d4474310 JavaThread "Bundle File Closer"         daemon [_thread_blocked, id=21048, stack(0x000000f153a00000,0x000000f153b00000) (1024K)]
  0x00000222fe649630 JavaThread "SCR Component Actor"        daemon [_thread_blocked, id=21492, stack(0x000000f153900000,0x000000f153a00000) (1024K)]
  0x00000222d4552400 JavaThread "Worker-JM"                         [_thread_blocked, id=20208, stack(0x000000f153d00000,0x000000f153e00000) (1024K)]
  0x00000222fe6e3660 JavaThread "JNA Cleaner"                daemon [_thread_blocked, id=21088, stack(0x000000f153b00000,0x000000f153c00000) (1024K)]
  0x00000222fe6e1590 JavaThread "Worker-1"                          [_thread_blocked, id=17016, stack(0x000000f153e00000,0x000000f153f00000) (1024K)]
  0x00000222fe6e3cf0 JavaThread "Java indexing"              daemon [_thread_blocked, id=11588, stack(0x000000f154300000,0x000000f154400000) (1024K)]
  0x00000222fe6e0870 JavaThread "Worker-4"                          [_thread_blocked, id=11956, stack(0x000000f154600000,0x000000f154700000) (1024K)]
  0x00000222d444aee0 JavaThread "Thread-1"                   daemon [_thread_in_native, id=20568, stack(0x000000f154800000,0x000000f154900000) (1024K)]
  0x00000222d444a850 JavaThread "Thread-2"                   daemon [_thread_in_native, id=12820, stack(0x000000f154900000,0x000000f154a00000) (1024K)]
  0x00000222d444c920 JavaThread "Thread-3"                   daemon [_thread_in_native, id=19888, stack(0x000000f154a00000,0x000000f154b00000) (1024K)]
  0x00000222d444cfb0 JavaThread "Thread-4"                   daemon [_thread_in_native, id=21300, stack(0x000000f154b00000,0x000000f154c00000) (1024K)]
  0x00000222d4448780 JavaThread "Thread-5"                   daemon [_thread_in_native, id=2032, stack(0x000000f154c00000,0x000000f154d00000) (1024K)]
  0x00000222d444b570 JavaThread "Thread-6"                   daemon [_thread_in_native, id=21000, stack(0x000000f154d00000,0x000000f154e00000) (1024K)]
  0x00000222d444bc00 JavaThread "Thread-7"                   daemon [_thread_in_native, id=17608, stack(0x000000f154e00000,0x000000f154f00000) (1024K)]
  0x00000222d4449b30 JavaThread "Thread-8"                   daemon [_thread_in_native, id=21136, stack(0x000000f154f00000,0x000000f155000000) (1024K)]
  0x00000222d44473d0 JavaThread "Thread-9"                   daemon [_thread_in_native, id=20092, stack(0x000000f155000000,0x000000f155100000) (1024K)]
  0x00000222d4446020 JavaThread "pool-2-thread-1"                   [_thread_blocked, id=21224, stack(0x000000f155100000,0x000000f155200000) (1024K)]
  0x00000222d44494a0 JavaThread "WorkspaceEventsHandler"            [_thread_blocked, id=19816, stack(0x000000f155200000,0x000000f155300000) (1024K)]
  0x00000222d444d640 JavaThread "pool-1-thread-1"                   [_thread_blocked, id=10448, stack(0x000000f155300000,0x000000f155400000) (1024K)]
  0x00000222d6fef470 JavaThread "Timer-0"                           [_thread_blocked, id=21388, stack(0x000000f155400000,0x000000f155500000) (1024K)]
  0x00000222d7b397f0 JavaThread "PatternSearchJob-worker-1"  daemon [_thread_blocked, id=22504, stack(0x000000f155600000,0x000000f155700000) (1024K)]
  0x00000222d7b36370 JavaThread "PatternSearchJob-worker-3"  daemon [_thread_blocked, id=20740, stack(0x000000f155800000,0x000000f155900000) (1024K)]
  0x00000222d7b37090 JavaThread "PatternSearchJob-worker-5"  daemon [_thread_blocked, id=11548, stack(0x000000f155900000,0x000000f155a00000) (1024K)]
  0x00000222d7b33c10 JavaThread "PatternSearchJob-worker-6"  daemon [_thread_blocked, id=20792, stack(0x000000f155a00000,0x000000f155b00000) (1024K)]
  0x00000222d7b342a0 JavaThread "PatternSearchJob-worker-4"  daemon [_thread_blocked, id=21708, stack(0x000000f155b00000,0x000000f155c00000) (1024K)]
  0x00000222d7b34930 JavaThread "PatternSearchJob-worker-7"  daemon [_thread_blocked, id=19268, stack(0x000000f155c00000,0x000000f155d00000) (1024K)]
Total: 41

Other Threads:
  0x00000222fcc80c50 VMThread "VM Thread"                           [id=17868, stack(0x000000f152300000,0x000000f152400000) (1024K)]
  0x00000222f528ce40 WatcherThread "VM Periodic Task Thread"        [id=14908, stack(0x000000f152200000,0x000000f152300000) (1024K)]
  0x00000222f523df70 WorkerThread "GC Thread#0"                     [id=14672, stack(0x000000f152100000,0x000000f152200000) (1024K)]
  0x00000222fedbc9f0 WorkerThread "GC Thread#1"                     [id=9596, stack(0x000000f153000000,0x000000f153100000) (1024K)]
  0x00000222fe8ea200 WorkerThread "GC Thread#2"                     [id=20272, stack(0x000000f153100000,0x000000f153200000) (1024K)]
  0x00000222fe8ea5b0 WorkerThread "GC Thread#3"                     [id=3780, stack(0x000000f153200000,0x000000f153300000) (1024K)]
  0x00000222fe8ea960 WorkerThread "GC Thread#4"                     [id=4152, stack(0x000000f153300000,0x000000f153400000) (1024K)]
  0x00000222fe8ead10 WorkerThread "GC Thread#5"                     [id=17564, stack(0x000000f153400000,0x000000f153500000) (1024K)]
  0x00000222fea86d90 WorkerThread "GC Thread#6"                     [id=13324, stack(0x000000f153500000,0x000000f153600000) (1024K)]
  0x00000222fccc55e0 WorkerThread "GC Thread#7"                     [id=18044, stack(0x000000f152f00000,0x000000f153000000) (1024K)]
Total: 10

Threads with active compile tasks:
C2 CompilerThread0  425771 9678       4       java.lang.invoke.DirectMethodHandle::make (275 bytes)
Total: 1

VM state: not at safepoint (normal execution)

VM Mutex/Monitor currently owned by a thread: None

Heap address: 0x0000000080000000, size: 2048 MB, Compressed Oops mode: 32-bit

CDS archive(s) mapped at: [0x000002228f000000-0x000002228fba0000-0x000002228fba0000), size 12189696, SharedBaseAddress: 0x000002228f000000, ArchiveRelocationMode: 1.
Compressed class space mapped at: 0x0000022290000000-0x00000222d0000000, reserved size: 1073741824
Narrow klass base: 0x000002228f000000, Narrow klass shift: 0, Narrow klass range: 0x100000000

GC Precious Log:
 CardTable entry size: 512
 CPUs: 8 total, 8 available
 Memory: 7940M
 Large Page Support: Disabled
 NUMA Support: Disabled
 Compressed Oops: Enabled (32-bit)
 Alignments: Space 512K, Generation 512K, Heap 2M
 Heap Min Capacity: 100M
 Heap Initial Capacity: 100M
 Heap Max Capacity: 2G
 Pre-touch: Disabled
 Parallel Workers: 8

Heap:
 PSYoungGen      total 12800K, used 10814K [0x00000000d5580000, 0x00000000d6a00000, 0x0000000100000000)
  eden space 10752K, 81% used [0x00000000d5580000,0x00000000d5e10d88,0x00000000d6000000)
  from space 2048K, 99% used [0x00000000d6400000,0x00000000d65feab8,0x00000000d6600000)
  to   space 4096K, 0% used [0x00000000d6000000,0x00000000d6000000,0x00000000d6400000)
 ParOldGen       total 83968K, used 83503K [0x0000000080000000, 0x0000000085200000, 0x00000000d5580000)
  object space 83968K, 99% used [0x0000000080000000,0x000000008518bed8,0x0000000085200000)
 Metaspace       used 70230K, committed 71744K, reserved 1114112K
  class space    used 8060K, committed 8704K, reserved 1048576K

Card table byte_map: [0x00000222f4bf0000,0x00000222f5000000] _byte_map_base: 0x00000222f47f0000

Marking Bits: (ParMarkBitMap*) 0x00007ffaf74344a0
 Begin Bits: [0x00000222f86e0000, 0x00000222fa6e0000)
 End Bits:   [0x00000222fa6e0000, 0x00000222fc6e0000)

Polling page: 0x00000222f3230000

Metaspace:

Usage:
  Non-class:     60.71 MB used.
      Class:      7.87 MB used.
       Both:     68.58 MB used.

Virtual space:
  Non-class space:       64.00 MB reserved,      61.56 MB ( 96%) committed,  1 nodes.
      Class space:        1.00 GB reserved,       8.50 MB ( <1%) committed,  1 nodes.
             Both:        1.06 GB reserved,      70.06 MB (  6%) committed. 

Chunk freelists:
   Non-Class:  1.64 MB
       Class:  7.34 MB
        Both:  8.98 MB

MaxMetaspaceSize: unlimited
CompressedClassSpaceSize: 1.00 GB
Initial GC threshold: 21.00 MB
Current GC threshold: 97.31 MB
CDS: on
 - commit_granule_bytes: 65536.
 - commit_granule_words: 8192.
 - virtual_space_node_default_size: 8388608.
 - enlarge_chunks_in_place: 1.
 - use_allocation_guard: 0.


Internal statistics:

num_allocs_failed_limit: 11.
num_arena_births: 1224.
num_arena_deaths: 14.
num_vsnodes_births: 2.
num_vsnodes_deaths: 0.
num_space_committed: 1121.
num_space_uncommitted: 0.
num_chunks_returned_to_freelist: 25.
num_chunks_taken_from_freelist: 4423.
num_chunk_merges: 17.
num_chunk_splits: 2760.
num_chunks_enlarged: 1594.
num_inconsistent_stats: 0.

CodeHeap 'non-profiled nmethods': size=120000Kb used=6495Kb max_used=6495Kb free=113504Kb
 bounds [0x0000022287ad0000, 0x0000022288130000, 0x000002228f000000]
CodeHeap 'profiled nmethods': size=120000Kb used=19185Kb max_used=19185Kb free=100814Kb
 bounds [0x0000022280000000, 0x00000222812c0000, 0x0000022287530000]
CodeHeap 'non-nmethods': size=5760Kb used=1440Kb max_used=1567Kb free=4319Kb
 bounds [0x0000022287530000, 0x00000222877a0000, 0x0000022287ad0000]
CodeCache: size=245760Kb, used=27120Kb, max_used=27247Kb, free=218637Kb
 total_blobs=9715, nmethods=8957, adapters=664, full_count=0
Compilation: enabled, stopped_count=0, restarted_count=0

Compilation events (20 events):
Event: 156.102 Thread 0x00000222fccc4b40 nmethod 9667 0x00000222812b7a90 code [0x00000222812b7c40, 0x00000222812b7e28]
Event: 161.206 Thread 0x00000222fccc4b40 9668       3       java.util.TaskQueue::rescheduleMin (16 bytes)
Event: 161.209 Thread 0x00000222fccc4b40 nmethod 9668 0x00000222812b7f10 code [0x00000222812b80c0, 0x00000222812b8238]
Event: 161.211 Thread 0x00000222fccc4b40 9670       3       org.eclipse.buildship.core.internal.util.progress.RateLimitingProgressMonitor$1::run (55 bytes)
Event: 161.301 Thread 0x00000222fccc4b40 nmethod 9670 0x00000222812b8390 code [0x00000222812b8760, 0x00000222812ba3d0]
Event: 224.904 Thread 0x00000222fccc4b40 9671       3       java.util.TaskQueue::fixDown (108 bytes)
Event: 224.921 Thread 0x00000222fccc4b40 nmethod 9671 0x00000222812bac10 code [0x00000222812bae00, 0x00000222812bb3e0]
Event: 307.664 Thread 0x00000222fccc4b40 9672       3       java.util.concurrent.locks.ReentrantLock$NonfairSync::tryAcquire (27 bytes)
Event: 307.684 Thread 0x00000222fccc4b40 nmethod 9672 0x00000222812bb690 code [0x00000222812bb840, 0x00000222812bba88]
Event: 347.187 Thread 0x00000222fcc9d800 9673       4       java.lang.Thread::onSpinWait (1 bytes)
Event: 347.192 Thread 0x00000222fcc9d800 nmethod 9673 0x0000022288127590 code [0x0000022288127700, 0x0000022288127768]
Event: 393.018 Thread 0x00000222fccc4b40 9674       3       java.util.concurrent.ThreadPoolExecutor::isShutdown (12 bytes)
Event: 393.090 Thread 0x00000222fccc4b40 nmethod 9674 0x00000222812bbb90 code [0x00000222812bbd40, 0x00000222812bbf20]
Event: 397.190 Thread 0x00000222fcc9d800 9675       4       java.util.TaskQueue::getMin (7 bytes)
Event: 397.683 Thread 0x00000222fcc9d800 nmethod 9675 0x0000022288127890 code [0x0000022288127a20, 0x0000022288127ae8]
Event: 398.069 Thread 0x00000222fcc9d800 9676       4       java.util.concurrent.locks.AbstractQueuedSynchronizer$ConditionObject::signal (34 bytes)
Event: 398.096 Thread 0x00000222fcc9d800 nmethod 9676 0x0000022288127b90 code [0x0000022288127d40, 0x0000022288127e80]
Event: 403.220 Thread 0x00000222fccc4b40 9677       3       java.util.concurrent.locks.AbstractQueuedSynchronizer$ConditionObject::canReacquire (38 bytes)
Event: 403.225 Thread 0x00000222fccc4b40 nmethod 9677 0x00000222812bc010 code [0x00000222812bc1e0, 0x00000222812bc528]
Event: 424.386 Thread 0x00000222fcc9d800 9678       4       java.lang.invoke.DirectMethodHandle::make (275 bytes)

GC Heap History (20 events):
Event: 45.190 GC heap before
{Heap before GC invocations=86 (full 3):
 PSYoungGen      total 13312K, used 13120K [0x00000000d5580000, 0x00000000d6500000, 0x0000000100000000)
  eden space 12800K, 100% used [0x00000000d5580000,0x00000000d6200000,0x00000000d6200000)
  from space 512K, 62% used [0x00000000d6480000,0x00000000d64d0000,0x00000000d6500000)
  to   space 512K, 0% used [0x00000000d6400000,0x00000000d6400000,0x00000000d6480000)
 ParOldGen       total 77824K, used 77642K [0x0000000080000000, 0x0000000084c00000, 0x00000000d5580000)
  object space 77824K, 99% used [0x0000000080000000,0x0000000084bd2998,0x0000000084c00000)
 Metaspace       used 64605K, committed 66048K, reserved 1114112K
  class space    used 7364K, committed 8000K, reserved 1048576K
}
Event: 45.192 GC heap after
{Heap after GC invocations=86 (full 3):
 PSYoungGen      total 13312K, used 352K [0x00000000d5580000, 0x00000000d6500000, 0x0000000100000000)
  eden space 12800K, 0% used [0x00000000d5580000,0x00000000d5580000,0x00000000d6200000)
  from space 512K, 68% used [0x00000000d6400000,0x00000000d6458000,0x00000000d6480000)
  to   space 512K, 0% used [0x00000000d6480000,0x00000000d6480000,0x00000000d6500000)
 ParOldGen       total 78336K, used 77850K [0x0000000080000000, 0x0000000084c80000, 0x00000000d5580000)
  object space 78336K, 99% used [0x0000000080000000,0x0000000084c06998,0x0000000084c80000)
 Metaspace       used 64605K, committed 66048K, reserved 1114112K
  class space    used 7364K, committed 8000K, reserved 1048576K
}
Event: 45.247 GC heap before
{Heap before GC invocations=87 (full 3):
 PSYoungGen      total 13312K, used 13152K [0x00000000d5580000, 0x00000000d6500000, 0x0000000100000000)
  eden space 12800K, 100% used [0x00000000d5580000,0x00000000d6200000,0x00000000d6200000)
  from space 512K, 68% used [0x00000000d6400000,0x00000000d6458000,0x00000000d6480000)
  to   space 512K, 0% used [0x00000000d6480000,0x00000000d6480000,0x00000000d6500000)
 ParOldGen       total 78336K, used 77850K [0x0000000080000000, 0x0000000084c80000, 0x00000000d5580000)
  object space 78336K, 99% used [0x0000000080000000,0x0000000084c06998,0x0000000084c80000)
 Metaspace       used 64610K, committed 66048K, reserved 1114112K
  class space    used 7364K, committed 8000K, reserved 1048576K
}
Event: 45.249 GC heap after
{Heap after GC invocations=87 (full 3):
 PSYoungGen      total 13312K, used 436K [0x00000000d5580000, 0x00000000d6500000, 0x0000000100000000)
  eden space 12800K, 0% used [0x00000000d5580000,0x00000000d5580000,0x00000000d6200000)
  from space 512K, 85% used [0x00000000d6480000,0x00000000d64ed200,0x00000000d6500000)
  to   space 512K, 0% used [0x00000000d6400000,0x00000000d6400000,0x00000000d6480000)
 ParOldGen       total 78336K, used 78098K [0x0000000080000000, 0x0000000084c80000, 0x00000000d5580000)
  object space 78336K, 99% used [0x0000000080000000,0x0000000084c44998,0x0000000084c80000)
 Metaspace       used 64610K, committed 66048K, reserved 1114112K
  class space    used 7364K, committed 8000K, reserved 1048576K
}
Event: 45.310 GC heap before
{Heap before GC invocations=88 (full 3):
 PSYoungGen      total 13312K, used 13236K [0x00000000d5580000, 0x00000000d6500000, 0x0000000100000000)
  eden space 12800K, 100% used [0x00000000d5580000,0x00000000d6200000,0x00000000d6200000)
  from space 512K, 85% used [0x00000000d6480000,0x00000000d64ed200,0x00000000d6500000)
  to   space 512K, 0% used [0x00000000d6400000,0x00000000d6400000,0x00000000d6480000)
 ParOldGen       total 78336K, used 78098K [0x0000000080000000, 0x0000000084c80000, 0x00000000d5580000)
  object space 78336K, 99% used [0x0000000080000000,0x0000000084c44998,0x0000000084c80000)
 Metaspace       used 64620K, committed 66112K, reserved 1114112K
  class space    used 7364K, committed 8000K, reserved 1048576K
}
Event: 45.312 GC heap after
{Heap after GC invocations=88 (full 3):
 PSYoungGen      total 13312K, used 465K [0x00000000d5580000, 0x00000000d6500000, 0x0000000100000000)
  eden space 12800K, 0% used [0x00000000d5580000,0x00000000d5580000,0x00000000d6200000)
  from space 512K, 90% used [0x00000000d6400000,0x00000000d6474400,0x00000000d6480000)
  to   space 512K, 0% used [0x00000000d6480000,0x00000000d6480000,0x00000000d6500000)
 ParOldGen       total 78848K, used 78390K [0x0000000080000000, 0x0000000084d00000, 0x00000000d5580000)
  object space 78848K, 99% used [0x0000000080000000,0x0000000084c8db98,0x0000000084d00000)
 Metaspace       used 64620K, committed 66112K, reserved 1114112K
  class space    used 7364K, committed 8000K, reserved 1048576K
}
Event: 45.398 GC heap before
{Heap before GC invocations=89 (full 3):
 PSYoungGen      total 13312K, used 13265K [0x00000000d5580000, 0x00000000d6500000, 0x0000000100000000)
  eden space 12800K, 100% used [0x00000000d5580000,0x00000000d6200000,0x00000000d6200000)
  from space 512K, 90% used [0x00000000d6400000,0x00000000d6474400,0x00000000d6480000)
  to   space 512K, 0% used [0x00000000d6480000,0x00000000d6480000,0x00000000d6500000)
 ParOldGen       total 78848K, used 78390K [0x0000000080000000, 0x0000000084d00000, 0x00000000d5580000)
  object space 78848K, 99% used [0x0000000080000000,0x0000000084c8db98,0x0000000084d00000)
 Metaspace       used 64676K, committed 66112K, reserved 1114112K
  class space    used 7368K, committed 8000K, reserved 1048576K
}
Event: 45.401 GC heap after
{Heap after GC invocations=89 (full 3):
 PSYoungGen      total 13312K, used 512K [0x00000000d5580000, 0x00000000d6500000, 0x0000000100000000)
  eden space 12800K, 0% used [0x00000000d5580000,0x00000000d5580000,0x00000000d6200000)
  from space 512K, 100% used [0x00000000d6480000,0x00000000d6500000,0x00000000d6500000)
  to   space 1024K, 0% used [0x00000000d6300000,0x00000000d6300000,0x00000000d6400000)
 ParOldGen       total 78848K, used 78631K [0x0000000080000000, 0x0000000084d00000, 0x00000000d5580000)
  object space 78848K, 99% used [0x0000000080000000,0x0000000084cc9f98,0x0000000084d00000)
 Metaspace       used 64676K, committed 66112K, reserved 1114112K
  class space    used 7368K, committed 8000K, reserved 1048576K
}
Event: 45.554 GC heap before
{Heap before GC invocations=90 (full 3):
 PSYoungGen      total 13312K, used 13312K [0x00000000d5580000, 0x00000000d6500000, 0x0000000100000000)
  eden space 12800K, 100% used [0x00000000d5580000,0x00000000d6200000,0x00000000d6200000)
  from space 512K, 100% used [0x00000000d6480000,0x00000000d6500000,0x00000000d6500000)
  to   space 1024K, 0% used [0x00000000d6300000,0x00000000d6300000,0x00000000d6400000)
 ParOldGen       total 78848K, used 78631K [0x0000000080000000, 0x0000000084d00000, 0x00000000d5580000)
  object space 78848K, 99% used [0x0000000080000000,0x0000000084cc9f98,0x0000000084d00000)
 Metaspace       used 64769K, committed 66176K, reserved 1114112K
  class space    used 7393K, committed 8000K, reserved 1048576K
}
Event: 45.556 GC heap after
{Heap after GC invocations=90 (full 3):
 PSYoungGen      total 13824K, used 769K [0x00000000d5580000, 0x00000000d6500000, 0x0000000100000000)
  eden space 12800K, 0% used [0x00000000d5580000,0x00000000d5580000,0x00000000d6200000)
  from space 1024K, 75% used [0x00000000d6300000,0x00000000d63c06f0,0x00000000d6400000)
  to   space 1024K, 0% used [0x00000000d6400000,0x00000000d6400000,0x00000000d6500000)
 ParOldGen       total 79360K, used 79001K [0x0000000080000000, 0x0000000084d80000, 0x00000000d5580000)
  object space 79360K, 99% used [0x0000000080000000,0x0000000084d266a8,0x0000000084d80000)
 Metaspace       used 64769K, committed 66176K, reserved 1114112K
  class space    used 7393K, committed 8000K, reserved 1048576K
}
Event: 45.614 GC heap before
{Heap before GC invocations=91 (full 3):
 PSYoungGen      total 13824K, used 13569K [0x00000000d5580000, 0x00000000d6500000, 0x0000000100000000)
  eden space 12800K, 100% used [0x00000000d5580000,0x00000000d6200000,0x00000000d6200000)
  from space 1024K, 75% used [0x00000000d6300000,0x00000000d63c06f0,0x00000000d6400000)
  to   space 1024K, 0% used [0x00000000d6400000,0x00000000d6400000,0x00000000d6500000)
 ParOldGen       total 79360K, used 79001K [0x0000000080000000, 0x0000000084d80000, 0x00000000d5580000)
  object space 79360K, 99% used [0x0000000080000000,0x0000000084d266a8,0x0000000084d80000)
 Metaspace       used 64976K, committed 66496K, reserved 1114112K
  class space    used 7421K, committed 8064K, reserved 1048576K
}
Event: 45.616 GC heap after
{Heap after GC invocations=91 (full 3):
 PSYoungGen      total 13824K, used 1017K [0x00000000d5580000, 0x00000000d6500000, 0x0000000100000000)
  eden space 12800K, 0% used [0x00000000d5580000,0x00000000d5580000,0x00000000d6200000)
  from space 1024K, 99% used [0x00000000d6400000,0x00000000d64fe710,0x00000000d6500000)
  to   space 1536K, 0% used [0x00000000d6200000,0x00000000d6200000,0x00000000d6380000)
 ParOldGen       total 79872K, used 79604K [0x0000000080000000, 0x0000000084e00000, 0x00000000d5580000)
  object space 79872K, 99% used [0x0000000080000000,0x0000000084dbd318,0x0000000084e00000)
 Metaspace       used 64976K, committed 66496K, reserved 1114112K
  class space    used 7421K, committed 8064K, reserved 1048576K
}
Event: 45.789 GC heap before
{Heap before GC invocations=92 (full 3):
 PSYoungGen      total 13824K, used 13817K [0x00000000d5580000, 0x00000000d6500000, 0x0000000100000000)
  eden space 12800K, 100% used [0x00000000d5580000,0x00000000d6200000,0x00000000d6200000)
  from space 1024K, 99% used [0x00000000d6400000,0x00000000d64fe710,0x00000000d6500000)
  to   space 1536K, 0% used [0x00000000d6200000,0x00000000d6200000,0x00000000d6380000)
 ParOldGen       total 79872K, used 79604K [0x0000000080000000, 0x0000000084e00000, 0x00000000d5580000)
  object space 79872K, 99% used [0x0000000080000000,0x0000000084dbd318,0x0000000084e00000)
 Metaspace       used 66324K, committed 67776K, reserved 1114112K
  class space    used 7582K, committed 8192K, reserved 1048576K
}
Event: 45.794 GC heap after
{Heap after GC invocations=92 (full 3):
 PSYoungGen      total 14336K, used 960K [0x00000000d5580000, 0x00000000d6480000, 0x0000000100000000)
  eden space 12800K, 0% used [0x00000000d5580000,0x00000000d5580000,0x00000000d6200000)
  from space 1536K, 62% used [0x00000000d6200000,0x00000000d62f0270,0x00000000d6380000)
  to   space 1024K, 0% used [0x00000000d6380000,0x00000000d6380000,0x00000000d6480000)
 ParOldGen       total 80896K, used 80494K [0x0000000080000000, 0x0000000084f00000, 0x00000000d5580000)
  object space 80896K, 99% used [0x0000000080000000,0x0000000084e9bac0,0x0000000084f00000)
 Metaspace       used 66324K, committed 67776K, reserved 1114112K
  class space    used 7582K, committed 8192K, reserved 1048576K
}
Event: 46.356 GC heap before
{Heap before GC invocations=93 (full 3):
 PSYoungGen      total 14336K, used 13760K [0x00000000d5580000, 0x00000000d6480000, 0x0000000100000000)
  eden space 12800K, 100% used [0x00000000d5580000,0x00000000d6200000,0x00000000d6200000)
  from space 1536K, 62% used [0x00000000d6200000,0x00000000d62f0270,0x00000000d6380000)
  to   space 1024K, 0% used [0x00000000d6380000,0x00000000d6380000,0x00000000d6480000)
 ParOldGen       total 80896K, used 80494K [0x0000000080000000, 0x0000000084f00000, 0x00000000d5580000)
  object space 80896K, 99% used [0x0000000080000000,0x0000000084e9bac0,0x0000000084f00000)
 Metaspace       used 67475K, committed 68992K, reserved 1114112K
  class space    used 7755K, committed 8384K, reserved 1048576K
}
Event: 46.360 GC heap after
{Heap after GC invocations=93 (full 3):
 PSYoungGen      total 13824K, used 782K [0x00000000d5580000, 0x00000000d6480000, 0x0000000100000000)
  eden space 12800K, 0% used [0x00000000d5580000,0x00000000d5580000,0x00000000d6200000)
  from space 1024K, 76% used [0x00000000d6380000,0x00000000d6443b00,0x00000000d6480000)
  to   space 1024K, 0% used [0x00000000d6280000,0x00000000d6280000,0x00000000d6380000)
 ParOldGen       total 81408K, used 81202K [0x0000000080000000, 0x0000000084f80000, 0x00000000d5580000)
  object space 81408K, 99% used [0x0000000080000000,0x0000000084f4c910,0x0000000084f80000)
 Metaspace       used 67475K, committed 68992K, reserved 1114112K
  class space    used 7755K, committed 8384K, reserved 1048576K
}
Event: 48.375 GC heap before
{Heap before GC invocations=94 (full 3):
 PSYoungGen      total 13824K, used 13582K [0x00000000d5580000, 0x00000000d6480000, 0x0000000100000000)
  eden space 12800K, 100% used [0x00000000d5580000,0x00000000d6200000,0x00000000d6200000)
  from space 1024K, 76% used [0x00000000d6380000,0x00000000d6443b00,0x00000000d6480000)
  to   space 1024K, 0% used [0x00000000d6280000,0x00000000d6280000,0x00000000d6380000)
 ParOldGen       total 81408K, used 81202K [0x0000000080000000, 0x0000000084f80000, 0x00000000d5580000)
  object space 81408K, 99% used [0x0000000080000000,0x0000000084f4c910,0x0000000084f80000)
 Metaspace       used 69115K, committed 70528K, reserved 1114112K
  class space    used 7952K, committed 8576K, reserved 1048576K
}
Event: 48.379 GC heap after
{Heap after GC invocations=94 (full 3):
 PSYoungGen      total 13824K, used 1009K [0x00000000d5580000, 0x00000000d6600000, 0x0000000100000000)
  eden space 12800K, 0% used [0x00000000d5580000,0x00000000d5580000,0x00000000d6200000)
  from space 1024K, 98% used [0x00000000d6280000,0x00000000d637c7a8,0x00000000d6380000)
  to   space 2048K, 0% used [0x00000000d6400000,0x00000000d6400000,0x00000000d6600000)
 ParOldGen       total 82432K, used 81924K [0x0000000080000000, 0x0000000085080000, 0x00000000d5580000)
  object space 82432K, 99% used [0x0000000080000000,0x0000000085001220,0x0000000085080000)
 Metaspace       used 69115K, committed 70528K, reserved 1114112K
  class space    used 7952K, committed 8576K, reserved 1048576K
}
Event: 49.961 GC heap before
{Heap before GC invocations=95 (full 3):
 PSYoungGen      total 13824K, used 13805K [0x00000000d5580000, 0x00000000d6600000, 0x0000000100000000)
  eden space 12800K, 99% used [0x00000000d5580000,0x00000000d61fed38,0x00000000d6200000)
  from space 1024K, 98% used [0x00000000d6280000,0x00000000d637c7a8,0x00000000d6380000)
  to   space 2048K, 0% used [0x00000000d6400000,0x00000000d6400000,0x00000000d6600000)
 ParOldGen       total 82432K, used 81924K [0x0000000080000000, 0x0000000085080000, 0x00000000d5580000)
  object space 82432K, 99% used [0x0000000080000000,0x0000000085001220,0x0000000085080000)
 Metaspace       used 69605K, committed 71040K, reserved 1114112K
  class space    used 7996K, committed 8640K, reserved 1048576K
}
Event: 49.966 GC heap after
{Heap after GC invocations=95 (full 3):
 PSYoungGen      total 12800K, used 2042K [0x00000000d5580000, 0x00000000d6a00000, 0x0000000100000000)
  eden space 10752K, 0% used [0x00000000d5580000,0x00000000d5580000,0x00000000d6000000)
  from space 2048K, 99% used [0x00000000d6400000,0x00000000d65feab8,0x00000000d6600000)
  to   space 4096K, 0% used [0x00000000d6000000,0x00000000d6000000,0x00000000d6400000)
 ParOldGen       total 83968K, used 83503K [0x0000000080000000, 0x0000000085200000, 0x00000000d5580000)
  object space 83968K, 99% used [0x0000000080000000,0x000000008518bed8,0x0000000085200000)
 Metaspace       used 69605K, committed 71040K, reserved 1114112K
  class space    used 7996K, committed 8640K, reserved 1048576K
}

Dll operation events (20 events):
Event: 0.356 Attempting to load shared library C:\Users\x380\.vscode\extensions\redhat.java-1.56.0-win32-x64\jre\21.0.12.1-win32-x86_64\bin\zip.dll
Event: 0.356 Loaded shared library C:\Users\x380\.vscode\extensions\redhat.java-1.56.0-win32-x64\jre\21.0.12.1-win32-x86_64\bin\zip.dll
Event: 0.426 Attempting to load shared library C:\Users\x380\.vscode\extensions\redhat.java-1.56.0-win32-x64\jre\21.0.12.1-win32-x86_64\bin\jimage.dll
Event: 0.426 Loaded shared library C:\Users\x380\.vscode\extensions\redhat.java-1.56.0-win32-x64\jre\21.0.12.1-win32-x86_64\bin\jimage.dll
Event: 0.817 Attempting to load shared library c:\Users\x380\.vscode\extensions\redhat.java-1.56.0-win32-x64\jre\21.0.12.1-win32-x86_64\bin\verify.dll
Event: 0.817 Loaded shared library c:\Users\x380\.vscode\extensions\redhat.java-1.56.0-win32-x64\jre\21.0.12.1-win32-x86_64\bin\verify.dll
Event: 10.095 Attempting to load shared library C:\Users\x380\AppData\Roaming\Code\User\globalStorage\redhat.java\1.56.0\config_win\org.eclipse.equinox.launcher\org.eclipse.equinox.launcher.win32.win32.x86_64_1.3.100.v20260804-1928\eclipse_11924.dll
Event: 10.272 Loaded shared library C:\Users\x380\AppData\Roaming\Code\User\globalStorage\redhat.java\1.56.0\config_win\org.eclipse.equinox.launcher\org.eclipse.equinox.launcher.win32.win32.x86_64_1.3.100.v20260804-1928\eclipse_11924.dll
Event: 22.714 Attempting to load shared library C:\Users\x380\AppData\Local\Temp\jna-3625715\jna6877266815438078719.dll
Event: 22.852 Loaded shared library C:\Users\x380\AppData\Local\Temp\jna-3625715\jna6877266815438078719.dll
Event: 34.742 Attempting to load shared library C:\Users\x380\.gradle\native\660c5614fbf4a5f2a75b1949f50a0caf5cd603558e7d8a26e50b933a0cfb79d1\windows-amd64\native-platform.dll
Event: 34.743 Loaded shared library C:\Users\x380\.gradle\native\660c5614fbf4a5f2a75b1949f50a0caf5cd603558e7d8a26e50b933a0cfb79d1\windows-amd64\native-platform.dll
Event: 35.983 Attempting to load shared library C:\Users\x380\.vscode\extensions\redhat.java-1.56.0-win32-x64\jre\21.0.12.1-win32-x86_64\bin\management.dll
Event: 35.984 Loaded shared library C:\Users\x380\.vscode\extensions\redhat.java-1.56.0-win32-x64\jre\21.0.12.1-win32-x86_64\bin\management.dll
Event: 35.993 Attempting to load shared library C:\Users\x380\.vscode\extensions\redhat.java-1.56.0-win32-x64\jre\21.0.12.1-win32-x86_64\bin\management_ext.dll
Event: 35.993 Loaded shared library C:\Users\x380\.vscode\extensions\redhat.java-1.56.0-win32-x64\jre\21.0.12.1-win32-x86_64\bin\management_ext.dll
Event: 45.632 Attempting to load shared library C:\Users\x380\.vscode\extensions\redhat.java-1.56.0-win32-x64\jre\21.0.12.1-win32-x86_64\bin\extnet.dll
Event: 45.633 Loaded shared library C:\Users\x380\.vscode\extensions\redhat.java-1.56.0-win32-x64\jre\21.0.12.1-win32-x86_64\bin\extnet.dll
Event: 46.681 Attempting to load shared library C:\Users\x380\.vscode\extensions\redhat.java-1.56.0-win32-x64\jre\21.0.12.1-win32-x86_64\bin\sunmscapi.dll
Event: 46.684 Loaded shared library C:\Users\x380\.vscode\extensions\redhat.java-1.56.0-win32-x64\jre\21.0.12.1-win32-x86_64\bin\sunmscapi.dll

Deoptimization events (20 events):
Event: 50.086 Thread 0x00000222d7b3a510 Uncommon trap: trap_request=0xffffffde fr.pc=0x0000022287df7d70 relative=0x0000000000000770
Event: 50.086 Thread 0x00000222d7b3a510 Uncommon trap: reason=class_check action=maybe_recompile pc=0x0000022287df7d70 method=java.lang.ClassLoader.getPackage(Ljava/lang/String;)Ljava/lang/Package; @ 22 c2
Event: 50.086 Thread 0x00000222d7b3a510 DEOPT PACKING pc=0x0000022287df7d70 sp=0x000000f153ffd630
Event: 50.086 Thread 0x00000222d7b3a510 DEOPT UNPACKING pc=0x0000022287583aa2 sp=0x000000f153ffd5f0 mode 2
Event: 50.086 Thread 0x00000222d7b3a510 Uncommon trap: trap_request=0xffffffde fr.pc=0x0000022287df7d70 relative=0x0000000000000770
Event: 50.086 Thread 0x00000222d7b3a510 Uncommon trap: reason=class_check action=maybe_recompile pc=0x0000022287df7d70 method=java.lang.ClassLoader.getPackage(Ljava/lang/String;)Ljava/lang/Package; @ 22 c2
Event: 50.086 Thread 0x00000222d7b3a510 DEOPT PACKING pc=0x0000022287df7d70 sp=0x000000f153ffd550
Event: 50.087 Thread 0x00000222d7b3a510 DEOPT UNPACKING pc=0x0000022287583aa2 sp=0x000000f153ffd510 mode 2
Event: 50.087 Thread 0x00000222d7b3a510 Uncommon trap: trap_request=0xffffffde fr.pc=0x0000022287df7d70 relative=0x0000000000000770
Event: 50.087 Thread 0x00000222d7b3a510 Uncommon trap: reason=class_check action=maybe_recompile pc=0x0000022287df7d70 method=java.lang.ClassLoader.getPackage(Ljava/lang/String;)Ljava/lang/Package; @ 22 c2
Event: 50.087 Thread 0x00000222d7b3a510 DEOPT PACKING pc=0x0000022287df7d70 sp=0x000000f153ffd470
Event: 50.087 Thread 0x00000222d7b3a510 DEOPT UNPACKING pc=0x0000022287583aa2 sp=0x000000f153ffd430 mode 2
Event: 50.087 Thread 0x00000222d7b3a510 Uncommon trap: trap_request=0xffffffde fr.pc=0x0000022287df7d70 relative=0x0000000000000770
Event: 50.087 Thread 0x00000222d7b3a510 Uncommon trap: reason=class_check action=maybe_recompile pc=0x0000022287df7d70 method=java.lang.ClassLoader.getPackage(Ljava/lang/String;)Ljava/lang/Package; @ 22 c2
Event: 50.087 Thread 0x00000222d7b3a510 DEOPT PACKING pc=0x0000022287df7d70 sp=0x000000f153ffd390
Event: 50.087 Thread 0x00000222d7b3a510 DEOPT UNPACKING pc=0x0000022287583aa2 sp=0x000000f153ffd350 mode 2
Event: 50.213 Thread 0x00000222d7b3a510 DEOPT PACKING pc=0x0000022280c00286 sp=0x000000f153ffd270
Event: 50.213 Thread 0x00000222d7b3a510 DEOPT UNPACKING pc=0x0000022287584242 sp=0x000000f153ffc7c8 mode 0
Event: 50.215 Thread 0x00000222d7b3a510 DEOPT PACKING pc=0x000002228125ac66 sp=0x000000f153ffd4e0
Event: 50.215 Thread 0x00000222d7b3a510 DEOPT UNPACKING pc=0x0000022287584242 sp=0x000000f153ffc9a0 mode 0

Classes loaded (20 events):
Event: 49.355 Loading class java/io/ObjectStreamClass$4
Event: 49.355 Loading class java/io/ObjectStreamClass$4 done
Event: 49.355 Loading class java/io/ObjectStreamClass$5
Event: 49.355 Loading class java/io/ObjectStreamClass$5 done
Event: 49.394 Loading class java/net/Proxy
Event: 49.394 Loading class java/net/Proxy done
Event: 49.559 Loading class java/io/ObjectStreamClass$ExceptionInfo
Event: 49.559 Loading class java/io/ObjectStreamClass$ExceptionInfo done
Event: 50.301 Loading class sun/reflect/generics/tree/IntSignature
Event: 50.301 Loading class sun/reflect/generics/tree/IntSignature done
Event: 50.355 Loading class java/util/stream/ReduceOps$5
Event: 50.355 Loading class java/util/stream/ReduceOps$5 done
Event: 50.355 Loading class java/util/stream/ReduceOps$CountingSink$OfRef
Event: 50.356 Loading class java/util/stream/ReduceOps$CountingSink
Event: 50.356 Loading class java/util/stream/ReduceOps$CountingSink done
Event: 50.356 Loading class java/util/stream/ReduceOps$CountingSink$OfRef done
Event: 50.788 Loading class java/util/stream/ReduceOps$1
Event: 50.788 Loading class java/util/stream/ReduceOps$1 done
Event: 50.788 Loading class java/util/stream/ReduceOps$1ReducingSink
Event: 50.788 Loading class java/util/stream/ReduceOps$1ReducingSink done

Classes unloaded (7 events):
Event: 24.049 Thread 0x00000222fcc80c50 Unloading class 0x00000222901a8c00 'java/lang/invoke/LambdaForm$MH+0x00000222901a8c00'
Event: 24.049 Thread 0x00000222fcc80c50 Unloading class 0x00000222901a8800 'java/lang/invoke/LambdaForm$MH+0x00000222901a8800'
Event: 24.049 Thread 0x00000222fcc80c50 Unloading class 0x00000222901a8400 'java/lang/invoke/LambdaForm$MH+0x00000222901a8400'
Event: 24.049 Thread 0x00000222fcc80c50 Unloading class 0x00000222901a8000 'java/lang/invoke/LambdaForm$MH+0x00000222901a8000'
Event: 24.049 Thread 0x00000222fcc80c50 Unloading class 0x00000222901a7c00 'java/lang/invoke/LambdaForm$BMH+0x00000222901a7c00'
Event: 24.049 Thread 0x00000222fcc80c50 Unloading class 0x00000222901a7800 'java/lang/invoke/LambdaForm$DMH+0x00000222901a7800'
Event: 24.049 Thread 0x00000222fcc80c50 Unloading class 0x00000222901a6400 'java/lang/invoke/LambdaForm$DMH+0x00000222901a6400'

Classes redefined (0 events):
No events

Internal exceptions (20 events):
Event: 46.202 Thread 0x00000222d7b37720 Exception <a 'java/lang/NoSuchMethodError'{0x00000000d5f77458}: 'long java.lang.invoke.DirectMethodHandle$Holder.invokeVirtual(java.lang.Object, java.lang.Object)'> (0x00000000d5f77458) 
thrown [s\src\hotspot\share\interpreter\linkResolver.cpp, line 773]
Event: 46.202 Thread 0x00000222d7b37720 Exception <a 'java/lang/NoSuchMethodError'{0x00000000d5f7a858}: 'long java.lang.invoke.DelegatingMethodHandle$Holder.reinvoke_L(java.lang.Object, java.lang.Object)'> (0x00000000d5f7a858) 
thrown [s\src\hotspot\share\interpreter\linkResolver.cpp, line 773]
Event: 48.436 Thread 0x00000222fe6e1590 Exception <a 'java/io/FileNotFoundException'{0x00000000d55f6830}> (0x00000000d55f6830) 
thrown [s\src\hotspot\share\prims\jni.cpp, line 520]
Event: 48.437 Thread 0x00000222fe6e1590 Exception <a 'java/io/FileNotFoundException'{0x00000000d55f7870}> (0x00000000d55f7870) 
thrown [s\src\hotspot\share\prims\jni.cpp, line 520]
Event: 48.437 Thread 0x00000222fe6e1590 Exception <a 'java/io/FileNotFoundException'{0x00000000d55f8608}> (0x00000000d55f8608) 
thrown [s\src\hotspot\share\prims\jni.cpp, line 520]
Event: 49.355 Thread 0x00000222d7b3a510 Exception <a 'java/lang/NoSuchMethodError'{0x00000000d5ae6178}: static Lorg/gradle/tooling/internal/provider/serialization/ClassLoaderDetails;.<clinit>()V> (0x00000000d5ae6178) 
thrown [s\src\hotspot\share\prims\jni.cpp, line 1111]
Event: 49.360 Thread 0x00000222d7b3a510 Exception <a 'java/lang/NoSuchMethodError'{0x00000000d5b0dc28}: static Lorg/gradle/internal/classloader/ClassLoaderSpec;.<clinit>()V> (0x00000000d5b0dc28) 
thrown [s\src\hotspot\share\prims\jni.cpp, line 1111]
Event: 49.362 Thread 0x00000222d7b3a510 Exception <a 'java/lang/NoSuchMethodError'{0x00000000d5b1d870}: static Lorg/gradle/tooling/internal/provider/serialization/WellKnownClassLoaderRegistry$KnownClassLoaderSpec;.<clinit>()V> (0x00000000d5b1d870) 
thrown [s\src\hotspot\share\prims\jni.cpp, line 1111]
Event: 49.367 Thread 0x00000222d7b3a510 Exception <a 'java/lang/NoSuchMethodError'{0x00000000d5b451b0}: static Lorg/gradle/internal/classloader/ClassLoaderSpec;.<clinit>()V> (0x00000000d5b451b0) 
thrown [s\src\hotspot\share\prims\jni.cpp, line 1111]
Event: 49.390 Thread 0x00000222d7b3a510 Exception <a 'java/lang/NoSuchMethodError'{0x00000000d5b5e6c0}: static Lorg/gradle/internal/classloader/VisitableURLClassLoader$Spec;.<clinit>()V> (0x00000000d5b5e6c0) 
thrown [s\src\hotspot\share\prims\jni.cpp, line 1111]
Event: 50.104 Thread 0x00000222d7b3a510 Exception <a 'java/lang/NoSuchMethodError'{0x00000000d59d6e10}: static Lorg/gradle/plugins/ide/internal/tooling/model/DefaultGradleProject;.<clinit>()V> (0x00000000d59d6e10) 
thrown [s\src\hotspot\share\prims\jni.cpp, line 1111]
Event: 50.111 Thread 0x00000222d7b3a510 Exception <a 'java/lang/NoSuchMethodError'{0x00000000d5a12ca0}: static Lorg/gradle/plugins/ide/internal/tooling/model/DefaultGradleScript;.<clinit>()V> (0x00000000d5a12ca0) 
thrown [s\src\hotspot\share\prims\jni.cpp, line 1111]
Event: 50.116 Thread 0x00000222d7b3a510 Exception <a 'java/lang/NoSuchMethodError'{0x00000000d5a2f310}: static [Ljava/lang/Object;.<clinit>()V> (0x00000000d5a2f310) 
thrown [s\src\hotspot\share\prims\jni.cpp, line 1111]
Event: 50.179 Thread 0x00000222d7b3a510 Exception <a 'java/lang/NoSuchMethodError'{0x00000000d5b38148}: static Lorg/gradle/tooling/internal/gradle/DefaultProjectIdentifier;.<clinit>()V> (0x00000000d5b38148) 
thrown [s\src\hotspot\share\prims\jni.cpp, line 1111]
Event: 50.201 Thread 0x00000222d7b3a510 Exception <a 'java/lang/NoSuchMethodError'{0x00000000d5b46ae8}: static Lorg/gradle/tooling/internal/gradle/DefaultBuildIdentifier;.<clinit>()V> (0x00000000d5b46ae8) 
thrown [s\src\hotspot\share\prims\jni.cpp, line 1111]
Event: 50.213 Thread 0x00000222d7b3a510 Exception <a 'java/lang/NoSuchMethodError'{0x00000000d5b85e98}: static Lorg/gradle/plugins/ide/internal/tooling/model/LaunchableGradleTask;.<clinit>()V> (0x00000000d5b85e98) 
thrown [s\src\hotspot\share\prims\jni.cpp, line 1111]
Event: 50.213 Thread 0x00000222d7b3a510 Exception <a 'java/lang/NoSuchMethodError'{0x00000000d5b8bd78}: static Lorg/gradle/plugins/ide/internal/tooling/model/LaunchableGradleProjectTask;.<clinit>()V> (0x00000000d5b8bd78) 
thrown [s\src\hotspot\share\prims\jni.cpp, line 1111]
Event: 50.358 Thread 0x00000222fe6e0870 Exception <a 'sun/nio/fs/WindowsException'{0x00000000d5d4abd0}> (0x00000000d5d4abd0) 
thrown [s\src\hotspot\share\prims\jni.cpp, line 520]
Event: 50.358 Thread 0x00000222fe6e0870 Exception <a 'sun/nio/fs/WindowsException'{0x00000000d5d4b230}> (0x00000000d5d4b230) 
thrown [s\src\hotspot\share\prims\jni.cpp, line 520]
Event: 424.492 Thread 0x00000222d444d640 Exception <a 'java/lang/IncompatibleClassChangeError'{0x00000000d5e0e580}: Found class java.lang.Object, but interface was expected> (0x00000000d5e0e580) 
thrown [s\src\hotspot\share\interpreter\linkResolver.cpp, line 840]

ZGC Phase Switch (0 events):
No events

VM Operations (20 events):
Event: 60.121 Executing non-safepoint VM operation: HandshakeAllThreads (HandshakeForDeflation)
Event: 60.121 Executing non-safepoint VM operation: HandshakeAllThreads (HandshakeForDeflation) done
Event: 60.122 Executing non-safepoint VM operation: RendezvousGCThreads
Event: 60.122 Executing non-safepoint VM operation: RendezvousGCThreads done
Event: 120.734 Executing non-safepoint VM operation: HandshakeAllThreads (HandshakeForDeflation)
Event: 120.746 Executing non-safepoint VM operation: HandshakeAllThreads (HandshakeForDeflation) done
Event: 120.749 Executing non-safepoint VM operation: RendezvousGCThreads
Event: 120.749 Executing non-safepoint VM operation: RendezvousGCThreads done
Event: 164.776 Executing safepoint VM operation: Cleanup
Event: 164.777 Executing safepoint VM operation: Cleanup done
Event: 186.788 Executing safepoint VM operation: Cleanup
Event: 186.788 Executing safepoint VM operation: Cleanup done
Event: 312.033 Executing safepoint VM operation: Cleanup
Event: 312.034 Executing safepoint VM operation: Cleanup done
Event: 324.040 Executing safepoint VM operation: Cleanup
Event: 324.322 Executing safepoint VM operation: Cleanup done
Event: 361.675 Executing non-safepoint VM operation: HandshakeAllThreads (HandshakeForDeflation)
Event: 361.676 Executing non-safepoint VM operation: HandshakeAllThreads (HandshakeForDeflation) done
Event: 361.676 Executing non-safepoint VM operation: RendezvousGCThreads
Event: 361.676 Executing non-safepoint VM operation: RendezvousGCThreads done

Memory protections (0 events):
No events

Nmethod flushes (20 events):
Event: 38.270 Thread 0x00000222fcc80c50 flushing  nmethod 0x00000222808a0810
Event: 38.270 Thread 0x00000222fcc80c50 flushing  nmethod 0x00000222808cef10
Event: 38.270 Thread 0x00000222fcc80c50 flushing  nmethod 0x00000222808cf390
Event: 38.270 Thread 0x00000222fcc80c50 flushing  nmethod 0x00000222808cf910
Event: 38.270 Thread 0x00000222fcc80c50 flushing  nmethod 0x00000222808d0b10
Event: 38.270 Thread 0x00000222fcc80c50 flushing  nmethod 0x00000222808d1090
Event: 38.270 Thread 0x00000222fcc80c50 flushing  nmethod 0x00000222808d1690
Event: 38.270 Thread 0x00000222fcc80c50 flushing  nmethod 0x00000222808d2290
Event: 38.270 Thread 0x00000222fcc80c50 flushing  nmethod 0x00000222808d2990
Event: 38.270 Thread 0x00000222fcc80c50 flushing  nmethod 0x00000222808d5b10
Event: 38.270 Thread 0x00000222fcc80c50 flushing  nmethod 0x00000222808d6310
Event: 38.270 Thread 0x00000222fcc80c50 flushing  nmethod 0x00000222808d6c10
Event: 38.270 Thread 0x00000222fcc80c50 flushing  nmethod 0x00000222808d7990
Event: 38.270 Thread 0x00000222fcc80c50 flushing  nmethod 0x00000222808d9110
Event: 38.270 Thread 0x00000222fcc80c50 flushing  nmethod 0x00000222808d9910
Event: 38.270 Thread 0x00000222fcc80c50 flushing  nmethod 0x00000222808dd790
Event: 38.270 Thread 0x00000222fcc80c50 flushing  nmethod 0x00000222808e9790
Event: 38.270 Thread 0x00000222fcc80c50 flushing  nmethod 0x00000222808f6190
Event: 38.270 Thread 0x00000222fcc80c50 flushing  nmethod 0x00000222808f6690
Event: 38.270 Thread 0x00000222fcc80c50 flushing  nmethod 0x00000222808f6c10

Events (20 events):
Event: 45.701 Thread 0x00000222e0bba040 Thread exited: 0x00000222e0bba040
Event: 46.191 Thread 0x00000222fccc4b40 Thread added: 0x00000222e0bba040
Event: 46.254 Thread 0x00000222d7b37720 Thread added: 0x00000222d7b3a510
Event: 46.789 Thread 0x00000222e0bba040 Thread exited: 0x00000222e0bba040
Event: 48.593 Thread 0x00000222d7b3a510 Thread exited: 0x00000222d7b3a510
Event: 48.602 Thread 0x00000222d7b37720 Thread exited: 0x00000222d7b37720
Event: 48.616 Thread 0x00000222fe6e0870 Thread added: 0x00000222d7b3a510
Event: 48.672 Thread 0x00000222fccc4b40 Thread added: 0x00000222d719d310
Event: 48.674 Thread 0x00000222fccc4b40 Thread added: 0x00000222d76c2560
Event: 48.954 Thread 0x00000222d76c2560 Thread exited: 0x00000222d76c2560
Event: 49.232 Thread 0x00000222d719d310 Thread exited: 0x00000222d719d310
Event: 50.214 Thread 0x00000222fccc4b40 Thread added: 0x00000222e1045cd0
Event: 50.307 Thread 0x00000222d7b3a510 Thread exited: 0x00000222d7b3a510
Event: 50.801 Thread 0x00000222e1045cd0 Thread exited: 0x00000222e1045cd0
Event: 103.718 Thread 0x00000222d6fee0c0 Thread exited: 0x00000222d6fee0c0
Event: 103.811 Thread 0x00000222fe6e0f00 Thread exited: 0x00000222fe6e0f00
Event: 103.817 Thread 0x00000222fe6e22b0 Thread exited: 0x00000222fe6e22b0
Event: 103.988 Thread 0x00000222fe6e2fd0 Thread exited: 0x00000222fe6e2fd0
Event: 104.211 Thread 0x00000222fe6e2940 Thread exited: 0x00000222fe6e2940
Event: 347.153 Thread 0x00000222d7b32ef0 Thread exited: 0x00000222d7b32ef0


Dynamic libraries:
0x00007ff7a7960000 - 0x00007ff7a796e000 	c:\Users\x380\.vscode\extensions\redhat.java-1.56.0-win32-x64\jre\21.0.12.1-win32-x86_64\bin\java.exe
0x00007ffb8a5f0000 - 0x00007ffb8a7e8000 	C:\Windows\SYSTEM32\ntdll.dll
0x00007ffb89880000 - 0x00007ffb89942000 	C:\Windows\System32\KERNEL32.DLL
0x00007ffb88290000 - 0x00007ffb88586000 	C:\Windows\System32\KERNELBASE.dll
0x00007ffb88070000 - 0x00007ffb88170000 	C:\Windows\System32\ucrtbase.dll
0x00007ffb59280000 - 0x00007ffb59298000 	c:\Users\x380\.vscode\extensions\redhat.java-1.56.0-win32-x64\jre\21.0.12.1-win32-x86_64\bin\jli.dll
0x00007ffb8a400000 - 0x00007ffb8a5a1000 	C:\Windows\System32\USER32.dll
0x00007ffb87de0000 - 0x00007ffb87e02000 	C:\Windows\System32\win32u.dll
0x00007ffb89d30000 - 0x00007ffb89d5b000 	C:\Windows\System32\GDI32.dll
0x00007ffb88170000 - 0x00007ffb88289000 	C:\Windows\System32\gdi32full.dll
0x00007ffb87c80000 - 0x00007ffb87d1d000 	C:\Windows\System32\msvcp_win.dll
0x00007ffb53b80000 - 0x00007ffb53b9e000 	c:\Users\x380\.vscode\extensions\redhat.java-1.56.0-win32-x64\jre\21.0.12.1-win32-x86_64\bin\VCRUNTIME140.dll
0x00007ffb755d0000 - 0x00007ffb7586b000 	C:\Windows\WinSxS\amd64_microsoft.windows.common-controls_6595b64144ccf1df_6.0.19041.6456_none_60b8a6cb71f64256\COMCTL32.dll
0x00007ffb8a0e0000 - 0x00007ffb8a17e000 	C:\Windows\System32\msvcrt.dll
0x00007ffb89c20000 - 0x00007ffb89c4f000 	C:\Windows\System32\IMM32.DLL
0x00007ffb72750000 - 0x00007ffb7275c000 	c:\Users\x380\.vscode\extensions\redhat.java-1.56.0-win32-x64\jre\21.0.12.1-win32-x86_64\bin\vcruntime140_1.dll
0x00007ffb43470000 - 0x00007ffb434fd000 	c:\Users\x380\.vscode\extensions\redhat.java-1.56.0-win32-x64\jre\21.0.12.1-win32-x86_64\bin\msvcp140.dll
0x00007ffaf6770000 - 0x00007ffaf7512000 	c:\Users\x380\.vscode\extensions\redhat.java-1.56.0-win32-x64\jre\21.0.12.1-win32-x86_64\bin\server\jvm.dll
0x00007ffb88620000 - 0x00007ffb886d1000 	C:\Windows\System32\ADVAPI32.dll
0x00007ffb88d50000 - 0x00007ffb88def000 	C:\Windows\System32\sechost.dll
0x00007ffb8a180000 - 0x00007ffb8a2a0000 	C:\Windows\System32\RPCRT4.dll
0x00007ffb87db0000 - 0x00007ffb87dd7000 	C:\Windows\System32\bcrypt.dll
0x00007ffb89c60000 - 0x00007ffb89ccb000 	C:\Windows\System32\WS2_32.dll
0x00007ffb87ae0000 - 0x00007ffb87b2b000 	C:\Windows\SYSTEM32\POWRPROF.dll
0x00007ffb75870000 - 0x00007ffb75897000 	C:\Windows\SYSTEM32\WINMM.dll
0x00007ffb80ef0000 - 0x00007ffb80efa000 	C:\Windows\SYSTEM32\VERSION.dll
0x00007ffb87ac0000 - 0x00007ffb87ad2000 	C:\Windows\SYSTEM32\UMPDC.dll
0x00007ffb864a0000 - 0x00007ffb864b2000 	C:\Windows\SYSTEM32\kernel.appcore.dll
0x00007ffb72380000 - 0x00007ffb7238a000 	c:\Users\x380\.vscode\extensions\redhat.java-1.56.0-win32-x64\jre\21.0.12.1-win32-x86_64\bin\jimage.dll
0x00007ffb85840000 - 0x00007ffb85a41000 	C:\Windows\SYSTEM32\DBGHELP.DLL
0x00007ffb6e3a0000 - 0x00007ffb6e3d4000 	C:\Windows\SYSTEM32\dbgcore.DLL
0x00007ffb87d20000 - 0x00007ffb87da2000 	C:\Windows\System32\bcryptPrimitives.dll
0x00007ffb61570000 - 0x00007ffb6157f000 	c:\Users\x380\.vscode\extensions\redhat.java-1.56.0-win32-x64\jre\21.0.12.1-win32-x86_64\bin\instrument.dll
0x00007ffb4c4f0000 - 0x00007ffb4c510000 	c:\Users\x380\.vscode\extensions\redhat.java-1.56.0-win32-x64\jre\21.0.12.1-win32-x86_64\bin\java.dll
0x00007ffb890b0000 - 0x00007ffb89820000 	C:\Windows\System32\SHELL32.dll
0x00007ffb85a80000 - 0x00007ffb86225000 	C:\Windows\SYSTEM32\windows.storage.dll
0x00007ffb89d60000 - 0x00007ffb8a0b4000 	C:\Windows\System32\combase.dll
0x00007ffb874f0000 - 0x00007ffb8751b000 	C:\Windows\SYSTEM32\Wldp.dll
0x00007ffb886e0000 - 0x00007ffb887ad000 	C:\Windows\System32\OLEAUT32.dll
0x00007ffb899b0000 - 0x00007ffb89a5d000 	C:\Windows\System32\SHCORE.dll
0x00007ffb89820000 - 0x00007ffb8987b000 	C:\Windows\System32\shlwapi.dll
0x00007ffb87bb0000 - 0x00007ffb87bd4000 	C:\Windows\SYSTEM32\profapi.dll
0x00007ffb49370000 - 0x00007ffb49388000 	c:\Users\x380\.vscode\extensions\redhat.java-1.56.0-win32-x64\jre\21.0.12.1-win32-x86_64\bin\zip.dll
0x00007ffb71bc0000 - 0x00007ffb71bd0000 	C:\Users\x380\.vscode\extensions\redhat.java-1.56.0-win32-x64\jre\21.0.12.1-win32-x86_64\bin\net.dll
0x00007ffb7f220000 - 0x00007ffb7f32a000 	C:\Windows\SYSTEM32\WINHTTP.dll
0x00007ffb872d0000 - 0x00007ffb8733a000 	C:\Windows\system32\mswsock.dll
0x00007ffb48ae0000 - 0x00007ffb48af6000 	C:\Users\x380\.vscode\extensions\redhat.java-1.56.0-win32-x64\jre\21.0.12.1-win32-x86_64\bin\nio.dll
0x00007ffb59000000 - 0x00007ffb59010000 	c:\Users\x380\.vscode\extensions\redhat.java-1.56.0-win32-x64\jre\21.0.12.1-win32-x86_64\bin\verify.dll
0x00007ffb57db0000 - 0x00007ffb57df5000 	C:\Users\x380\AppData\Roaming\Code\User\globalStorage\redhat.java\1.56.0\config_win\org.eclipse.equinox.launcher\org.eclipse.equinox.launcher.win32.win32.x86_64_1.3.100.v20260804-1928\eclipse_11924.dll
0x00007ffb89a60000 - 0x00007ffb89b8b000 	C:\Windows\System32\ole32.dll
0x00007ffb87530000 - 0x00007ffb87548000 	C:\Windows\SYSTEM32\CRYPTSP.dll
0x00007ffb86c10000 - 0x00007ffb86c48000 	C:\Windows\system32\rsaenh.dll
0x00007ffb87b70000 - 0x00007ffb87b9e000 	C:\Windows\SYSTEM32\USERENV.dll
0x00007ffb87460000 - 0x00007ffb8746c000 	C:\Windows\SYSTEM32\CRYPTBASE.dll
0x00007ffb86fd0000 - 0x00007ffb8700b000 	C:\Windows\SYSTEM32\IPHLPAPI.DLL
0x00007ffb88610000 - 0x00007ffb88618000 	C:\Windows\System32\NSI.dll
0x00007ffb4aee0000 - 0x00007ffb4af29000 	C:\Users\x380\AppData\Local\Temp\jna-3625715\jna6877266815438078719.dll
0x00007ffb89c50000 - 0x00007ffb89c58000 	C:\Windows\System32\PSAPI.DLL
0x00007ffb7fae0000 - 0x00007ffb7faf7000 	C:\Windows\SYSTEM32\dhcpcsvc6.DLL
0x00007ffb7fb20000 - 0x00007ffb7fb3d000 	C:\Windows\SYSTEM32\dhcpcsvc.DLL
0x00007ffb806f0000 - 0x00007ffb80717000 	C:\Users\x380\.gradle\native\660c5614fbf4a5f2a75b1949f50a0caf5cd603558e7d8a26e50b933a0cfb79d1\windows-amd64\native-platform.dll
0x00007ffb823d0000 - 0x00007ffb823da000 	C:\Users\x380\.vscode\extensions\redhat.java-1.56.0-win32-x64\jre\21.0.12.1-win32-x86_64\bin\management.dll
0x00007ffb7df70000 - 0x00007ffb7df7c000 	C:\Users\x380\.vscode\extensions\redhat.java-1.56.0-win32-x64\jre\21.0.12.1-win32-x86_64\bin\management_ext.dll
0x00007ffb59460000 - 0x00007ffb59469000 	C:\Users\x380\.vscode\extensions\redhat.java-1.56.0-win32-x64\jre\21.0.12.1-win32-x86_64\bin\extnet.dll
0x00007ffb58e50000 - 0x00007ffb58e5e000 	C:\Users\x380\.vscode\extensions\redhat.java-1.56.0-win32-x64\jre\21.0.12.1-win32-x86_64\bin\sunmscapi.dll
0x00007ffb87e10000 - 0x00007ffb87f6d000 	C:\Windows\System32\CRYPT32.dll
0x00007ffb87640000 - 0x00007ffb87667000 	C:\Windows\SYSTEM32\ncrypt.dll
0x00007ffb87600000 - 0x00007ffb8763b000 	C:\Windows\SYSTEM32\NTASN1.dll
0x00007ffb6aa40000 - 0x00007ffb6aa47000 	C:\Windows\system32\wshunix.dll

JVMTI agents:
c:\Users\x380\.vscode\extensions\redhat.java-1.56.0-win32-x64\lombok\lombok-1.18.39-4050.jar path:c:\Users\x380\.vscode\extensions\redhat.java-1.56.0-win32-x64\jre\21.0.12.1-win32-x86_64\bin\instrument.dll, loaded, initialized, instrumentlib options:none

dbghelp: loaded successfully - version: 4.0.5 - missing functions: none
symbol engine: initialized successfully - sym options: 0x614 - pdb path: .;c:\Users\x380\.vscode\extensions\redhat.java-1.56.0-win32-x64\jre\21.0.12.1-win32-x86_64\bin;C:\Windows\SYSTEM32;C:\Windows\WinSxS\amd64_microsoft.windows.common-controls_6595b64144ccf1df_6.0.19041.6456_none_60b8a6cb71f64256;c:\Users\x380\.vscode\extensions\redhat.java-1.56.0-win32-x64\jre\21.0.12.1-win32-x86_64\bin\server;C:\Users\x380\AppData\Roaming\Code\User\globalStorage\redhat.java\1.56.0\config_win\org.eclipse.equinox.launcher\org.eclipse.equinox.launcher.win32.win32.x86_64_1.3.100.v20260804-1928;C:\Users\x380\AppData\Local\Temp\jna-3625715;C:\Users\x380\.gradle\native\660c5614fbf4a5f2a75b1949f50a0caf5cd603558e7d8a26e50b933a0cfb79d1\windows-amd64

VM Arguments:
jvm_args: --add-modules=ALL-SYSTEM --add-opens=java.base/java.util=ALL-UNNAMED --add-opens=java.base/java.lang=ALL-UNNAMED --add-opens=java.base/sun.nio.fs=ALL-UNNAMED -Declipse.application=org.eclipse.jdt.ls.core.id1 -Dosgi.bundles.defaultStartLevel=4 -Declipse.product=org.eclipse.jdt.ls.core.product -Djava.import.generatesMetadataFilesAtProjectRoot=false -Dm2e.project.cache.size=50 -DDetectVMInstallationsJob.disabled=true -Dfile.encoding=utf8 -XX:+UseParallelGC -XX:GCTimeRatio=4 -XX:AdaptiveSizePolicyWeight=90 -Dsun.zip.disableMemoryMapping=true -Xmx2G -Xms100m -Xlog:disable -javaagent:c:\Users\x380\.vscode\extensions\redhat.java-1.56.0-win32-x64\lombok\lombok-1.18.39-4050.jar -XX:+HeapDumpOnOutOfMemoryError -XX:HeapDumpPath=c:\Users\x380\AppData\Roaming\Code\User\workspaceStorage\d8b3f71028a2b92c6fa09363336a5cd2\redhat.java -Daether.dependencyCollector.impl=bf 
java_command: c:\Users\x380\.vscode\extensions\redhat.java-1.56.0-win32-x64\server\plugins\org.eclipse.equinox.launcher_1.8.0.v20260804-1928.jar -configuration c:\Users\x380\AppData\Roaming\Code\User\globalStorage\redhat.java\1.56.0\config_win -data c:\Users\x380\AppData\Roaming\Code\User\workspaceStorage\d8b3f71028a2b92c6fa09363336a5cd2\redhat.java\jdt_ws --pipe=\\.\pipe\lsp-7ed6dc6a8cf23907d381e8260a0f422d-sock
java_class_path (initial): c:\Users\x380\.vscode\extensions\redhat.java-1.56.0-win32-x64\server\plugins\org.eclipse.equinox.launcher_1.8.0.v20260804-1928.jar
Launcher Type: SUN_STANDARD

[Global flags]
    uintx AdaptiveSizePolicyWeight                 = 90                                        {product} {command line}
     intx CICompilerCount                          = 4                                         {product} {ergonomic}
    uintx GCTimeRatio                              = 4                                         {product} {command line}
     bool HeapDumpOnOutOfMemoryError               = true                                   {manageable} {command line}
    ccstr HeapDumpPath                             = c:\Users\x380\AppData\Roaming\Code\User\workspaceStorage\d8b3f71028a2b92c6fa09363336a5cd2\redhat.java         {manageable} {command line}
   size_t InitialHeapSize                          = 104857600                                 {product} {command line}
   size_t MaxHeapSize                              = 2147483648                                {product} {command line}
   size_t MaxNewSize                               = 715653120                                 {product} {ergonomic}
   size_t MinHeapDeltaBytes                        = 524288                                    {product} {ergonomic}
   size_t MinHeapSize                              = 104857600                                 {product} {command line}
   size_t NewSize                                  = 34603008                                  {product} {ergonomic}
    uintx NonNMethodCodeHeapSize                   = 5839372                                {pd product} {ergonomic}
    uintx NonProfiledCodeHeapSize                  = 122909434                              {pd product} {ergonomic}
   size_t OldSize                                  = 70254592                                  {product} {ergonomic}
    uintx ProfiledCodeHeapSize                     = 122909434                              {pd product} {ergonomic}
    uintx ReservedCodeCacheSize                    = 251658240                              {pd product} {ergonomic}
     bool SegmentedCodeCache                       = true                                      {product} {ergonomic}
   size_t SoftMaxHeapSize                          = 2147483648                             {manageable} {ergonomic}
     bool UseCompressedOops                        = true                           {product lp64_product} {ergonomic}
     bool UseLargePagesIndividualAllocation        = false                                  {pd product} {ergonomic}
     bool UseParallelGC                            = true                                      {product} {command line}

Logging:
Log output configuration:
 #0: stdout all=off uptime,level,tags foldmultilines=false
 #1: stderr all=off uptime,level,tags foldmultilines=false

Release file:
JAVA_VERSION="21.0.12.1" 
MODULES="java.base java.compiler java.datatransfer java.xml java.prefs java.desktop java.instrument java.logging java.management java.security.sasl java.naming java.rmi java.management.rmi java.net.http java.scripting java.security.jgss java.transaction.xa java.sql java.sql.rowset java.xml.crypto java.se java.smartcardio jdk.accessibility jdk.internal.jvmstat jdk.attach jdk.charsets jdk.internal.opt jdk.zipfs jdk.compiler jdk.crypto.ec jdk.crypto.cryptoki jdk.crypto.mscapi jdk.dynalink jdk.internal.ed jdk.editpad jdk.hotspot.agent jdk.httpserver jdk.internal.le jdk.internal.vm.ci jdk.internal.vm.compiler jdk.internal.vm.compiler.management jdk.jartool jdk.javadoc jdk.jcmd jdk.management jdk.management.agent jdk.jconsole jdk.jdeps jdk.jdwp.agent jdk.jdi jdk.jfr jdk.jshell jdk.jsobject jdk.jstatd jdk.localedata jdk.management.jfr jdk.naming.dns jdk.naming.rmi jdk.net jdk.nio.mapmode jdk.random jdk.sctp jdk.security.auth jdk.security.jgss jdk.unsupported jdk.unsupported.desktop jdk.xml.dom" 

Environment Variables:
PATH=C:\Program Files\Common Files\Oracle\Java\javapath;C:\Python314\Scripts\;C:\Python314\;C:\Windows\system32;C:\Windows;C:\Windows\System32\Wbem;C:\Windows\System32\WindowsPowerShell\v1.0\;C:\Windows\System32\OpenSSH\;C:\Program Files\Intel\WiFi\bin\;C:\Program Files\Common Files\Intel\WirelessCommon\;C:\ProgramData\chocolatey\bin;C:\Program Files\nodejs\;C:\Program Files\Git\cmd;C:\Program Files (x86)\Microsoft SQL Server\160\Tools\Binn\;C:\Program Files\Microsoft SQL Server\160\Tools\Binn\;C:\Program Files\Microsoft SQL Server\Client SDK\ODBC\170\Tools\Binn\;C:\Program Files\Microsoft SQL Server\160\DTS\Binn\;C:\Program Files\Microsoft SQL Server\170\Tools\Binn\;C:\Program Files\dotnet\;C:\Program Files\MySQL\MySQL Shell 8.0\bin\;C:\Users\x380\AppData\Local\Microsoft\WindowsApps;C:\Users\x380\AppData\Local\Programs\Microsoft VS Code\bin;C:\Users\x380\AppData\Roaming\npm;C:\Users\x380\AppData\Local\GitHubDesktop\bin;C:\Users\x380\.dotnet\tools;C:\Users\x380\AppData\Local\Programs\DockerDesktop\resources\bin
USERNAME=x380
OS=Windows_NT
PROCESSOR_IDENTIFIER=Intel64 Family 6 Model 142 Stepping 12, GenuineIntel
TMP=C:\Users\x380\AppData\Local\Temp
TEMP=C:\Users\x380\AppData\Local\Temp




Periodic native trim disabled

---------------  S Y S T E M  ---------------

OS:
 Windows 10 , 64 bit Build 19041 (10.0.19041.5915)
OS uptime: 0 days 3:00 hours
Hyper-V role detected

CPU: total 8 (initial active 8) (4 cores per cpu, 2 threads per core) family 6 model 142 stepping 12 microcode 0xf0, cx8, cmov, fxsr, ht, mmx, 3dnowpref, sse, sse2, sse3, ssse3, sse4.1, sse4.2, popcnt, lzcnt, tsc, tscinvbit, avx, avx2, aes, erms, clmul, bmi1, bmi2, adx, fma, vzeroupper, clflush, clflushopt, hv, rdtscp, f16c
Processor Information for the first 8 processors :
  Max Mhz: 1896, Current Mhz: 1596, Mhz Limit: 1592

Memory: 4k page, system-wide physical 7940M (218M free)
TotalPageFile size 32516M (AvailPageFile size 950M)
current process WorkingSet (physical memory assigned to process): 29M, peak: 334M
current process commit charge ("private bytes"): 387M, peak: 408M

vm_info: OpenJDK 64-Bit Server VM (21.0.12.1+1-LTS) for windows-amd64 JRE (21.0.12.1+1-LTS), built on 2026-08-18T00:00:00Z by "admin" with MS VC++ 17.12 (VS2022)

END.
