#
# There is insufficient memory for the Java Runtime Environment to continue.
# Native memory allocation (malloc) failed to allocate 490176 bytes. Error detail: Chunk::new
# Possible reasons:
#   The system is out of physical RAM or swap space
#   This process is running with CompressedOops enabled, and the Java Heap may be blocking the growth of the native heap
# Possible solutions:
#   Reduce memory load on the system
#   Increase physical memory or swap space
#   Check if swap backing store is full
#   Decrease Java heap size (-Xmx/-Xms)
#   Decrease number of Java threads
#   Decrease Java thread stack sizes (-Xss)
#   Set larger code cache with -XX:ReservedCodeCacheSize=
#   JVM is running with Unscaled Compressed Oops mode in which the Java heap is
#     placed in the first 4GB address space. The Java Heap base address is the
#     maximum limit for the native heap growth. Please use -XX:HeapBaseMinAddress
#     to set the Java Heap base and to place the Java Heap above 4GB virtual address.
# This output file may be truncated or incomplete.
#
#  Out of Memory Error (arena.cpp:168), pid=26076, tid=29604
#
# JRE version: OpenJDK Runtime Environment Temurin-21.0.12.1+1 (21.0.12.1+1) (build 21.0.12.1+1-LTS)
# Java VM: OpenJDK 64-Bit Server VM Temurin-21.0.12.1+1 (21.0.12.1+1-LTS, mixed mode, sharing, tiered, compressed oops, compressed class ptrs, g1 gc, windows-amd64)
# No core dump will be written. Minidumps are not enabled by default on client versions of Windows
#

---------------  S U M M A R Y ------------

Command Line: --add-opens=java.base/java.lang=ALL-UNNAMED --add-opens=java.base/java.lang.invoke=ALL-UNNAMED --add-opens=java.base/java.util=ALL-UNNAMED --add-opens=java.prefs/java.util.prefs=ALL-UNNAMED --add-exports=jdk.compiler/com.sun.tools.javac.api=ALL-UNNAMED --add-exports=jdk.compiler/com.sun.tools.javac.util=ALL-UNNAMED --add-opens=java.base/java.nio.charset=ALL-UNNAMED --add-opens=java.base/java.net=ALL-UNNAMED --add-opens=java.base/java.util.concurrent=ALL-UNNAMED --add-opens=java.base/java.util.concurrent.atomic=ALL-UNNAMED --add-opens=java.xml/javax.xml.namespace=ALL-UNNAMED --add-opens=java.base/java.time=ALL-UNNAMED -XX:MaxMetaspaceSize=384m -XX:+HeapDumpOnOutOfMemoryError -Xms256m -Xmx512m -Dfile.encoding=UTF-8 -Duser.country=CL -Duser.language=es -Duser.variant -javaagent:C:\Users\x380\.gradle\wrapper\dists\gradle-9.7.1-bin\1w1c7tv4s851m17nbqdsro2tv\gradle-9.7.1\lib\agents\gradle-instrumentation-agent-9.7.1.jar org.gradle.launcher.daemon.bootstrap.GradleDaemon 9.7.1

Host: Intel(R) Core(TM) i5-8365U CPU @ 1.60GHz, 8 cores, 7G,  Windows 10 , 64 bit Build 19041 (10.0.19041.5915)
Time: Sat Sep 12 01:07:51 2026 Hora verano Sudamérica Pacífico elapsed time: 427.015090 seconds (0d 0h 7m 7s)

---------------  T H R E A D  ---------------

Current thread (0x000001cffc3a3480):  JavaThread "C2 CompilerThread0" daemon [_thread_in_native, id=29604, stack(0x000000073e500000,0x000000073e600000) (1024K)]


Current CompileTask:
C2:427015 7212       4       java.lang.reflect.Method::getGenericInfo (28 bytes)

Stack: [0x000000073e500000,0x000000073e600000]
Native frames: (J=compiled Java code, j=interpreted, Vv=VM code, C=native code)
V  [jvm.dll+0x6d83e9]
V  [jvm.dll+0x8b5736]
V  [jvm.dll+0x8b7cee]
V  [jvm.dll+0x8b83d3]
V  [jvm.dll+0x284596]
V  [jvm.dll+0xc685d]
V  [jvm.dll+0xc6da1]
V  [jvm.dll+0x3bf18b]
V  [jvm.dll+0x38b6d2]
V  [jvm.dll+0x38ab1a]
V  [jvm.dll+0x24c700]
V  [jvm.dll+0x24bce0]
V  [jvm.dll+0x1cb4ae]
V  [jvm.dll+0x25baad]
V  [jvm.dll+0x25a03a]
V  [jvm.dll+0x3f8aae]
V  [jvm.dll+0x8600cd]
V  [jvm.dll+0x6d6c1d]
C  [ucrtbase.dll+0x21bb2]
C  [KERNEL32.DLL+0x17374]
C  [ntdll.dll+0x4cc91]


---------------  P R O C E S S  ---------------

Threads class SMR info:
_java_thread_list=0x000001cfa8b15070, length=46, elements={
0x000001cff5a05770, 0x000001cffc39b310, 0x000001cffc39c3e0, 0x000001cffc39f3c0,
0x000001cffc3a1230, 0x000001cffc3a1c90, 0x000001cffc3a26f0, 0x000001cffc3a3480,
0x000001cffc3a8f40, 0x000001cffc5e66f0, 0x000001cffc67b7d0, 0x000001cffe2aca90,
0x000001cffd5340b0, 0x000001cffc63f490, 0x000001cffc7367a0, 0x000001cffd4ed460,
0x000001cffe933000, 0x000001cffe935d40, 0x000001cffe491730, 0x000001cffe494520,
0x000001cffe493800, 0x000001cffe493170, 0x000001cffe493e90, 0x000001cffe4910a0,
0x000001cffe491dc0, 0x000001cffe752540, 0x000001cffe74e3a0, 0x000001cffe74c2d0,
0x000001cffe751eb0, 0x000001cffe74cff0, 0x000001cffe74d680, 0x000001cffe753260,
0x000001cffe7538f0, 0x000001cffe74c960, 0x000001cffe751190, 0x000001cffe74ea30,
0x000001cffe74f0c0, 0x000001cffe74f750, 0x000001cffe751820, 0x000001cffe74fde0,
0x000001cffead3c40, 0x000001cffeacfaa0, 0x000001cffead4ff0, 0x000001cffead35b0,
0x000001cffead5680, 0x000001cffead42d0
}

Java Threads: ( => current thread )
  0x000001cff5a05770 JavaThread "main"                              [_thread_blocked, id=28844, stack(0x000000073d600000,0x000000073d700000) (1024K)]
  0x000001cffc39b310 JavaThread "Reference Handler"          daemon [_thread_blocked, id=26916, stack(0x000000073df00000,0x000000073e000000) (1024K)]
  0x000001cffc39c3e0 JavaThread "Finalizer"                  daemon [_thread_blocked, id=23092, stack(0x000000073e000000,0x000000073e100000) (1024K)]
  0x000001cffc39f3c0 JavaThread "Signal Dispatcher"          daemon [_thread_blocked, id=27780, stack(0x000000073e100000,0x000000073e200000) (1024K)]
  0x000001cffc3a1230 JavaThread "Attach Listener"            daemon [_thread_blocked, id=29320, stack(0x000000073e200000,0x000000073e300000) (1024K)]
  0x000001cffc3a1c90 JavaThread "Service Thread"             daemon [_thread_blocked, id=29504, stack(0x000000073e300000,0x000000073e400000) (1024K)]
  0x000001cffc3a26f0 JavaThread "Monitor Deflation Thread"   daemon [_thread_blocked, id=28868, stack(0x000000073e400000,0x000000073e500000) (1024K)]
=>0x000001cffc3a3480 JavaThread "C2 CompilerThread0"         daemon [_thread_in_native, id=29604, stack(0x000000073e500000,0x000000073e600000) (1024K)]
  0x000001cffc3a8f40 JavaThread "C1 CompilerThread0"         daemon [_thread_blocked, id=26852, stack(0x000000073e600000,0x000000073e700000) (1024K)]
  0x000001cffc5e66f0 JavaThread "Common-Cleaner"             daemon [_thread_blocked, id=26628, stack(0x000000073e700000,0x000000073e800000) (1024K)]
  0x000001cffc67b7d0 JavaThread "Notification Thread"        daemon [_thread_blocked, id=28716, stack(0x000000073e800000,0x000000073e900000) (1024K)]
  0x000001cffe2aca90 JavaThread "Daemon health stats"               [_thread_blocked, id=36280, stack(0x000000073d700000,0x000000073d800000) (1024K)]
  0x000001cffd5340b0 JavaThread "Incoming local TCP Connector on port 61831"        [_thread_in_native, id=36020, stack(0x000000073ef00000,0x000000073f000000) (1024K)]
  0x000001cffc63f490 JavaThread "Daemon periodic checks"            [_thread_blocked, id=44288, stack(0x000000073d500000,0x000000073d600000) (1024K)]
  0x000001cffc7367a0 JavaThread "Daemon"                            [_thread_blocked, id=50648, stack(0x000000073f100000,0x000000073f200000) (1024K)]
  0x000001cffd4ed460 JavaThread "Handler for socket connection from /127.0.0.1:61831 to /127.0.0.1:62433"        [_thread_in_native, id=48180, stack(0x000000073f200000,0x000000073f300000) (1024K)]
  0x000001cffe933000 JavaThread "Cancel handler"                    [_thread_blocked, id=50424, stack(0x000000073f300000,0x000000073f400000) (1024K)]
  0x000001cffe935d40 JavaThread "Daemon worker"                     [_thread_in_vm, id=53552, stack(0x000000073f400000,0x000000073f500000) (1024K)]
  0x000001cffe491730 JavaThread "Asynchronous log dispatcher for DefaultDaemonConnection: socket connection from /127.0.0.1:61831 to /127.0.0.1:62433"        [_thread_blocked, id=53480, stack(0x000000073f500000,0x000000073f600000) (1024K)]
  0x000001cffe494520 JavaThread "Stdin handler"                     [_thread_blocked, id=47756, stack(0x000000073f600000,0x000000073f700000) (1024K)]
  0x000001cffe493800 JavaThread "Daemon client event forwarder"        [_thread_blocked, id=53944, stack(0x000000073f700000,0x000000073f800000) (1024K)]
  0x000001cffe493170 JavaThread "Cache worker for journal cache (C:\Users\x380\.gradle\caches\journal-1)"        [_thread_blocked, id=45508, stack(0x000000073f800000,0x000000073f900000) (1024K)]
  0x000001cffe493e90 JavaThread "File lock request listener"        [_thread_in_native, id=40484, stack(0x000000073f900000,0x000000073fa00000) (1024K)]
  0x000001cffe4910a0 JavaThread "File lock release action executor"        [_thread_blocked, id=53324, stack(0x000000073fa00000,0x000000073fb00000) (1024K)]
  0x000001cffe491dc0 JavaThread "Cache worker for file hash cache (C:\Users\x380\.gradle\caches\9.7.1\fileHashes)"        [_thread_blocked, id=48188, stack(0x000000073fb00000,0x000000073fc00000) (1024K)]
  0x000001cffe752540 JavaThread "Cache worker for file hash cache (C:\Users\x380\Downloads\discografia\discografia\.gradle\9.7.1\fileHashes)"        [_thread_blocked, id=52860, stack(0x000000073f000000,0x000000073f100000) (1024K)]
  0x000001cffe74e3a0 JavaThread "Cache worker for Build Output Cleanup Cache (C:\Users\x380\Downloads\discografia\discografia\.gradle\buildOutputCleanup)"        [_thread_blocked, id=53448, stack(0x000000073fe00000,0x000000073ff00000) (1024K)]
  0x000001cffe74c2d0 JavaThread "File watcher server"        daemon [_thread_in_native, id=54820, stack(0x000000073ff00000,0x0000000740000000) (1024K)]
  0x000001cffe751eb0 JavaThread "File watcher consumer"      daemon [_thread_blocked, id=47288, stack(0x0000000740000000,0x0000000740100000) (1024K)]
  0x000001cffe74cff0 JavaThread "Cache worker for file content cache (C:\Users\x380\.gradle\caches\9.7.1\fileContent)"        [_thread_blocked, id=25324, stack(0x0000000740100000,0x0000000740200000) (1024K)]
  0x000001cffe74d680 JavaThread "Cache worker for checksums cache (C:\Users\x380\Downloads\discografia\discografia\.gradle\9.7.1\checksums)"        [_thread_blocked, id=49704, stack(0x0000000740200000,0x0000000740300000) (1024K)]
  0x000001cffe753260 JavaThread "Cache worker for cache directory md-supplier (C:\Users\x380\.gradle\caches\9.7.1\md-supplier)"        [_thread_blocked, id=55896, stack(0x0000000740300000,0x0000000740400000) (1024K)]
  0x000001cffe7538f0 JavaThread "Cache worker for cache directory md-rule (C:\Users\x380\.gradle\caches\9.7.1\md-rule)"        [_thread_blocked, id=55180, stack(0x0000000740400000,0x0000000740500000) (1024K)]
  0x000001cffe74c960 JavaThread "jar transforms"                    [_thread_blocked, id=56076, stack(0x0000000740500000,0x0000000740600000) (1024K)]
  0x000001cffe751190 JavaThread "jar transforms Thread 2"           [_thread_blocked, id=49952, stack(0x0000000740800000,0x0000000740900000) (1024K)]
  0x000001cffe74ea30 JavaThread "jar transforms Thread 3"           [_thread_blocked, id=18736, stack(0x0000000740900000,0x0000000740a00000) (1024K)]
  0x000001cffe74f0c0 JavaThread "Build operations"                  [_thread_blocked, id=7752, stack(0x0000000740a00000,0x0000000740b00000) (1024K)]
  0x000001cffe74f750 JavaThread "Build operations Thread 2"         [_thread_blocked, id=12116, stack(0x0000000740b00000,0x0000000740c00000) (1024K)]
  0x000001cffe751820 JavaThread "Build operations Thread 3"         [_thread_blocked, id=20288, stack(0x0000000740c00000,0x0000000740d00000) (1024K)]
  0x000001cffe74fde0 JavaThread "Build operations Thread 4"         [_thread_blocked, id=19276, stack(0x0000000740d00000,0x0000000740e00000) (1024K)]
  0x000001cffead3c40 JavaThread "Build operations Thread 5"         [_thread_blocked, id=7252, stack(0x0000000740e00000,0x0000000740f00000) (1024K)]
  0x000001cffeacfaa0 JavaThread "Build operations Thread 6"         [_thread_blocked, id=18160, stack(0x0000000740f00000,0x0000000741000000) (1024K)]
  0x000001cffead4ff0 JavaThread "Build operations Thread 7"         [_thread_blocked, id=20040, stack(0x0000000741000000,0x0000000741100000) (1024K)]
  0x000001cffead35b0 JavaThread "Build operations Thread 8"         [_thread_blocked, id=19364, stack(0x0000000741100000,0x0000000741200000) (1024K)]
  0x000001cffead5680 JavaThread "Memory manager"                    [_thread_blocked, id=6636, stack(0x0000000740600000,0x0000000740700000) (1024K)]
  0x000001cffead42d0 JavaThread "jar transforms Thread 4"           [_thread_blocked, id=20776, stack(0x0000000740700000,0x0000000740800000) (1024K)]
Total: 46

Other Threads:
  0x000001cffc382e30 VMThread "VM Thread"                           [id=22424, stack(0x000000073de00000,0x000000073df00000) (1024K)]
  0x000001cffc371b80 WatcherThread "VM Periodic Task Thread"        [id=26168, stack(0x000000073dd00000,0x000000073de00000) (1024K)]
  0x000001cff5a2dd60 WorkerThread "GC Thread#0"                     [id=26736, stack(0x000000073d800000,0x000000073d900000) (1024K)]
  0x000001cffd2f6eb0 WorkerThread "GC Thread#1"                     [id=33048, stack(0x000000073e900000,0x000000073ea00000) (1024K)]
  0x000001cffd2f7260 WorkerThread "GC Thread#2"                     [id=33024, stack(0x000000073ea00000,0x000000073eb00000) (1024K)]
  0x000001cffc978f80 WorkerThread "GC Thread#3"                     [id=32840, stack(0x000000073eb00000,0x000000073ec00000) (1024K)]
  0x000001cffc979330 WorkerThread "GC Thread#4"                     [id=33192, stack(0x000000073ec00000,0x000000073ed00000) (1024K)]
  0x000001cffc9796e0 WorkerThread "GC Thread#5"                     [id=33040, stack(0x000000073ed00000,0x000000073ee00000) (1024K)]
  0x000001cffc4ad940 WorkerThread "GC Thread#6"                     [id=52880, stack(0x000000073fc00000,0x000000073fd00000) (1024K)]
  0x000001cffc4adcf0 WorkerThread "GC Thread#7"                     [id=46980, stack(0x000000073fd00000,0x000000073fe00000) (1024K)]
  0x000001cff5a33c70 ConcurrentGCThread "G1 Main Marker"            [id=28800, stack(0x000000073d900000,0x000000073da00000) (1024K)]
  0x000001cff5a366b0 WorkerThread "G1 Conc#0"                       [id=27220, stack(0x000000073da00000,0x000000073db00000) (1024K)]
  0x000001cffeb744e0 WorkerThread "G1 Conc#1"                       [id=55588, stack(0x000000073ee00000,0x000000073ef00000) (1024K)]
  0x000001cffc2485e0 ConcurrentGCThread "G1 Refine#0"               [id=28684, stack(0x000000073db00000,0x000000073dc00000) (1024K)]
  0x000001cffc248e10 ConcurrentGCThread "G1 Service"                [id=29456, stack(0x000000073dc00000,0x000000073dd00000) (1024K)]
Total: 15

Threads with active compile tasks:
C2 CompilerThread0  427082 7212       4       java.lang.reflect.Method::getGenericInfo (28 bytes)
Total: 1

VM state: not at safepoint (normal execution)

VM Mutex/Monitor currently owned by a thread: None

Heap address: 0x00000000e0000000, size: 512 MB, Compressed Oops mode: 32-bit

CDS archive(s) mapped at: [0x000001cf8f000000-0x000001cf8fba0000-0x000001cf8fba0000), size 12189696, SharedBaseAddress: 0x000001cf8f000000, ArchiveRelocationMode: 1.
Compressed class space mapped at: 0x000001cf90000000-0x000001cfa4000000, reserved size: 335544320
Narrow klass base: 0x000001cf8f000000, Narrow klass shift: 0, Narrow klass range: 0x100000000

GC Precious Log:
 CardTable entry size: 512
 Card Set container configuration: InlinePtr #cards 5 size 8 Array Of Cards #cards 12 size 40 Howl #buckets 4 coarsen threshold 1843 Howl Bitmap #cards 512 size 80 coarsen threshold 460 Card regions per heap region 1 cards per card region 2048
 CPUs: 8 total, 8 available
 Memory: 7940M
 Large Page Support: Disabled
 NUMA Support: Disabled
 Compressed Oops: Enabled (32-bit)
 Heap Region Size: 1M
 Heap Min Capacity: 256M
 Heap Initial Capacity: 256M
 Heap Max Capacity: 512M
 Pre-touch: Disabled
 Parallel Workers: 8
 Concurrent Workers: 2
 Concurrent Refinement Workers: 8
 Periodic GC: Disabled

Heap:
 garbage-first heap   total 262144K, used 122255K [0x00000000e0000000, 0x0000000100000000)
  region size 1024K, 97 young (99328K), 14 survivors (14336K)
 Metaspace       used 55510K, committed 57728K, reserved 393216K
  class space    used 8300K, committed 9408K, reserved 327680K

Heap Regions: E=young(eden), S=young(survivor), O=old, HS=humongous(starts), HC=humongous(continues), CS=collection set, F=free, TAMS=top-at-mark-start, PB=parsable bottom
|   0|0x00000000e0000000, 0x00000000e0100000, 0x00000000e0100000|100%|HS|  |TAMS 0x00000000e0000000| PB 0x00000000e0000000| Complete 
|   1|0x00000000e0100000, 0x00000000e0200000, 0x00000000e0200000|100%|HC|  |TAMS 0x00000000e0100000| PB 0x00000000e0100000| Complete 
|   2|0x00000000e0200000, 0x00000000e0300000, 0x00000000e0300000|100%|HC|  |TAMS 0x00000000e0200000| PB 0x00000000e0200000| Complete 
|   3|0x00000000e0300000, 0x00000000e0400000, 0x00000000e0400000|100%|HC|  |TAMS 0x00000000e0300000| PB 0x00000000e0300000| Complete 
|   4|0x00000000e0400000, 0x00000000e0500000, 0x00000000e0500000|100%| O|  |TAMS 0x00000000e0400000| PB 0x00000000e0400000| Untracked 
|   5|0x00000000e0500000, 0x00000000e0600000, 0x00000000e0600000|100%| O|  |TAMS 0x00000000e0500000| PB 0x00000000e0500000| Untracked 
|   6|0x00000000e0600000, 0x00000000e0700000, 0x00000000e0700000|100%| O|  |TAMS 0x00000000e0600000| PB 0x00000000e0600000| Untracked 
|   7|0x00000000e0700000, 0x00000000e0800000, 0x00000000e0800000|100%| O|  |TAMS 0x00000000e0700000| PB 0x00000000e0700000| Untracked 
|   8|0x00000000e0800000, 0x00000000e0900000, 0x00000000e0900000|100%|HS|  |TAMS 0x00000000e0800000| PB 0x00000000e0800000| Complete 
|   9|0x00000000e0900000, 0x00000000e0a00000, 0x00000000e0a00000|100%| O|  |TAMS 0x00000000e0900000| PB 0x00000000e0900000| Untracked 
|  10|0x00000000e0a00000, 0x00000000e0b00000, 0x00000000e0b00000|100%| O|  |TAMS 0x00000000e0a00000| PB 0x00000000e0a00000| Untracked 
|  11|0x00000000e0b00000, 0x00000000e0c00000, 0x00000000e0c00000|100%| O|  |TAMS 0x00000000e0b00000| PB 0x00000000e0b00000| Untracked 
|  12|0x00000000e0c00000, 0x00000000e0d00000, 0x00000000e0d00000|100%| O|  |TAMS 0x00000000e0c00000| PB 0x00000000e0c00000| Untracked 
|  13|0x00000000e0d00000, 0x00000000e0e00000, 0x00000000e0e00000|100%| O|  |TAMS 0x00000000e0d00000| PB 0x00000000e0d00000| Untracked 
|  14|0x00000000e0e00000, 0x00000000e0f00000, 0x00000000e0f00000|100%| O|  |TAMS 0x00000000e0e00000| PB 0x00000000e0e00000| Untracked 
|  15|0x00000000e0f00000, 0x00000000e1000000, 0x00000000e1000000|100%| O|  |TAMS 0x00000000e0f00000| PB 0x00000000e0f00000| Untracked 
|  16|0x00000000e1000000, 0x00000000e1100000, 0x00000000e1100000|100%| O|  |TAMS 0x00000000e1000000| PB 0x00000000e1000000| Untracked 
|  17|0x00000000e1100000, 0x00000000e1200000, 0x00000000e1200000|100%| O|  |TAMS 0x00000000e1100000| PB 0x00000000e1100000| Untracked 
|  18|0x00000000e1200000, 0x00000000e1300000, 0x00000000e1300000|100%| O|  |TAMS 0x00000000e1200000| PB 0x00000000e1200000| Untracked 
|  19|0x00000000e1300000, 0x00000000e1400000, 0x00000000e1400000|100%| O|  |TAMS 0x00000000e1300000| PB 0x00000000e1300000| Untracked 
|  20|0x00000000e1400000, 0x00000000e1500000, 0x00000000e1500000|100%| O|  |TAMS 0x00000000e1400000| PB 0x00000000e1400000| Untracked 
|  21|0x00000000e1500000, 0x00000000e1600000, 0x00000000e1600000|100%| O|  |TAMS 0x00000000e1500000| PB 0x00000000e1500000| Untracked 
|  22|0x00000000e1600000, 0x00000000e1700000, 0x00000000e1700000|100%| O|  |TAMS 0x00000000e1600000| PB 0x00000000e1600000| Untracked 
|  23|0x00000000e1700000, 0x00000000e1763c60, 0x00000000e1800000| 38%| O|  |TAMS 0x00000000e1700000| PB 0x00000000e1700000| Untracked 
|  24|0x00000000e1800000, 0x00000000e1800000, 0x00000000e1900000|  0%| F|  |TAMS 0x00000000e1800000| PB 0x00000000e1800000| Untracked 
|  25|0x00000000e1900000, 0x00000000e1900000, 0x00000000e1a00000|  0%| F|  |TAMS 0x00000000e1900000| PB 0x00000000e1900000| Untracked 
|  26|0x00000000e1a00000, 0x00000000e1a00000, 0x00000000e1b00000|  0%| F|  |TAMS 0x00000000e1a00000| PB 0x00000000e1a00000| Untracked 
|  27|0x00000000e1b00000, 0x00000000e1b00000, 0x00000000e1c00000|  0%| F|  |TAMS 0x00000000e1b00000| PB 0x00000000e1b00000| Untracked 
|  28|0x00000000e1c00000, 0x00000000e1c00000, 0x00000000e1d00000|  0%| F|  |TAMS 0x00000000e1c00000| PB 0x00000000e1c00000| Untracked 
|  29|0x00000000e1d00000, 0x00000000e1d00000, 0x00000000e1e00000|  0%| F|  |TAMS 0x00000000e1d00000| PB 0x00000000e1d00000| Untracked 
|  30|0x00000000e1e00000, 0x00000000e1e00000, 0x00000000e1f00000|  0%| F|  |TAMS 0x00000000e1e00000| PB 0x00000000e1e00000| Untracked 
|  31|0x00000000e1f00000, 0x00000000e1f00000, 0x00000000e2000000|  0%| F|  |TAMS 0x00000000e1f00000| PB 0x00000000e1f00000| Untracked 
|  32|0x00000000e2000000, 0x00000000e2000000, 0x00000000e2100000|  0%| F|  |TAMS 0x00000000e2000000| PB 0x00000000e2000000| Untracked 
|  33|0x00000000e2100000, 0x00000000e2100000, 0x00000000e2200000|  0%| F|  |TAMS 0x00000000e2100000| PB 0x00000000e2100000| Untracked 
|  34|0x00000000e2200000, 0x00000000e2200000, 0x00000000e2300000|  0%| F|  |TAMS 0x00000000e2200000| PB 0x00000000e2200000| Untracked 
|  35|0x00000000e2300000, 0x00000000e2300000, 0x00000000e2400000|  0%| F|  |TAMS 0x00000000e2300000| PB 0x00000000e2300000| Untracked 
|  36|0x00000000e2400000, 0x00000000e2400000, 0x00000000e2500000|  0%| F|  |TAMS 0x00000000e2400000| PB 0x00000000e2400000| Untracked 
|  37|0x00000000e2500000, 0x00000000e2500000, 0x00000000e2600000|  0%| F|  |TAMS 0x00000000e2500000| PB 0x00000000e2500000| Untracked 
|  38|0x00000000e2600000, 0x00000000e2600000, 0x00000000e2700000|  0%| F|  |TAMS 0x00000000e2600000| PB 0x00000000e2600000| Untracked 
|  39|0x00000000e2700000, 0x00000000e2700000, 0x00000000e2800000|  0%| F|  |TAMS 0x00000000e2700000| PB 0x00000000e2700000| Untracked 
|  40|0x00000000e2800000, 0x00000000e2800000, 0x00000000e2900000|  0%| F|  |TAMS 0x00000000e2800000| PB 0x00000000e2800000| Untracked 
|  41|0x00000000e2900000, 0x00000000e2900000, 0x00000000e2a00000|  0%| F|  |TAMS 0x00000000e2900000| PB 0x00000000e2900000| Untracked 
|  42|0x00000000e2a00000, 0x00000000e2a00000, 0x00000000e2b00000|  0%| F|  |TAMS 0x00000000e2a00000| PB 0x00000000e2a00000| Untracked 
|  43|0x00000000e2b00000, 0x00000000e2b00000, 0x00000000e2c00000|  0%| F|  |TAMS 0x00000000e2b00000| PB 0x00000000e2b00000| Untracked 
|  44|0x00000000e2c00000, 0x00000000e2c00000, 0x00000000e2d00000|  0%| F|  |TAMS 0x00000000e2c00000| PB 0x00000000e2c00000| Untracked 
|  45|0x00000000e2d00000, 0x00000000e2d00000, 0x00000000e2e00000|  0%| F|  |TAMS 0x00000000e2d00000| PB 0x00000000e2d00000| Untracked 
|  46|0x00000000e2e00000, 0x00000000e2e00000, 0x00000000e2f00000|  0%| F|  |TAMS 0x00000000e2e00000| PB 0x00000000e2e00000| Untracked 
|  47|0x00000000e2f00000, 0x00000000e2f00000, 0x00000000e3000000|  0%| F|  |TAMS 0x00000000e2f00000| PB 0x00000000e2f00000| Untracked 
|  48|0x00000000e3000000, 0x00000000e3000000, 0x00000000e3100000|  0%| F|  |TAMS 0x00000000e3000000| PB 0x00000000e3000000| Untracked 
|  49|0x00000000e3100000, 0x00000000e3100000, 0x00000000e3200000|  0%| F|  |TAMS 0x00000000e3100000| PB 0x00000000e3100000| Untracked 
|  50|0x00000000e3200000, 0x00000000e3200000, 0x00000000e3300000|  0%| F|  |TAMS 0x00000000e3200000| PB 0x00000000e3200000| Untracked 
|  51|0x00000000e3300000, 0x00000000e3300000, 0x00000000e3400000|  0%| F|  |TAMS 0x00000000e3300000| PB 0x00000000e3300000| Untracked 
|  52|0x00000000e3400000, 0x00000000e3400000, 0x00000000e3500000|  0%| F|  |TAMS 0x00000000e3400000| PB 0x00000000e3400000| Untracked 
|  53|0x00000000e3500000, 0x00000000e3500000, 0x00000000e3600000|  0%| F|  |TAMS 0x00000000e3500000| PB 0x00000000e3500000| Untracked 
|  54|0x00000000e3600000, 0x00000000e3600000, 0x00000000e3700000|  0%| F|  |TAMS 0x00000000e3600000| PB 0x00000000e3600000| Untracked 
|  55|0x00000000e3700000, 0x00000000e3700000, 0x00000000e3800000|  0%| F|  |TAMS 0x00000000e3700000| PB 0x00000000e3700000| Untracked 
|  56|0x00000000e3800000, 0x00000000e3800000, 0x00000000e3900000|  0%| F|  |TAMS 0x00000000e3800000| PB 0x00000000e3800000| Untracked 
|  57|0x00000000e3900000, 0x00000000e3900000, 0x00000000e3a00000|  0%| F|  |TAMS 0x00000000e3900000| PB 0x00000000e3900000| Untracked 
|  58|0x00000000e3a00000, 0x00000000e3a00000, 0x00000000e3b00000|  0%| F|  |TAMS 0x00000000e3a00000| PB 0x00000000e3a00000| Untracked 
|  59|0x00000000e3b00000, 0x00000000e3b00000, 0x00000000e3c00000|  0%| F|  |TAMS 0x00000000e3b00000| PB 0x00000000e3b00000| Untracked 
|  60|0x00000000e3c00000, 0x00000000e3c00000, 0x00000000e3d00000|  0%| F|  |TAMS 0x00000000e3c00000| PB 0x00000000e3c00000| Untracked 
|  61|0x00000000e3d00000, 0x00000000e3d00000, 0x00000000e3e00000|  0%| F|  |TAMS 0x00000000e3d00000| PB 0x00000000e3d00000| Untracked 
|  62|0x00000000e3e00000, 0x00000000e3e00000, 0x00000000e3f00000|  0%| F|  |TAMS 0x00000000e3e00000| PB 0x00000000e3e00000| Untracked 
|  63|0x00000000e3f00000, 0x00000000e3f00000, 0x00000000e4000000|  0%| F|  |TAMS 0x00000000e3f00000| PB 0x00000000e3f00000| Untracked 
|  64|0x00000000e4000000, 0x00000000e4000000, 0x00000000e4100000|  0%| F|  |TAMS 0x00000000e4000000| PB 0x00000000e4000000| Untracked 
|  65|0x00000000e4100000, 0x00000000e4100000, 0x00000000e4200000|  0%| F|  |TAMS 0x00000000e4100000| PB 0x00000000e4100000| Untracked 
|  66|0x00000000e4200000, 0x00000000e4200000, 0x00000000e4300000|  0%| F|  |TAMS 0x00000000e4200000| PB 0x00000000e4200000| Untracked 
|  67|0x00000000e4300000, 0x00000000e4300000, 0x00000000e4400000|  0%| F|  |TAMS 0x00000000e4300000| PB 0x00000000e4300000| Untracked 
|  68|0x00000000e4400000, 0x00000000e4400000, 0x00000000e4500000|  0%| F|  |TAMS 0x00000000e4400000| PB 0x00000000e4400000| Untracked 
|  69|0x00000000e4500000, 0x00000000e4500000, 0x00000000e4600000|  0%| F|  |TAMS 0x00000000e4500000| PB 0x00000000e4500000| Untracked 
|  70|0x00000000e4600000, 0x00000000e4600000, 0x00000000e4700000|  0%| F|  |TAMS 0x00000000e4600000| PB 0x00000000e4600000| Untracked 
|  71|0x00000000e4700000, 0x00000000e4700000, 0x00000000e4800000|  0%| F|  |TAMS 0x00000000e4700000| PB 0x00000000e4700000| Untracked 
|  72|0x00000000e4800000, 0x00000000e4800000, 0x00000000e4900000|  0%| F|  |TAMS 0x00000000e4800000| PB 0x00000000e4800000| Untracked 
|  73|0x00000000e4900000, 0x00000000e4900000, 0x00000000e4a00000|  0%| F|  |TAMS 0x00000000e4900000| PB 0x00000000e4900000| Untracked 
|  74|0x00000000e4a00000, 0x00000000e4a00000, 0x00000000e4b00000|  0%| F|  |TAMS 0x00000000e4a00000| PB 0x00000000e4a00000| Untracked 
|  75|0x00000000e4b00000, 0x00000000e4b00000, 0x00000000e4c00000|  0%| F|  |TAMS 0x00000000e4b00000| PB 0x00000000e4b00000| Untracked 
|  76|0x00000000e4c00000, 0x00000000e4c00000, 0x00000000e4d00000|  0%| F|  |TAMS 0x00000000e4c00000| PB 0x00000000e4c00000| Untracked 
|  77|0x00000000e4d00000, 0x00000000e4d00000, 0x00000000e4e00000|  0%| F|  |TAMS 0x00000000e4d00000| PB 0x00000000e4d00000| Untracked 
|  78|0x00000000e4e00000, 0x00000000e4e00000, 0x00000000e4f00000|  0%| F|  |TAMS 0x00000000e4e00000| PB 0x00000000e4e00000| Untracked 
|  79|0x00000000e4f00000, 0x00000000e4f00000, 0x00000000e5000000|  0%| F|  |TAMS 0x00000000e4f00000| PB 0x00000000e4f00000| Untracked 
|  80|0x00000000e5000000, 0x00000000e5000000, 0x00000000e5100000|  0%| F|  |TAMS 0x00000000e5000000| PB 0x00000000e5000000| Untracked 
|  81|0x00000000e5100000, 0x00000000e5100000, 0x00000000e5200000|  0%| F|  |TAMS 0x00000000e5100000| PB 0x00000000e5100000| Untracked 
|  82|0x00000000e5200000, 0x00000000e5200000, 0x00000000e5300000|  0%| F|  |TAMS 0x00000000e5200000| PB 0x00000000e5200000| Untracked 
|  83|0x00000000e5300000, 0x00000000e5300000, 0x00000000e5400000|  0%| F|  |TAMS 0x00000000e5300000| PB 0x00000000e5300000| Untracked 
|  84|0x00000000e5400000, 0x00000000e5400000, 0x00000000e5500000|  0%| F|  |TAMS 0x00000000e5400000| PB 0x00000000e5400000| Untracked 
|  85|0x00000000e5500000, 0x00000000e5500000, 0x00000000e5600000|  0%| F|  |TAMS 0x00000000e5500000| PB 0x00000000e5500000| Untracked 
|  86|0x00000000e5600000, 0x00000000e5600000, 0x00000000e5700000|  0%| F|  |TAMS 0x00000000e5600000| PB 0x00000000e5600000| Untracked 
|  87|0x00000000e5700000, 0x00000000e5700000, 0x00000000e5800000|  0%| F|  |TAMS 0x00000000e5700000| PB 0x00000000e5700000| Untracked 
|  88|0x00000000e5800000, 0x00000000e5800000, 0x00000000e5900000|  0%| F|  |TAMS 0x00000000e5800000| PB 0x00000000e5800000| Untracked 
|  89|0x00000000e5900000, 0x00000000e5a00000, 0x00000000e5a00000|100%| S|CS|TAMS 0x00000000e5900000| PB 0x00000000e5900000| Complete 
|  90|0x00000000e5a00000, 0x00000000e5b00000, 0x00000000e5b00000|100%| S|CS|TAMS 0x00000000e5a00000| PB 0x00000000e5a00000| Complete 
|  91|0x00000000e5b00000, 0x00000000e5c00000, 0x00000000e5c00000|100%| S|CS|TAMS 0x00000000e5b00000| PB 0x00000000e5b00000| Complete 
|  92|0x00000000e5c00000, 0x00000000e5d00000, 0x00000000e5d00000|100%| S|CS|TAMS 0x00000000e5c00000| PB 0x00000000e5c00000| Complete 
|  93|0x00000000e5d00000, 0x00000000e5e00000, 0x00000000e5e00000|100%| S|CS|TAMS 0x00000000e5d00000| PB 0x00000000e5d00000| Complete 
|  94|0x00000000e5e00000, 0x00000000e5f00000, 0x00000000e5f00000|100%| S|CS|TAMS 0x00000000e5e00000| PB 0x00000000e5e00000| Complete 
|  95|0x00000000e5f00000, 0x00000000e6000000, 0x00000000e6000000|100%| S|CS|TAMS 0x00000000e5f00000| PB 0x00000000e5f00000| Complete 
|  96|0x00000000e6000000, 0x00000000e6100000, 0x00000000e6100000|100%| S|CS|TAMS 0x00000000e6000000| PB 0x00000000e6000000| Complete 
|  97|0x00000000e6100000, 0x00000000e6200000, 0x00000000e6200000|100%| S|CS|TAMS 0x00000000e6100000| PB 0x00000000e6100000| Complete 
|  98|0x00000000e6200000, 0x00000000e6300000, 0x00000000e6300000|100%| S|CS|TAMS 0x00000000e6200000| PB 0x00000000e6200000| Complete 
|  99|0x00000000e6300000, 0x00000000e6400000, 0x00000000e6400000|100%| S|CS|TAMS 0x00000000e6300000| PB 0x00000000e6300000| Complete 
| 100|0x00000000e6400000, 0x00000000e6500000, 0x00000000e6500000|100%| S|CS|TAMS 0x00000000e6400000| PB 0x00000000e6400000| Complete 
| 101|0x00000000e6500000, 0x00000000e6600000, 0x00000000e6600000|100%| S|CS|TAMS 0x00000000e6500000| PB 0x00000000e6500000| Complete 
| 102|0x00000000e6600000, 0x00000000e6700000, 0x00000000e6700000|100%| S|CS|TAMS 0x00000000e6600000| PB 0x00000000e6600000| Complete 
| 103|0x00000000e6700000, 0x00000000e6700000, 0x00000000e6800000|  0%| F|  |TAMS 0x00000000e6700000| PB 0x00000000e6700000| Untracked 
| 104|0x00000000e6800000, 0x00000000e6800000, 0x00000000e6900000|  0%| F|  |TAMS 0x00000000e6800000| PB 0x00000000e6800000| Untracked 
| 105|0x00000000e6900000, 0x00000000e6900000, 0x00000000e6a00000|  0%| F|  |TAMS 0x00000000e6900000| PB 0x00000000e6900000| Untracked 
| 106|0x00000000e6a00000, 0x00000000e6a00000, 0x00000000e6b00000|  0%| F|  |TAMS 0x00000000e6a00000| PB 0x00000000e6a00000| Untracked 
| 107|0x00000000e6b00000, 0x00000000e6b00000, 0x00000000e6c00000|  0%| F|  |TAMS 0x00000000e6b00000| PB 0x00000000e6b00000| Untracked 
| 108|0x00000000e6c00000, 0x00000000e6c00000, 0x00000000e6d00000|  0%| F|  |TAMS 0x00000000e6c00000| PB 0x00000000e6c00000| Untracked 
| 109|0x00000000e6d00000, 0x00000000e6d00000, 0x00000000e6e00000|  0%| F|  |TAMS 0x00000000e6d00000| PB 0x00000000e6d00000| Untracked 
| 110|0x00000000e6e00000, 0x00000000e6e00000, 0x00000000e6f00000|  0%| F|  |TAMS 0x00000000e6e00000| PB 0x00000000e6e00000| Untracked 
| 111|0x00000000e6f00000, 0x00000000e6f00000, 0x00000000e7000000|  0%| F|  |TAMS 0x00000000e6f00000| PB 0x00000000e6f00000| Untracked 
| 112|0x00000000e7000000, 0x00000000e7000000, 0x00000000e7100000|  0%| F|  |TAMS 0x00000000e7000000| PB 0x00000000e7000000| Untracked 
| 113|0x00000000e7100000, 0x00000000e7100000, 0x00000000e7200000|  0%| F|  |TAMS 0x00000000e7100000| PB 0x00000000e7100000| Untracked 
| 114|0x00000000e7200000, 0x00000000e7200000, 0x00000000e7300000|  0%| F|  |TAMS 0x00000000e7200000| PB 0x00000000e7200000| Untracked 
| 115|0x00000000e7300000, 0x00000000e7300000, 0x00000000e7400000|  0%| F|  |TAMS 0x00000000e7300000| PB 0x00000000e7300000| Untracked 
| 116|0x00000000e7400000, 0x00000000e7400000, 0x00000000e7500000|  0%| F|  |TAMS 0x00000000e7400000| PB 0x00000000e7400000| Untracked 
| 117|0x00000000e7500000, 0x00000000e7500000, 0x00000000e7600000|  0%| F|  |TAMS 0x00000000e7500000| PB 0x00000000e7500000| Untracked 
| 118|0x00000000e7600000, 0x00000000e7600000, 0x00000000e7700000|  0%| F|  |TAMS 0x00000000e7600000| PB 0x00000000e7600000| Untracked 
| 119|0x00000000e7700000, 0x00000000e7700000, 0x00000000e7800000|  0%| F|  |TAMS 0x00000000e7700000| PB 0x00000000e7700000| Untracked 
| 120|0x00000000e7800000, 0x00000000e7800000, 0x00000000e7900000|  0%| F|  |TAMS 0x00000000e7800000| PB 0x00000000e7800000| Untracked 
| 121|0x00000000e7900000, 0x00000000e7900000, 0x00000000e7a00000|  0%| F|  |TAMS 0x00000000e7900000| PB 0x00000000e7900000| Untracked 
| 122|0x00000000e7a00000, 0x00000000e7a00000, 0x00000000e7b00000|  0%| F|  |TAMS 0x00000000e7a00000| PB 0x00000000e7a00000| Untracked 
| 123|0x00000000e7b00000, 0x00000000e7b00000, 0x00000000e7c00000|  0%| F|  |TAMS 0x00000000e7b00000| PB 0x00000000e7b00000| Untracked 
| 124|0x00000000e7c00000, 0x00000000e7c00000, 0x00000000e7d00000|  0%| F|  |TAMS 0x00000000e7c00000| PB 0x00000000e7c00000| Untracked 
| 125|0x00000000e7d00000, 0x00000000e7d00000, 0x00000000e7e00000|  0%| F|  |TAMS 0x00000000e7d00000| PB 0x00000000e7d00000| Untracked 
| 126|0x00000000e7e00000, 0x00000000e7e00000, 0x00000000e7f00000|  0%| F|  |TAMS 0x00000000e7e00000| PB 0x00000000e7e00000| Untracked 
| 127|0x00000000e7f00000, 0x00000000e7f00000, 0x00000000e8000000|  0%| F|  |TAMS 0x00000000e7f00000| PB 0x00000000e7f00000| Untracked 
| 128|0x00000000e8000000, 0x00000000e8000000, 0x00000000e8100000|  0%| F|  |TAMS 0x00000000e8000000| PB 0x00000000e8000000| Untracked 
| 129|0x00000000e8100000, 0x00000000e8100000, 0x00000000e8200000|  0%| F|  |TAMS 0x00000000e8100000| PB 0x00000000e8100000| Untracked 
| 130|0x00000000e8200000, 0x00000000e8200000, 0x00000000e8300000|  0%| F|  |TAMS 0x00000000e8200000| PB 0x00000000e8200000| Untracked 
| 131|0x00000000e8300000, 0x00000000e8300000, 0x00000000e8400000|  0%| F|  |TAMS 0x00000000e8300000| PB 0x00000000e8300000| Untracked 
| 132|0x00000000e8400000, 0x00000000e8400000, 0x00000000e8500000|  0%| F|  |TAMS 0x00000000e8400000| PB 0x00000000e8400000| Untracked 
| 133|0x00000000e8500000, 0x00000000e8500000, 0x00000000e8600000|  0%| F|  |TAMS 0x00000000e8500000| PB 0x00000000e8500000| Untracked 
| 134|0x00000000e8600000, 0x00000000e8600000, 0x00000000e8700000|  0%| F|  |TAMS 0x00000000e8600000| PB 0x00000000e8600000| Untracked 
| 135|0x00000000e8700000, 0x00000000e8700000, 0x00000000e8800000|  0%| F|  |TAMS 0x00000000e8700000| PB 0x00000000e8700000| Untracked 
| 136|0x00000000e8800000, 0x00000000e8800000, 0x00000000e8900000|  0%| F|  |TAMS 0x00000000e8800000| PB 0x00000000e8800000| Untracked 
| 137|0x00000000e8900000, 0x00000000e8900000, 0x00000000e8a00000|  0%| F|  |TAMS 0x00000000e8900000| PB 0x00000000e8900000| Untracked 
| 138|0x00000000e8a00000, 0x00000000e8a00000, 0x00000000e8b00000|  0%| F|  |TAMS 0x00000000e8a00000| PB 0x00000000e8a00000| Untracked 
| 139|0x00000000e8b00000, 0x00000000e8b00000, 0x00000000e8c00000|  0%| F|  |TAMS 0x00000000e8b00000| PB 0x00000000e8b00000| Untracked 
| 140|0x00000000e8c00000, 0x00000000e8c00000, 0x00000000e8d00000|  0%| F|  |TAMS 0x00000000e8c00000| PB 0x00000000e8c00000| Untracked 
| 141|0x00000000e8d00000, 0x00000000e8d00000, 0x00000000e8e00000|  0%| F|  |TAMS 0x00000000e8d00000| PB 0x00000000e8d00000| Untracked 
| 142|0x00000000e8e00000, 0x00000000e8e00000, 0x00000000e8f00000|  0%| F|  |TAMS 0x00000000e8e00000| PB 0x00000000e8e00000| Untracked 
| 143|0x00000000e8f00000, 0x00000000e8f00000, 0x00000000e9000000|  0%| F|  |TAMS 0x00000000e8f00000| PB 0x00000000e8f00000| Untracked 
| 144|0x00000000e9000000, 0x00000000e9000000, 0x00000000e9100000|  0%| F|  |TAMS 0x00000000e9000000| PB 0x00000000e9000000| Untracked 
| 145|0x00000000e9100000, 0x00000000e9100000, 0x00000000e9200000|  0%| F|  |TAMS 0x00000000e9100000| PB 0x00000000e9100000| Untracked 
| 146|0x00000000e9200000, 0x00000000e9200000, 0x00000000e9300000|  0%| F|  |TAMS 0x00000000e9200000| PB 0x00000000e9200000| Untracked 
| 147|0x00000000e9300000, 0x00000000e9300000, 0x00000000e9400000|  0%| F|  |TAMS 0x00000000e9300000| PB 0x00000000e9300000| Untracked 
| 148|0x00000000e9400000, 0x00000000e9400000, 0x00000000e9500000|  0%| F|  |TAMS 0x00000000e9400000| PB 0x00000000e9400000| Untracked 
| 149|0x00000000e9500000, 0x00000000e9500000, 0x00000000e9600000|  0%| F|  |TAMS 0x00000000e9500000| PB 0x00000000e9500000| Untracked 
| 150|0x00000000e9600000, 0x00000000e9600000, 0x00000000e9700000|  0%| F|  |TAMS 0x00000000e9600000| PB 0x00000000e9600000| Untracked 
| 151|0x00000000e9700000, 0x00000000e9700000, 0x00000000e9800000|  0%| F|  |TAMS 0x00000000e9700000| PB 0x00000000e9700000| Untracked 
| 152|0x00000000e9800000, 0x00000000e9800000, 0x00000000e9900000|  0%| F|  |TAMS 0x00000000e9800000| PB 0x00000000e9800000| Untracked 
| 153|0x00000000e9900000, 0x00000000e9900000, 0x00000000e9a00000|  0%| F|  |TAMS 0x00000000e9900000| PB 0x00000000e9900000| Untracked 
| 154|0x00000000e9a00000, 0x00000000e9a00000, 0x00000000e9b00000|  0%| F|  |TAMS 0x00000000e9a00000| PB 0x00000000e9a00000| Untracked 
| 155|0x00000000e9b00000, 0x00000000e9b00000, 0x00000000e9c00000|  0%| F|  |TAMS 0x00000000e9b00000| PB 0x00000000e9b00000| Untracked 
| 156|0x00000000e9c00000, 0x00000000e9c00000, 0x00000000e9d00000|  0%| F|  |TAMS 0x00000000e9c00000| PB 0x00000000e9c00000| Untracked 
| 157|0x00000000e9d00000, 0x00000000e9d00000, 0x00000000e9e00000|  0%| F|  |TAMS 0x00000000e9d00000| PB 0x00000000e9d00000| Untracked 
| 158|0x00000000e9e00000, 0x00000000e9e00000, 0x00000000e9f00000|  0%| F|  |TAMS 0x00000000e9e00000| PB 0x00000000e9e00000| Untracked 
| 159|0x00000000e9f00000, 0x00000000e9f00000, 0x00000000ea000000|  0%| F|  |TAMS 0x00000000e9f00000| PB 0x00000000e9f00000| Untracked 
| 160|0x00000000ea000000, 0x00000000ea000000, 0x00000000ea100000|  0%| F|  |TAMS 0x00000000ea000000| PB 0x00000000ea000000| Untracked 
| 161|0x00000000ea100000, 0x00000000ea100000, 0x00000000ea200000|  0%| F|  |TAMS 0x00000000ea100000| PB 0x00000000ea100000| Untracked 
| 162|0x00000000ea200000, 0x00000000ea200000, 0x00000000ea300000|  0%| F|  |TAMS 0x00000000ea200000| PB 0x00000000ea200000| Untracked 
| 163|0x00000000ea300000, 0x00000000ea300000, 0x00000000ea400000|  0%| F|  |TAMS 0x00000000ea300000| PB 0x00000000ea300000| Untracked 
| 164|0x00000000ea400000, 0x00000000ea400000, 0x00000000ea500000|  0%| F|  |TAMS 0x00000000ea400000| PB 0x00000000ea400000| Untracked 
| 165|0x00000000ea500000, 0x00000000ea500000, 0x00000000ea600000|  0%| F|  |TAMS 0x00000000ea500000| PB 0x00000000ea500000| Untracked 
| 166|0x00000000ea600000, 0x00000000ea600000, 0x00000000ea700000|  0%| F|  |TAMS 0x00000000ea600000| PB 0x00000000ea600000| Untracked 
| 167|0x00000000ea700000, 0x00000000ea700000, 0x00000000ea800000|  0%| F|  |TAMS 0x00000000ea700000| PB 0x00000000ea700000| Untracked 
| 168|0x00000000ea800000, 0x00000000ea800000, 0x00000000ea900000|  0%| F|  |TAMS 0x00000000ea800000| PB 0x00000000ea800000| Untracked 
| 169|0x00000000ea900000, 0x00000000ea900000, 0x00000000eaa00000|  0%| F|  |TAMS 0x00000000ea900000| PB 0x00000000ea900000| Untracked 
| 170|0x00000000eaa00000, 0x00000000eaa00000, 0x00000000eab00000|  0%| F|  |TAMS 0x00000000eaa00000| PB 0x00000000eaa00000| Untracked 
| 171|0x00000000eab00000, 0x00000000eab00000, 0x00000000eac00000|  0%| F|  |TAMS 0x00000000eab00000| PB 0x00000000eab00000| Untracked 
| 172|0x00000000eac00000, 0x00000000eac00000, 0x00000000ead00000|  0%| F|  |TAMS 0x00000000eac00000| PB 0x00000000eac00000| Untracked 
| 173|0x00000000ead00000, 0x00000000eae00000, 0x00000000eae00000|100%| E|  |TAMS 0x00000000ead00000| PB 0x00000000ead00000| Complete 
| 174|0x00000000eae00000, 0x00000000eaf00000, 0x00000000eaf00000|100%| E|CS|TAMS 0x00000000eae00000| PB 0x00000000eae00000| Complete 
| 175|0x00000000eaf00000, 0x00000000eb000000, 0x00000000eb000000|100%| E|CS|TAMS 0x00000000eaf00000| PB 0x00000000eaf00000| Complete 
| 176|0x00000000eb000000, 0x00000000eb100000, 0x00000000eb100000|100%| E|CS|TAMS 0x00000000eb000000| PB 0x00000000eb000000| Complete 
| 177|0x00000000eb100000, 0x00000000eb200000, 0x00000000eb200000|100%| E|CS|TAMS 0x00000000eb100000| PB 0x00000000eb100000| Complete 
| 178|0x00000000eb200000, 0x00000000eb300000, 0x00000000eb300000|100%| E|CS|TAMS 0x00000000eb200000| PB 0x00000000eb200000| Complete 
| 179|0x00000000eb300000, 0x00000000eb400000, 0x00000000eb400000|100%| E|CS|TAMS 0x00000000eb300000| PB 0x00000000eb300000| Complete 
| 180|0x00000000eb400000, 0x00000000eb500000, 0x00000000eb500000|100%| E|CS|TAMS 0x00000000eb400000| PB 0x00000000eb400000| Complete 
| 181|0x00000000eb500000, 0x00000000eb600000, 0x00000000eb600000|100%| E|CS|TAMS 0x00000000eb500000| PB 0x00000000eb500000| Complete 
| 182|0x00000000eb600000, 0x00000000eb700000, 0x00000000eb700000|100%| E|CS|TAMS 0x00000000eb600000| PB 0x00000000eb600000| Complete 
| 183|0x00000000eb700000, 0x00000000eb800000, 0x00000000eb800000|100%| E|CS|TAMS 0x00000000eb700000| PB 0x00000000eb700000| Complete 
| 184|0x00000000eb800000, 0x00000000eb900000, 0x00000000eb900000|100%| E|CS|TAMS 0x00000000eb800000| PB 0x00000000eb800000| Complete 
| 185|0x00000000eb900000, 0x00000000eba00000, 0x00000000eba00000|100%| E|CS|TAMS 0x00000000eb900000| PB 0x00000000eb900000| Complete 
| 186|0x00000000eba00000, 0x00000000ebb00000, 0x00000000ebb00000|100%| E|CS|TAMS 0x00000000eba00000| PB 0x00000000eba00000| Complete 
| 187|0x00000000ebb00000, 0x00000000ebc00000, 0x00000000ebc00000|100%| E|CS|TAMS 0x00000000ebb00000| PB 0x00000000ebb00000| Complete 
| 188|0x00000000ebc00000, 0x00000000ebd00000, 0x00000000ebd00000|100%| E|CS|TAMS 0x00000000ebc00000| PB 0x00000000ebc00000| Complete 
| 189|0x00000000ebd00000, 0x00000000ebe00000, 0x00000000ebe00000|100%| E|CS|TAMS 0x00000000ebd00000| PB 0x00000000ebd00000| Complete 
| 190|0x00000000ebe00000, 0x00000000ebf00000, 0x00000000ebf00000|100%| E|CS|TAMS 0x00000000ebe00000| PB 0x00000000ebe00000| Complete 
| 191|0x00000000ebf00000, 0x00000000ec000000, 0x00000000ec000000|100%| E|CS|TAMS 0x00000000ebf00000| PB 0x00000000ebf00000| Complete 
| 192|0x00000000ec000000, 0x00000000ec100000, 0x00000000ec100000|100%| E|CS|TAMS 0x00000000ec000000| PB 0x00000000ec000000| Complete 
| 193|0x00000000ec100000, 0x00000000ec200000, 0x00000000ec200000|100%| E|CS|TAMS 0x00000000ec100000| PB 0x00000000ec100000| Complete 
| 194|0x00000000ec200000, 0x00000000ec300000, 0x00000000ec300000|100%| E|CS|TAMS 0x00000000ec200000| PB 0x00000000ec200000| Complete 
| 195|0x00000000ec300000, 0x00000000ec400000, 0x00000000ec400000|100%| E|CS|TAMS 0x00000000ec300000| PB 0x00000000ec300000| Complete 
| 196|0x00000000ec400000, 0x00000000ec500000, 0x00000000ec500000|100%| E|CS|TAMS 0x00000000ec400000| PB 0x00000000ec400000| Complete 
| 197|0x00000000ec500000, 0x00000000ec600000, 0x00000000ec600000|100%| E|CS|TAMS 0x00000000ec500000| PB 0x00000000ec500000| Complete 
| 198|0x00000000ec600000, 0x00000000ec700000, 0x00000000ec700000|100%| E|CS|TAMS 0x00000000ec600000| PB 0x00000000ec600000| Complete 
| 199|0x00000000ec700000, 0x00000000ec800000, 0x00000000ec800000|100%| E|CS|TAMS 0x00000000ec700000| PB 0x00000000ec700000| Complete 
| 200|0x00000000ec800000, 0x00000000ec900000, 0x00000000ec900000|100%| E|CS|TAMS 0x00000000ec800000| PB 0x00000000ec800000| Complete 
| 201|0x00000000ec900000, 0x00000000eca00000, 0x00000000eca00000|100%| E|CS|TAMS 0x00000000ec900000| PB 0x00000000ec900000| Complete 
| 202|0x00000000eca00000, 0x00000000ecb00000, 0x00000000ecb00000|100%| E|CS|TAMS 0x00000000eca00000| PB 0x00000000eca00000| Complete 
| 203|0x00000000ecb00000, 0x00000000ecc00000, 0x00000000ecc00000|100%| E|CS|TAMS 0x00000000ecb00000| PB 0x00000000ecb00000| Complete 
| 204|0x00000000ecc00000, 0x00000000ecd00000, 0x00000000ecd00000|100%| E|CS|TAMS 0x00000000ecc00000| PB 0x00000000ecc00000| Complete 
| 205|0x00000000ecd00000, 0x00000000ece00000, 0x00000000ece00000|100%| E|CS|TAMS 0x00000000ecd00000| PB 0x00000000ecd00000| Complete 
| 206|0x00000000ece00000, 0x00000000ecf00000, 0x00000000ecf00000|100%| E|CS|TAMS 0x00000000ece00000| PB 0x00000000ece00000| Complete 
| 207|0x00000000ecf00000, 0x00000000ed000000, 0x00000000ed000000|100%| E|CS|TAMS 0x00000000ecf00000| PB 0x00000000ecf00000| Complete 
| 208|0x00000000ed000000, 0x00000000ed100000, 0x00000000ed100000|100%| E|CS|TAMS 0x00000000ed000000| PB 0x00000000ed000000| Complete 
| 209|0x00000000ed100000, 0x00000000ed200000, 0x00000000ed200000|100%| E|CS|TAMS 0x00000000ed100000| PB 0x00000000ed100000| Complete 
| 210|0x00000000ed200000, 0x00000000ed300000, 0x00000000ed300000|100%| E|CS|TAMS 0x00000000ed200000| PB 0x00000000ed200000| Complete 
| 211|0x00000000ed300000, 0x00000000ed400000, 0x00000000ed400000|100%| E|CS|TAMS 0x00000000ed300000| PB 0x00000000ed300000| Complete 
| 212|0x00000000ed400000, 0x00000000ed500000, 0x00000000ed500000|100%| E|CS|TAMS 0x00000000ed400000| PB 0x00000000ed400000| Complete 
| 213|0x00000000ed500000, 0x00000000ed600000, 0x00000000ed600000|100%| E|CS|TAMS 0x00000000ed500000| PB 0x00000000ed500000| Complete 
| 214|0x00000000ed600000, 0x00000000ed700000, 0x00000000ed700000|100%| E|CS|TAMS 0x00000000ed600000| PB 0x00000000ed600000| Complete 
| 215|0x00000000ed700000, 0x00000000ed800000, 0x00000000ed800000|100%| E|CS|TAMS 0x00000000ed700000| PB 0x00000000ed700000| Complete 
| 216|0x00000000ed800000, 0x00000000ed900000, 0x00000000ed900000|100%| E|CS|TAMS 0x00000000ed800000| PB 0x00000000ed800000| Complete 
| 217|0x00000000ed900000, 0x00000000eda00000, 0x00000000eda00000|100%| E|CS|TAMS 0x00000000ed900000| PB 0x00000000ed900000| Complete 
| 218|0x00000000eda00000, 0x00000000edb00000, 0x00000000edb00000|100%| E|CS|TAMS 0x00000000eda00000| PB 0x00000000eda00000| Complete 
| 219|0x00000000edb00000, 0x00000000edc00000, 0x00000000edc00000|100%| E|CS|TAMS 0x00000000edb00000| PB 0x00000000edb00000| Complete 
| 220|0x00000000edc00000, 0x00000000edd00000, 0x00000000edd00000|100%| E|CS|TAMS 0x00000000edc00000| PB 0x00000000edc00000| Complete 
| 221|0x00000000edd00000, 0x00000000ede00000, 0x00000000ede00000|100%| E|CS|TAMS 0x00000000edd00000| PB 0x00000000edd00000| Complete 
| 222|0x00000000ede00000, 0x00000000edf00000, 0x00000000edf00000|100%| E|CS|TAMS 0x00000000ede00000| PB 0x00000000ede00000| Complete 
| 223|0x00000000edf00000, 0x00000000ee000000, 0x00000000ee000000|100%| E|CS|TAMS 0x00000000edf00000| PB 0x00000000edf00000| Complete 
| 224|0x00000000ee000000, 0x00000000ee100000, 0x00000000ee100000|100%| E|CS|TAMS 0x00000000ee000000| PB 0x00000000ee000000| Complete 
| 225|0x00000000ee100000, 0x00000000ee200000, 0x00000000ee200000|100%| E|CS|TAMS 0x00000000ee100000| PB 0x00000000ee100000| Complete 
| 226|0x00000000ee200000, 0x00000000ee300000, 0x00000000ee300000|100%| E|CS|TAMS 0x00000000ee200000| PB 0x00000000ee200000| Complete 
| 227|0x00000000ee300000, 0x00000000ee400000, 0x00000000ee400000|100%| E|CS|TAMS 0x00000000ee300000| PB 0x00000000ee300000| Complete 
| 228|0x00000000ee400000, 0x00000000ee500000, 0x00000000ee500000|100%| E|CS|TAMS 0x00000000ee400000| PB 0x00000000ee400000| Complete 
| 229|0x00000000ee500000, 0x00000000ee600000, 0x00000000ee600000|100%| E|CS|TAMS 0x00000000ee500000| PB 0x00000000ee500000| Complete 
| 230|0x00000000ee600000, 0x00000000ee700000, 0x00000000ee700000|100%| E|CS|TAMS 0x00000000ee600000| PB 0x00000000ee600000| Complete 
| 231|0x00000000ee700000, 0x00000000ee800000, 0x00000000ee800000|100%| E|CS|TAMS 0x00000000ee700000| PB 0x00000000ee700000| Complete 
| 232|0x00000000ee800000, 0x00000000ee900000, 0x00000000ee900000|100%| E|CS|TAMS 0x00000000ee800000| PB 0x00000000ee800000| Complete 
| 233|0x00000000ee900000, 0x00000000eea00000, 0x00000000eea00000|100%| E|CS|TAMS 0x00000000ee900000| PB 0x00000000ee900000| Complete 
| 234|0x00000000eea00000, 0x00000000eeb00000, 0x00000000eeb00000|100%| E|CS|TAMS 0x00000000eea00000| PB 0x00000000eea00000| Complete 
| 235|0x00000000eeb00000, 0x00000000eec00000, 0x00000000eec00000|100%| E|CS|TAMS 0x00000000eeb00000| PB 0x00000000eeb00000| Complete 
| 236|0x00000000eec00000, 0x00000000eed00000, 0x00000000eed00000|100%| E|CS|TAMS 0x00000000eec00000| PB 0x00000000eec00000| Complete 
| 237|0x00000000eed00000, 0x00000000eee00000, 0x00000000eee00000|100%| E|CS|TAMS 0x00000000eed00000| PB 0x00000000eed00000| Complete 
| 238|0x00000000eee00000, 0x00000000eef00000, 0x00000000eef00000|100%| E|CS|TAMS 0x00000000eee00000| PB 0x00000000eee00000| Complete 
| 239|0x00000000eef00000, 0x00000000ef000000, 0x00000000ef000000|100%| E|CS|TAMS 0x00000000eef00000| PB 0x00000000eef00000| Complete 
| 240|0x00000000ef000000, 0x00000000ef100000, 0x00000000ef100000|100%| E|CS|TAMS 0x00000000ef000000| PB 0x00000000ef000000| Complete 
| 241|0x00000000ef100000, 0x00000000ef200000, 0x00000000ef200000|100%| E|CS|TAMS 0x00000000ef100000| PB 0x00000000ef100000| Complete 
| 242|0x00000000ef200000, 0x00000000ef300000, 0x00000000ef300000|100%| E|CS|TAMS 0x00000000ef200000| PB 0x00000000ef200000| Complete 
| 243|0x00000000ef300000, 0x00000000ef400000, 0x00000000ef400000|100%| E|CS|TAMS 0x00000000ef300000| PB 0x00000000ef300000| Complete 
| 244|0x00000000ef400000, 0x00000000ef500000, 0x00000000ef500000|100%| E|CS|TAMS 0x00000000ef400000| PB 0x00000000ef400000| Complete 
| 245|0x00000000ef500000, 0x00000000ef600000, 0x00000000ef600000|100%| E|CS|TAMS 0x00000000ef500000| PB 0x00000000ef500000| Complete 
| 246|0x00000000ef600000, 0x00000000ef700000, 0x00000000ef700000|100%| E|CS|TAMS 0x00000000ef600000| PB 0x00000000ef600000| Complete 
| 247|0x00000000ef700000, 0x00000000ef800000, 0x00000000ef800000|100%| E|CS|TAMS 0x00000000ef700000| PB 0x00000000ef700000| Complete 
| 248|0x00000000ef800000, 0x00000000ef900000, 0x00000000ef900000|100%| E|CS|TAMS 0x00000000ef800000| PB 0x00000000ef800000| Complete 
| 249|0x00000000ef900000, 0x00000000efa00000, 0x00000000efa00000|100%| E|CS|TAMS 0x00000000ef900000| PB 0x00000000ef900000| Complete 
| 250|0x00000000efa00000, 0x00000000efb00000, 0x00000000efb00000|100%| E|CS|TAMS 0x00000000efa00000| PB 0x00000000efa00000| Complete 
| 251|0x00000000efb00000, 0x00000000efc00000, 0x00000000efc00000|100%| E|CS|TAMS 0x00000000efb00000| PB 0x00000000efb00000| Complete 
| 252|0x00000000efc00000, 0x00000000efd00000, 0x00000000efd00000|100%| E|CS|TAMS 0x00000000efc00000| PB 0x00000000efc00000| Complete 
| 253|0x00000000efd00000, 0x00000000efe00000, 0x00000000efe00000|100%| E|CS|TAMS 0x00000000efd00000| PB 0x00000000efd00000| Complete 
| 254|0x00000000efe00000, 0x00000000eff00000, 0x00000000eff00000|100%| E|CS|TAMS 0x00000000efe00000| PB 0x00000000efe00000| Complete 
| 255|0x00000000eff00000, 0x00000000f0000000, 0x00000000f0000000|100%| E|CS|TAMS 0x00000000eff00000| PB 0x00000000eff00000| Complete 

Card table byte_map: [0x000001cff9040000,0x000001cff9140000] _byte_map_base: 0x000001cff8940000

Marking Bits: (CMBitMap*) 0x000001cff5a2e380
 Bits: [0x000001cff9140000, 0x000001cff9940000)

Polling page: 0x000001cff3a00000

Metaspace:

Usage:
  Non-class:     46.11 MB used.
      Class:      8.11 MB used.
       Both:     54.22 MB used.

Virtual space:
  Non-class space:       64.00 MB reserved,      47.19 MB ( 74%) committed,  1 nodes.
      Class space:      320.00 MB reserved,       9.19 MB (  3%) committed,  1 nodes.
             Both:      384.00 MB reserved,      56.38 MB ( 15%) committed. 

Chunk freelists:
   Non-Class:  608.00 KB
       Class:  6.80 MB
        Both:  7.39 MB

MaxMetaspaceSize: 384.00 MB
CompressedClassSpaceSize: 320.00 MB
Initial GC threshold: 21.00 MB
Current GC threshold: 58.88 MB
CDS: on
 - commit_granule_bytes: 65536.
 - commit_granule_words: 8192.
 - virtual_space_node_default_size: 8388608.
 - enlarge_chunks_in_place: 1.
 - use_allocation_guard: 0.


Internal statistics:

num_allocs_failed_limit: 6.
num_arena_births: 3874.
num_arena_deaths: 0.
num_vsnodes_births: 2.
num_vsnodes_deaths: 0.
num_space_committed: 902.
num_space_uncommitted: 0.
num_chunks_returned_to_freelist: 6.
num_chunks_taken_from_freelist: 6721.
num_chunk_merges: 6.
num_chunk_splits: 4302.
num_chunks_enlarged: 2528.
num_inconsistent_stats: 0.

CodeHeap 'non-profiled nmethods': size=120000Kb used=3830Kb max_used=3830Kb free=116169Kb
 bounds [0x000001cf87ad0000, 0x000001cf87e90000, 0x000001cf8f000000]
CodeHeap 'profiled nmethods': size=120000Kb used=13607Kb max_used=13607Kb free=106392Kb
 bounds [0x000001cf80000000, 0x000001cf80d50000, 0x000001cf87530000]
CodeHeap 'non-nmethods': size=5760Kb used=1897Kb max_used=1973Kb free=3862Kb
 bounds [0x000001cf87530000, 0x000001cf877a0000, 0x000001cf87ad0000]
CodeCache: size=245760Kb, used=19334Kb, max_used=19410Kb, free=226423Kb
 total_blobs=7704, nmethods=6936, adapters=672, full_count=0
Compilation: enabled, stopped_count=0, restarted_count=0

Compilation events (20 events):
Event: 425.851 Thread 0x000001cffc3a8f40 7214       3       com.sun.beans.introspect.PropertyInfo::isConstrained (101 bytes)
Event: 425.852 Thread 0x000001cffc3a8f40 nmethod 7214 0x000001cf80cd3a90 code [0x000001cf80cd3c60, 0x000001cf80cd3f20]
Event: 425.907 Thread 0x000001cffc3a3480 nmethod 7192 0x000001cf87e84a10 code [0x000001cf87e84ee0, 0x000001cf87e87660]
Event: 425.907 Thread 0x000001cffc3a3480 7199   !   4       java.lang.Class::getTypeName (46 bytes)
Event: 425.911 Thread 0x000001cffc3a8f40 7217       3       org.codehaus.groovy.reflection.CachedMethod::find (34 bytes)
Event: 425.913 Thread 0x000001cffc3a8f40 nmethod 7217 0x000001cf80cd4010 code [0x000001cf80cd4260, 0x000001cf80cd4d40]
Event: 425.913 Thread 0x000001cffc3a8f40 7219       3       groovy.lang.MetaClassImpl::findMethod (130 bytes)
Event: 425.915 Thread 0x000001cffc3a8f40 nmethod 7219 0x000001cf80cd5090 code [0x000001cf80cd5360, 0x000001cf80cd63d0]
Event: 425.915 Thread 0x000001cffc3a8f40 7218       3       java.util.Arrays::binarySearch (10 bytes)
Event: 425.915 Thread 0x000001cffc3a8f40 nmethod 7218 0x000001cf80cd6910 code [0x000001cf80cd6ac0, 0x000001cf80cd6bf0]
Event: 425.916 Thread 0x000001cffc3a3480 nmethod 7199 0x000001cf87e88f10 code [0x000001cf87e89100, 0x000001cf87e89350]
Event: 425.916 Thread 0x000001cffc3a3480 7212       4       java.lang.reflect.Method::getGenericInfo (28 bytes)
Event: 425.921 Thread 0x000001cffc3a8f40 7220       3       org.codehaus.groovy.util.LockableObject::unlock (7 bytes)
Event: 425.921 Thread 0x000001cffc3a8f40 nmethod 7220 0x000001cf80cd6d10 code [0x000001cf80cd6ee0, 0x000001cf80cd71b0]
Event: 425.922 Thread 0x000001cffc3a8f40 7222       3       java.lang.invoke.MethodType::appendParameterTypes (10 bytes)
Event: 425.923 Thread 0x000001cffc3a8f40 nmethod 7222 0x000001cf80cd7290 code [0x000001cf80cd7440, 0x000001cf80cd75f0]
Event: 425.928 Thread 0x000001cffc3a8f40 7224       3       java.lang.invoke.InvokerBytecodeGenerator::refKindOpcode (112 bytes)
Event: 425.929 Thread 0x000001cffc3a8f40 nmethod 7224 0x000001cf80cd7710 code [0x000001cf80cd7980, 0x000001cf80cd8188]
Event: 425.935 Thread 0x000001cffc3a8f40 7225       3       org.gradle.internal.ImmutableActionSet::<init> (5 bytes)
Event: 425.935 Thread 0x000001cffc3a8f40 nmethod 7225 0x000001cf80cd8410 code [0x000001cf80cd85c0, 0x000001cf80cd8728]

GC Heap History (10 events):
Event: 35.601 GC heap before
{Heap before GC invocations=0 (full 0):
 garbage-first heap   total 262144K, used 26624K [0x00000000e0000000, 0x0000000100000000)
  region size 1024K, 23 young (23552K), 0 survivors (0K)
 Metaspace       used 3024K, committed 3200K, reserved 393216K
  class space    used 363K, committed 448K, reserved 327680K
}
Event: 42.020 GC heap after
{Heap after GC invocations=1 (full 0):
 garbage-first heap   total 262144K, used 11178K [0x00000000e0000000, 0x0000000100000000)
  region size 1024K, 3 young (3072K), 3 survivors (3072K)
 Metaspace       used 3024K, committed 3200K, reserved 393216K
  class space    used 363K, committed 448K, reserved 327680K
}
Event: 66.043 GC heap before
{Heap before GC invocations=1 (full 0):
 garbage-first heap   total 262144K, used 39850K [0x00000000e0000000, 0x0000000100000000)
  region size 1024K, 30 young (30720K), 3 survivors (3072K)
 Metaspace       used 4648K, committed 4864K, reserved 393216K
  class space    used 593K, committed 704K, reserved 327680K
}
Event: 66.049 GC heap after
{Heap after GC invocations=2 (full 0):
 garbage-first heap   total 262144K, used 14322K [0x00000000e0000000, 0x0000000100000000)
  region size 1024K, 2 young (2048K), 2 survivors (2048K)
 Metaspace       used 4648K, committed 4864K, reserved 393216K
  class space    used 593K, committed 704K, reserved 327680K
}
Event: 268.997 GC heap before
{Heap before GC invocations=2 (full 0):
 garbage-first heap   total 262144K, used 131058K [0x00000000e0000000, 0x0000000100000000)
  region size 1024K, 116 young (118784K), 2 survivors (2048K)
 Metaspace       used 20846K, committed 21504K, reserved 393216K
  class space    used 2958K, committed 3264K, reserved 327680K
}
Event: 269.615 GC heap after
{Heap after GC invocations=3 (full 0):
 garbage-first heap   total 262144K, used 24809K [0x00000000e0000000, 0x0000000100000000)
  region size 1024K, 13 young (13312K), 13 survivors (13312K)
 Metaspace       used 20846K, committed 21504K, reserved 393216K
  class space    used 2958K, committed 3264K, reserved 327680K
}
Event: 278.647 GC heap before
{Heap before GC invocations=4 (full 0):
 garbage-first heap   total 262144K, used 127209K [0x00000000e0000000, 0x0000000100000000)
  region size 1024K, 113 young (115712K), 13 survivors (13312K)
 Metaspace       used 34664K, committed 36096K, reserved 393216K
  class space    used 4972K, committed 5696K, reserved 327680K
}
Event: 278.666 GC heap after
{Heap after GC invocations=5 (full 0):
 garbage-first heap   total 262144K, used 29965K [0x00000000e0000000, 0x0000000100000000)
  region size 1024K, 16 young (16384K), 16 survivors (16384K)
 Metaspace       used 34664K, committed 36096K, reserved 393216K
  class space    used 4972K, committed 5696K, reserved 327680K
}
Event: 404.422 GC heap before
{Heap before GC invocations=6 (full 0):
 garbage-first heap   total 262144K, used 169229K [0x00000000e0000000, 0x0000000100000000)
  region size 1024K, 153 young (156672K), 16 survivors (16384K)
 Metaspace       used 49155K, committed 51072K, reserved 393216K
  class space    used 7249K, committed 8192K, reserved 327680K
}
Event: 404.663 GC heap after
{Heap after GC invocations=7 (full 0):
 garbage-first heap   total 262144K, used 38287K [0x00000000e0000000, 0x0000000100000000)
  region size 1024K, 14 young (14336K), 14 survivors (14336K)
 Metaspace       used 49155K, committed 51072K, reserved 393216K
  class space    used 7249K, committed 8192K, reserved 327680K
}

Dll operation events (20 events):
Event: 2.859 Attempting to load shared library C:\Users\x380\.vscode\extensions\redhat.java-1.56.0-win32-x64\jre\21.0.12.1-win32-x86_64\bin\nio.dll
Event: 3.121 Loaded shared library C:\Users\x380\.vscode\extensions\redhat.java-1.56.0-win32-x64\jre\21.0.12.1-win32-x86_64\bin\nio.dll
Event: 3.137 Attempting to load shared library C:\Users\x380\.vscode\extensions\redhat.java-1.56.0-win32-x64\jre\21.0.12.1-win32-x86_64\bin\zip.dll
Event: 3.137 Loaded shared library C:\Users\x380\.vscode\extensions\redhat.java-1.56.0-win32-x64\jre\21.0.12.1-win32-x86_64\bin\zip.dll
Event: 12.973 Attempting to load shared library C:\Users\x380\.vscode\extensions\redhat.java-1.56.0-win32-x64\jre\21.0.12.1-win32-x86_64\bin\jimage.dll
Event: 12.973 Loaded shared library C:\Users\x380\.vscode\extensions\redhat.java-1.56.0-win32-x64\jre\21.0.12.1-win32-x86_64\bin\jimage.dll
Event: 26.777 Attempting to load shared library C:\Users\x380\.vscode\extensions\redhat.java-1.56.0-win32-x64\jre\21.0.12.1-win32-x86_64\bin\verify.dll
Event: 26.780 Loaded shared library C:\Users\x380\.vscode\extensions\redhat.java-1.56.0-win32-x64\jre\21.0.12.1-win32-x86_64\bin\verify.dll
Event: 28.843 Attempting to load shared library C:\Users\x380\.gradle\native\660c5614fbf4a5f2a75b1949f50a0caf5cd603558e7d8a26e50b933a0cfb79d1\windows-amd64\native-platform.dll
Event: 28.845 Loaded shared library C:\Users\x380\.gradle\native\660c5614fbf4a5f2a75b1949f50a0caf5cd603558e7d8a26e50b933a0cfb79d1\windows-amd64\native-platform.dll
Event: 29.370 Attempting to load shared library C:\Users\x380\.gradle\native\0.2.8\x86_64-windows-gnu\gradle-fileevents.dll
Event: 29.372 Loaded shared library C:\Users\x380\.gradle\native\0.2.8\x86_64-windows-gnu\gradle-fileevents.dll
Event: 84.337 Attempting to load shared library C:\Users\x380\.vscode\extensions\redhat.java-1.56.0-win32-x64\jre\21.0.12.1-win32-x86_64\bin\management.dll
Event: 84.869 Loaded shared library C:\Users\x380\.vscode\extensions\redhat.java-1.56.0-win32-x64\jre\21.0.12.1-win32-x86_64\bin\management.dll
Event: 84.884 Attempting to load shared library C:\Users\x380\.vscode\extensions\redhat.java-1.56.0-win32-x64\jre\21.0.12.1-win32-x86_64\bin\management_ext.dll
Event: 84.887 Loaded shared library C:\Users\x380\.vscode\extensions\redhat.java-1.56.0-win32-x64\jre\21.0.12.1-win32-x86_64\bin\management_ext.dll
Event: 92.311 Attempting to load shared library C:\Users\x380\.vscode\extensions\redhat.java-1.56.0-win32-x64\jre\21.0.12.1-win32-x86_64\bin\extnet.dll
Event: 92.315 Loaded shared library C:\Users\x380\.vscode\extensions\redhat.java-1.56.0-win32-x64\jre\21.0.12.1-win32-x86_64\bin\extnet.dll
Event: 237.157 Attempting to load shared library C:\Users\x380\.vscode\extensions\redhat.java-1.56.0-win32-x64\jre\21.0.12.1-win32-x86_64\bin\sunmscapi.dll
Event: 237.469 Loaded shared library C:\Users\x380\.vscode\extensions\redhat.java-1.56.0-win32-x64\jre\21.0.12.1-win32-x86_64\bin\sunmscapi.dll

Deoptimization events (20 events):
Event: 423.392 Thread 0x000001cffe935d40 Uncommon trap: trap_request=0xffffff45 fr.pc=0x000001cf87d5809c relative=0x0000000000000e7c
Event: 423.392 Thread 0x000001cffe935d40 Uncommon trap: reason=unstable_if action=reinterpret pc=0x000001cf87d5809c method=java.lang.invoke.InvokerBytecodeGenerator.isStaticallyNameable(Ljava/lang/Class;)Z @ 135 c2
Event: 423.392 Thread 0x000001cffe935d40 DEOPT PACKING pc=0x000001cf87d5809c sp=0x000000073f4f6960
Event: 423.393 Thread 0x000001cffe935d40 DEOPT UNPACKING pc=0x000001cf87584422 sp=0x000000073f4f6830 mode 2
Event: 424.232 Thread 0x000001cffe935d40 Uncommon trap: trap_request=0xffffff45 fr.pc=0x000001cf87c5d870 relative=0x0000000000000230
Event: 424.232 Thread 0x000001cffe935d40 Uncommon trap: reason=unstable_if action=reinterpret pc=0x000001cf87c5d870 method=java.lang.invoke.LambdaForm.useCount(Ljava/lang/invoke/LambdaForm$Name;)I @ 8 c2
Event: 424.232 Thread 0x000001cffe935d40 DEOPT PACKING pc=0x000001cf87c5d870 sp=0x000000073f4f3a60
Event: 424.232 Thread 0x000001cffe935d40 DEOPT UNPACKING pc=0x000001cf87584422 sp=0x000000073f4f39f8 mode 2
Event: 425.072 Thread 0x000001cffe935d40 Uncommon trap: trap_request=0xffffffcc fr.pc=0x000001cf87e78c90 relative=0x0000000000000250
Event: 425.072 Thread 0x000001cffe935d40 Uncommon trap: reason=intrinsic_or_type_checked_inlining action=make_not_entrant pc=0x000001cf87e78c90 method=java.util.ArrayList.toArray([Ljava/lang/Object;)[Ljava/lang/Object; @ 36 c2
Event: 425.072 Thread 0x000001cffe935d40 DEOPT PACKING pc=0x000001cf87e78c90 sp=0x000000073f4f4790
Event: 425.072 Thread 0x000001cffe935d40 DEOPT UNPACKING pc=0x000001cf87584422 sp=0x000000073f4f4730 mode 2
Event: 425.526 Thread 0x000001cffe935d40 Uncommon trap: trap_request=0xffffffdc fr.pc=0x000001cf87e795a8 relative=0x00000000000002e8
Event: 425.526 Thread 0x000001cffe935d40 Uncommon trap: reason=class_check action=make_not_entrant pc=0x000001cf87e795a8 method=java.util.ArrayList.toArray([Ljava/lang/Object;)[Ljava/lang/Object; @ 21 c2
Event: 425.526 Thread 0x000001cffe935d40 DEOPT PACKING pc=0x000001cf87e795a8 sp=0x000000073f4f7820
Event: 425.526 Thread 0x000001cffe935d40 DEOPT UNPACKING pc=0x000001cf87584422 sp=0x000000073f4f77f0 mode 2
Event: 425.761 Thread 0x000001cffe935d40 Uncommon trap: trap_request=0xffffff45 fr.pc=0x000001cf87e802dc relative=0x000000000000017c
Event: 425.761 Thread 0x000001cffe935d40 Uncommon trap: reason=unstable_if action=reinterpret pc=0x000001cf87e802dc method=sun.reflect.generics.parser.SignatureParser.parseTypeSignature()Lsun/reflect/generics/tree/TypeSignature; @ 4 c2
Event: 425.761 Thread 0x000001cffe935d40 DEOPT PACKING pc=0x000001cf87e802dc sp=0x000000073f4f6fc0
Event: 425.761 Thread 0x000001cffe935d40 DEOPT UNPACKING pc=0x000001cf87584422 sp=0x000000073f4f6f68 mode 2

Classes loaded (20 events):
Event: 412.764 Loading class java/util/stream/ReduceOps$CountingSink done
Event: 412.764 Loading class java/util/stream/ReduceOps$CountingSink$OfRef done
Event: 423.302 Loading class org/xml/sax/Locator
Event: 423.302 Loading class org/xml/sax/Locator done
Event: 423.303 Loading class org/xml/sax/SAXParseException
Event: 423.303 Loading class org/xml/sax/SAXParseException done
Event: 423.303 Loading class org/xml/sax/Attributes
Event: 423.304 Loading class org/xml/sax/Attributes done
Event: 424.175 Loading class java/lang/Override
Event: 424.176 Loading class java/lang/Override done
Event: 424.721 Loading class java/util/AbstractCollectionBeanInfo
Event: 424.721 Loading class java/util/AbstractCollectionBeanInfo done
Event: 424.722 Loading class java/util/AbstractCollectionBeanInfo
Event: 424.722 Loading class java/util/AbstractCollectionBeanInfo done
Event: 424.722 Loading class java/util/AbstractCollectionCustomizer
Event: 424.722 Loading class java/util/AbstractCollectionCustomizer done
Event: 424.723 Loading class java/util/AbstractCollectionCustomizer
Event: 424.723 Loading class java/util/AbstractCollectionCustomizer done
Event: 425.761 Loading class sun/reflect/generics/tree/LongSignature
Event: 425.762 Loading class sun/reflect/generics/tree/LongSignature done

Classes unloaded (0 events):
No events

Classes redefined (0 events):
No events

Internal exceptions (20 events):
Event: 424.759 Thread 0x000001cffe935d40 Exception <a 'java/lang/ClassNotFoundException'{0x00000000eca7f808}: org/gradle/api/internal/DefaultDomainObjectCollectionCustomizer> (0x00000000eca7f808) 
thrown [s\src\hotspot\share\classfile\systemDictionary.cpp, line 313]
Event: 425.062 Thread 0x000001cffe935d40 Exception <a 'java/lang/ClassNotFoundException'{0x00000000ecad3f48}: org/gradle/api/internal/DefaultNamedDomainObjectCollectionCustomizer> (0x00000000ecad3f48) 
thrown [s\src\hotspot\share\classfile\systemDictionary.cpp, line 313]
Event: 425.081 Thread 0x000001cffe935d40 Exception <a 'java/lang/ClassNotFoundException'{0x00000000ec933c60}: org/gradle/api/internal/DefaultNamedDomainObjectListCustomizer> (0x00000000ec933c60) 
thrown [s\src\hotspot\share\classfile\systemDictionary.cpp, line 313]
Event: 425.201 Thread 0x000001cffe935d40 Exception <a 'java/lang/ClassNotFoundException'{0x00000000ec9cf6c8}: org/gradle/api/internal/artifacts/DefaultArtifactRepositoryContainerCustomizer> (0x00000000ec9cf6c8) 
thrown [s\src\hotspot\share\classfile\systemDictionary.cpp, line 313]
Event: 425.358 Thread 0x000001cffe935d40 Exception <a 'java/lang/ClassNotFoundException'{0x00000000ec87a8c8}: org/gradle/api/internal/artifacts/dsl/DefaultRepositoryHandlerCustomizer> (0x00000000ec87a8c8) 
thrown [s\src\hotspot\share\classfile\systemDictionary.cpp, line 313]
Event: 425.418 Thread 0x000001cffe935d40 Exception <a 'java/lang/ClassNotFoundException'{0x00000000ec755718}: org/gradle/api/internal/artifacts/dsl/DefaultRepositoryHandler_DecoratedCustomizer> (0x00000000ec755718) 
thrown [s\src\hotspot\share\classfile\systemDictionary.cpp, line 313]
Event: 425.542 Thread 0x000001cffe935d40 Exception <a 'java/lang/ClassNotFoundException'{0x00000000ec7ef0a8}: org/gradle/api/internal/artifacts/dsl/dependencies/DefaultDependencyHandler_DecoratedBeanInfo> (0x00000000ec7ef0a8) 
thrown [s\src\hotspot\share\classfile\systemDictionary.cpp, line 313]
Event: 425.548 Thread 0x000001cffe935d40 Exception <a 'java/lang/ClassNotFoundException'{0x00000000ec607e38}: org/gradle/api/internal/artifacts/dsl/dependencies/DefaultDependencyHandlerBeanInfo> (0x00000000ec607e38) 
thrown [s\src\hotspot\share\classfile\systemDictionary.cpp, line 313]
Event: 425.586 Thread 0x000001cffe935d40 Exception <a 'java/lang/ClassNotFoundException'{0x00000000ec6208d0}: org/gradle/api/internal/artifacts/dsl/dependencies/DefaultDependencyHandlerCustomizer> (0x00000000ec6208d0) 
thrown [s\src\hotspot\share\classfile\systemDictionary.cpp, line 313]
Event: 425.606 Thread 0x000001cffe935d40 Exception <a 'java/lang/ClassNotFoundException'{0x00000000ec67c8f8}: org/gradle/api/internal/artifacts/dsl/dependencies/DefaultDependencyHandler_DecoratedCustomizer> (0x00000000ec67c8f8) 
thrown [s\src\hotspot\share\classfile\systemDictionary.cpp, line 313]
Event: 425.674 Thread 0x000001cffe935d40 Exception <a 'java/lang/ClassNotFoundException'{0x00000000ec548068}: org/gradle/api/internal/tasks/DefaultTaskContainer_DecoratedBeanInfo> (0x00000000ec548068) 
thrown [s\src\hotspot\share\classfile\systemDictionary.cpp, line 313]
Event: 425.678 Thread 0x000001cffe935d40 Exception <a 'java/lang/ClassNotFoundException'{0x00000000ec55aea0}: org/gradle/api/internal/tasks/DefaultTaskContainerBeanInfo> (0x00000000ec55aea0) 
thrown [s\src\hotspot\share\classfile\systemDictionary.cpp, line 313]
Event: 425.682 Thread 0x000001cffe935d40 Exception <a 'java/lang/ClassNotFoundException'{0x00000000ec56dcf8}: org/gradle/api/internal/tasks/DefaultTaskCollectionBeanInfo> (0x00000000ec56dcf8) 
thrown [s\src\hotspot\share\classfile\systemDictionary.cpp, line 313]
Event: 425.686 Thread 0x000001cffe935d40 Exception <a 'java/lang/ClassNotFoundException'{0x00000000ec580dc8}: org/gradle/api/internal/DefaultNamedDomainObjectSetBeanInfo> (0x00000000ec580dc8) 
thrown [s\src\hotspot\share\classfile\systemDictionary.cpp, line 313]
Event: 425.689 Thread 0x000001cffe935d40 Exception <a 'java/lang/ClassNotFoundException'{0x00000000ec593bf0}: org/gradle/api/internal/DefaultNamedDomainObjectSetCustomizer> (0x00000000ec593bf0) 
thrown [s\src\hotspot\share\classfile\systemDictionary.cpp, line 313]
Event: 425.729 Thread 0x000001cffe935d40 Exception <a 'java/lang/ClassNotFoundException'{0x00000000ec42ac20}: org/gradle/api/internal/tasks/DefaultTaskCollectionCustomizer> (0x00000000ec42ac20) 
thrown [s\src\hotspot\share\classfile\systemDictionary.cpp, line 313]
Event: 425.751 Thread 0x000001cffe935d40 Exception <a 'java/lang/ClassNotFoundException'{0x00000000ec4eb280}: org/gradle/api/internal/tasks/DefaultTaskContainerCustomizer> (0x00000000ec4eb280) 
thrown [s\src\hotspot\share\classfile\systemDictionary.cpp, line 313]
Event: 425.843 Thread 0x000001cffe935d40 Exception <a 'java/lang/ClassNotFoundException'{0x00000000ec2ea0a8}: org/gradle/api/internal/tasks/DefaultTaskContainer_DecoratedCustomizer> (0x00000000ec2ea0a8) 
thrown [s\src\hotspot\share\classfile\systemDictionary.cpp, line 313]
Event: 425.927 Thread 0x000001cffe935d40 Exception <a 'java/lang/NoSuchMethodError'{0x00000000ec013550}: 'int java.lang.invoke.DirectMethodHandle$Holder.invokeSpecial(java.lang.Object, java.lang.Object, java.lang.Object, java.lang.Object, java.lang.Object)'> (0x00000000ec013550) 
thrown [s\src\hotspot\share\interpreter\linkResolver.cpp, line 773]
Event: 425.952 Thread 0x000001cffe935d40 Exception <a 'java/lang/NoSuchMethodError'{0x00000000ec04d980}: 'void java.lang.invoke.DirectMethodHandle$Holder.invokeInterface(java.lang.Object, java.lang.Object, java.lang.Object, java.lang.Object)'> (0x00000000ec04d980) 
thrown [s\src\hotspot\share\interpreter\linkResolver.cpp, line 773]

ZGC Phase Switch (0 events):
No events

VM Operations (20 events):
Event: 413.256 Executing safepoint VM operation: Cleanup
Event: 413.257 Executing safepoint VM operation: Cleanup done
Event: 414.262 Executing safepoint VM operation: Cleanup
Event: 414.262 Executing safepoint VM operation: Cleanup done
Event: 416.287 Executing safepoint VM operation: Cleanup
Event: 416.334 Executing safepoint VM operation: Cleanup done
Event: 421.360 Executing safepoint VM operation: Cleanup
Event: 421.360 Executing safepoint VM operation: Cleanup done
Event: 421.817 Executing non-safepoint VM operation: HandshakeAllThreads (HandshakeForDeflation)
Event: 421.817 Executing non-safepoint VM operation: HandshakeAllThreads (HandshakeForDeflation) done
Event: 421.817 Executing non-safepoint VM operation: RendezvousGCThreads
Event: 421.817 Executing non-safepoint VM operation: RendezvousGCThreads done
Event: 422.826 Executing safepoint VM operation: Cleanup
Event: 422.826 Executing safepoint VM operation: Cleanup done
Event: 423.828 Executing safepoint VM operation: Cleanup
Event: 423.843 Executing safepoint VM operation: Cleanup done
Event: 424.858 Executing safepoint VM operation: Cleanup
Event: 424.900 Executing safepoint VM operation: Cleanup done
Event: 425.910 Executing safepoint VM operation: Cleanup
Event: 425.910 Executing safepoint VM operation: Cleanup done

Memory protections (0 events):
No events

Nmethod flushes (20 events):
Event: 278.721 Thread 0x000001cffc382e30 flushing  nmethod 0x000001cf800e1a10
Event: 278.721 Thread 0x000001cffc382e30 flushing  nmethod 0x000001cf800e2f10
Event: 278.721 Thread 0x000001cffc382e30 flushing  nmethod 0x000001cf800e3290
Event: 278.721 Thread 0x000001cffc382e30 flushing  nmethod 0x000001cf800e3790
Event: 278.721 Thread 0x000001cffc382e30 flushing  nmethod 0x000001cf800e3b90
Event: 278.721 Thread 0x000001cffc382e30 flushing  nmethod 0x000001cf8010da90
Event: 278.721 Thread 0x000001cffc382e30 flushing  nmethod 0x000001cf80142d10
Event: 278.721 Thread 0x000001cffc382e30 flushing  nmethod 0x000001cf80144a10
Event: 278.721 Thread 0x000001cffc382e30 flushing  nmethod 0x000001cf80145110
Event: 278.721 Thread 0x000001cffc382e30 flushing  nmethod 0x000001cf80145b90
Event: 278.721 Thread 0x000001cffc382e30 flushing  nmethod 0x000001cf80146190
Event: 278.721 Thread 0x000001cffc382e30 flushing  nmethod 0x000001cf80146b90
Event: 278.721 Thread 0x000001cffc382e30 flushing  nmethod 0x000001cf80147190
Event: 278.721 Thread 0x000001cffc382e30 flushing  nmethod 0x000001cf80147990
Event: 278.721 Thread 0x000001cffc382e30 flushing  nmethod 0x000001cf80148090
Event: 278.721 Thread 0x000001cffc382e30 flushing  nmethod 0x000001cf8018ba10
Event: 278.721 Thread 0x000001cffc382e30 flushing  nmethod 0x000001cf8018d010
Event: 278.721 Thread 0x000001cffc382e30 flushing  nmethod 0x000001cf80417510
Event: 278.721 Thread 0x000001cffc382e30 flushing  nmethod 0x000001cf80417e10
Event: 278.721 Thread 0x000001cffc382e30 flushing  nmethod 0x000001cf804a2890

Events (20 events):
Event: 277.665 Thread 0x000001cffe935d40 Thread added: 0x000001cffe7538f0
Event: 289.126 Thread 0x000001cffe935d40 Thread added: 0x000001cffe74c960
Event: 320.915 Thread 0x000001cffe935d40 Thread added: 0x000001cffe751190
Event: 345.178 Thread 0x000001cffc3a8f40 Thread added: 0x000001cffeea0930
Event: 345.311 Thread 0x000001cffeea0930 Thread exited: 0x000001cffeea0930
Event: 345.410 Thread 0x000001cffc3a8f40 Thread added: 0x000001cfa87de6a0
Event: 346.066 Thread 0x000001cfa87de6a0 Thread exited: 0x000001cfa87de6a0
Event: 348.373 Thread 0x000001cffc3a8f40 Thread added: 0x000001cfa8d15ca0
Event: 351.151 Thread 0x000001cfa8d15ca0 Thread exited: 0x000001cfa8d15ca0
Event: 377.533 Thread 0x000001cffe935d40 Thread added: 0x000001cffe74ea30
Event: 393.185 Thread 0x000001cffe935d40 Thread added: 0x000001cffe74f0c0
Event: 393.185 Thread 0x000001cffe935d40 Thread added: 0x000001cffe74f750
Event: 393.185 Thread 0x000001cffe935d40 Thread added: 0x000001cffe751820
Event: 393.186 Thread 0x000001cffe935d40 Thread added: 0x000001cffe74fde0
Event: 393.187 Thread 0x000001cffe935d40 Thread added: 0x000001cffead3c40
Event: 393.187 Thread 0x000001cffe935d40 Thread added: 0x000001cffeacfaa0
Event: 393.188 Thread 0x000001cffe935d40 Thread added: 0x000001cffead4ff0
Event: 396.710 Thread 0x000001cffe935d40 Thread added: 0x000001cffead35b0
Event: 410.639 Thread 0x000001cffe935d40 Thread added: 0x000001cffead5680
Event: 419.905 Thread 0x000001cffe935d40 Thread added: 0x000001cffead42d0


Dynamic libraries:
0x00007ff7a7960000 - 0x00007ff7a796e000 	C:\Users\x380\.vscode\extensions\redhat.java-1.56.0-win32-x64\jre\21.0.12.1-win32-x86_64\bin\java.exe
0x00007ffb8a5f0000 - 0x00007ffb8a7e8000 	C:\Windows\SYSTEM32\ntdll.dll
0x00007ffb89880000 - 0x00007ffb89942000 	C:\Windows\System32\KERNEL32.DLL
0x00007ffb88290000 - 0x00007ffb88586000 	C:\Windows\System32\KERNELBASE.dll
0x00007ffb88070000 - 0x00007ffb88170000 	C:\Windows\System32\ucrtbase.dll
0x00007ffb59280000 - 0x00007ffb59298000 	C:\Users\x380\.vscode\extensions\redhat.java-1.56.0-win32-x64\jre\21.0.12.1-win32-x86_64\bin\jli.dll
0x00007ffb8a400000 - 0x00007ffb8a5a1000 	C:\Windows\System32\USER32.dll
0x00007ffb87de0000 - 0x00007ffb87e02000 	C:\Windows\System32\win32u.dll
0x00007ffb89d30000 - 0x00007ffb89d5b000 	C:\Windows\System32\GDI32.dll
0x00007ffb88170000 - 0x00007ffb88289000 	C:\Windows\System32\gdi32full.dll
0x00007ffb87c80000 - 0x00007ffb87d1d000 	C:\Windows\System32\msvcp_win.dll
0x00007ffb53b80000 - 0x00007ffb53b9e000 	C:\Users\x380\.vscode\extensions\redhat.java-1.56.0-win32-x64\jre\21.0.12.1-win32-x86_64\bin\VCRUNTIME140.dll
0x00007ffb755d0000 - 0x00007ffb7586b000 	C:\Windows\WinSxS\amd64_microsoft.windows.common-controls_6595b64144ccf1df_6.0.19041.6456_none_60b8a6cb71f64256\COMCTL32.dll
0x00007ffb8a0e0000 - 0x00007ffb8a17e000 	C:\Windows\System32\msvcrt.dll
0x00007ffb89c20000 - 0x00007ffb89c4f000 	C:\Windows\System32\IMM32.DLL
0x00007ffb72750000 - 0x00007ffb7275c000 	C:\Users\x380\.vscode\extensions\redhat.java-1.56.0-win32-x64\jre\21.0.12.1-win32-x86_64\bin\vcruntime140_1.dll
0x00007ffb43470000 - 0x00007ffb434fd000 	C:\Users\x380\.vscode\extensions\redhat.java-1.56.0-win32-x64\jre\21.0.12.1-win32-x86_64\bin\msvcp140.dll
0x00007ffaf6770000 - 0x00007ffaf7512000 	C:\Users\x380\.vscode\extensions\redhat.java-1.56.0-win32-x64\jre\21.0.12.1-win32-x86_64\bin\server\jvm.dll
0x00007ffb88620000 - 0x00007ffb886d1000 	C:\Windows\System32\ADVAPI32.dll
0x00007ffb88d50000 - 0x00007ffb88def000 	C:\Windows\System32\sechost.dll
0x00007ffb8a180000 - 0x00007ffb8a2a0000 	C:\Windows\System32\RPCRT4.dll
0x00007ffb87db0000 - 0x00007ffb87dd7000 	C:\Windows\System32\bcrypt.dll
0x00007ffb89c60000 - 0x00007ffb89ccb000 	C:\Windows\System32\WS2_32.dll
0x00007ffb87ae0000 - 0x00007ffb87b2b000 	C:\Windows\SYSTEM32\POWRPROF.dll
0x00007ffb75870000 - 0x00007ffb75897000 	C:\Windows\SYSTEM32\WINMM.dll
0x00007ffb80ef0000 - 0x00007ffb80efa000 	C:\Windows\SYSTEM32\VERSION.dll
0x00007ffb87ac0000 - 0x00007ffb87ad2000 	C:\Windows\SYSTEM32\UMPDC.dll
0x00007ffb864a0000 - 0x00007ffb864b2000 	C:\Windows\SYSTEM32\kernel.appcore.dll
0x00007ffb72380000 - 0x00007ffb7238a000 	C:\Users\x380\.vscode\extensions\redhat.java-1.56.0-win32-x64\jre\21.0.12.1-win32-x86_64\bin\jimage.dll
0x00007ffb85840000 - 0x00007ffb85a41000 	C:\Windows\SYSTEM32\DBGHELP.DLL
0x00007ffb6e3a0000 - 0x00007ffb6e3d4000 	C:\Windows\SYSTEM32\dbgcore.DLL
0x00007ffb87d20000 - 0x00007ffb87da2000 	C:\Windows\System32\bcryptPrimitives.dll
0x00007ffb61570000 - 0x00007ffb6157f000 	C:\Users\x380\.vscode\extensions\redhat.java-1.56.0-win32-x64\jre\21.0.12.1-win32-x86_64\bin\instrument.dll
0x00007ffb4c4f0000 - 0x00007ffb4c510000 	C:\Users\x380\.vscode\extensions\redhat.java-1.56.0-win32-x64\jre\21.0.12.1-win32-x86_64\bin\java.dll
0x00007ffb890b0000 - 0x00007ffb89820000 	C:\Windows\System32\SHELL32.dll
0x00007ffb85a80000 - 0x00007ffb86225000 	C:\Windows\SYSTEM32\windows.storage.dll
0x00007ffb89d60000 - 0x00007ffb8a0b4000 	C:\Windows\System32\combase.dll
0x00007ffb874f0000 - 0x00007ffb8751b000 	C:\Windows\SYSTEM32\Wldp.dll
0x00007ffb886e0000 - 0x00007ffb887ad000 	C:\Windows\System32\OLEAUT32.dll
0x00007ffb899b0000 - 0x00007ffb89a5d000 	C:\Windows\System32\SHCORE.dll
0x00007ffb89820000 - 0x00007ffb8987b000 	C:\Windows\System32\shlwapi.dll
0x00007ffb87bb0000 - 0x00007ffb87bd4000 	C:\Windows\SYSTEM32\profapi.dll
0x00007ffb49370000 - 0x00007ffb49388000 	C:\Users\x380\.vscode\extensions\redhat.java-1.56.0-win32-x64\jre\21.0.12.1-win32-x86_64\bin\zip.dll
0x00007ffb71bc0000 - 0x00007ffb71bd0000 	C:\Users\x380\.vscode\extensions\redhat.java-1.56.0-win32-x64\jre\21.0.12.1-win32-x86_64\bin\net.dll
0x00007ffb7f220000 - 0x00007ffb7f32a000 	C:\Windows\SYSTEM32\WINHTTP.dll
0x00007ffb872d0000 - 0x00007ffb8733a000 	C:\Windows\system32\mswsock.dll
0x00007ffb48ae0000 - 0x00007ffb48af6000 	C:\Users\x380\.vscode\extensions\redhat.java-1.56.0-win32-x64\jre\21.0.12.1-win32-x86_64\bin\nio.dll
0x00007ffb59000000 - 0x00007ffb59010000 	C:\Users\x380\.vscode\extensions\redhat.java-1.56.0-win32-x64\jre\21.0.12.1-win32-x86_64\bin\verify.dll
0x00007ffb806f0000 - 0x00007ffb80717000 	C:\Users\x380\.gradle\native\660c5614fbf4a5f2a75b1949f50a0caf5cd603558e7d8a26e50b933a0cfb79d1\windows-amd64\native-platform.dll
0x00007ffb58f50000 - 0x00007ffb58fc7000 	C:\Users\x380\.gradle\native\0.2.8\x86_64-windows-gnu\gradle-fileevents.dll
0x00007ffb823d0000 - 0x00007ffb823da000 	C:\Users\x380\.vscode\extensions\redhat.java-1.56.0-win32-x64\jre\21.0.12.1-win32-x86_64\bin\management.dll
0x00007ffb7df70000 - 0x00007ffb7df7c000 	C:\Users\x380\.vscode\extensions\redhat.java-1.56.0-win32-x64\jre\21.0.12.1-win32-x86_64\bin\management_ext.dll
0x00007ffb89c50000 - 0x00007ffb89c58000 	C:\Windows\System32\PSAPI.DLL
0x00007ffb86fd0000 - 0x00007ffb8700b000 	C:\Windows\SYSTEM32\IPHLPAPI.DLL
0x00007ffb88610000 - 0x00007ffb88618000 	C:\Windows\System32\NSI.dll
0x00007ffb59460000 - 0x00007ffb59469000 	C:\Users\x380\.vscode\extensions\redhat.java-1.56.0-win32-x64\jre\21.0.12.1-win32-x86_64\bin\extnet.dll
0x00007ffb87530000 - 0x00007ffb87548000 	C:\Windows\SYSTEM32\CRYPTSP.dll
0x00007ffb86c10000 - 0x00007ffb86c48000 	C:\Windows\system32\rsaenh.dll
0x00007ffb87b70000 - 0x00007ffb87b9e000 	C:\Windows\SYSTEM32\USERENV.dll
0x00007ffb87460000 - 0x00007ffb8746c000 	C:\Windows\SYSTEM32\CRYPTBASE.dll
0x00007ffb58e50000 - 0x00007ffb58e5e000 	C:\Users\x380\.vscode\extensions\redhat.java-1.56.0-win32-x64\jre\21.0.12.1-win32-x86_64\bin\sunmscapi.dll
0x00007ffb87e10000 - 0x00007ffb87f6d000 	C:\Windows\System32\CRYPT32.dll
0x00007ffb87640000 - 0x00007ffb87667000 	C:\Windows\SYSTEM32\ncrypt.dll
0x00007ffb87600000 - 0x00007ffb8763b000 	C:\Windows\SYSTEM32\NTASN1.dll
0x00007ffb6aa40000 - 0x00007ffb6aa47000 	C:\Windows\system32\wshunix.dll

JVMTI agents:
C:\Users\x380\.gradle\wrapper\dists\gradle-9.7.1-bin\1w1c7tv4s851m17nbqdsro2tv\gradle-9.7.1\lib\agents\gradle-instrumentation-agent-9.7.1.jar path:C:\Users\x380\.vscode\extensions\redhat.java-1.56.0-win32-x64\jre\21.0.12.1-win32-x86_64\bin\instrument.dll, loaded, initialized, instrumentlib options:none

dbghelp: loaded successfully - version: 4.0.5 - missing functions: none
symbol engine: initialized successfully - sym options: 0x614 - pdb path: .;C:\Users\x380\.vscode\extensions\redhat.java-1.56.0-win32-x64\jre\21.0.12.1-win32-x86_64\bin;C:\Windows\SYSTEM32;C:\Windows\WinSxS\amd64_microsoft.windows.common-controls_6595b64144ccf1df_6.0.19041.6456_none_60b8a6cb71f64256;C:\Users\x380\.vscode\extensions\redhat.java-1.56.0-win32-x64\jre\21.0.12.1-win32-x86_64\bin\server;C:\Users\x380\.gradle\native\660c5614fbf4a5f2a75b1949f50a0caf5cd603558e7d8a26e50b933a0cfb79d1\windows-amd64;C:\Users\x380\.gradle\native\0.2.8\x86_64-windows-gnu

VM Arguments:
jvm_args: --add-opens=java.base/java.lang=ALL-UNNAMED --add-opens=java.base/java.lang.invoke=ALL-UNNAMED --add-opens=java.base/java.util=ALL-UNNAMED --add-opens=java.prefs/java.util.prefs=ALL-UNNAMED --add-exports=jdk.compiler/com.sun.tools.javac.api=ALL-UNNAMED --add-exports=jdk.compiler/com.sun.tools.javac.util=ALL-UNNAMED --add-opens=java.base/java.nio.charset=ALL-UNNAMED --add-opens=java.base/java.net=ALL-UNNAMED --add-opens=java.base/java.util.concurrent=ALL-UNNAMED --add-opens=java.base/java.util.concurrent.atomic=ALL-UNNAMED --add-opens=java.xml/javax.xml.namespace=ALL-UNNAMED --add-opens=java.base/java.time=ALL-UNNAMED -XX:MaxMetaspaceSize=384m -XX:+HeapDumpOnOutOfMemoryError -Xms256m -Xmx512m -Dfile.encoding=UTF-8 -Duser.country=CL -Duser.language=es -Duser.variant -javaagent:C:\Users\x380\.gradle\wrapper\dists\gradle-9.7.1-bin\1w1c7tv4s851m17nbqdsro2tv\gradle-9.7.1\lib\agents\gradle-instrumentation-agent-9.7.1.jar 
java_command: org.gradle.launcher.daemon.bootstrap.GradleDaemon 9.7.1
java_class_path (initial): C:\Users\x380\.gradle\wrapper\dists\gradle-9.7.1-bin\1w1c7tv4s851m17nbqdsro2tv\gradle-9.7.1\lib\gradle-daemon-main-9.7.1.jar
Launcher Type: SUN_STANDARD

[Global flags]
     intx CICompilerCount                          = 4                                         {product} {ergonomic}
   size_t CompressedClassSpaceSize                 = 335544320                                 {product} {ergonomic}
     uint ConcGCThreads                            = 2                                         {product} {ergonomic}
     uint G1ConcRefinementThreads                  = 8                                         {product} {ergonomic}
   size_t G1HeapRegionSize                         = 1048576                                   {product} {ergonomic}
    uintx GCDrainStackTargetSize                   = 64                                        {product} {ergonomic}
     bool HeapDumpOnOutOfMemoryError               = true                                   {manageable} {command line}
   size_t InitialHeapSize                          = 268435456                                 {product} {command line}
   size_t MarkStackSize                            = 4194304                                   {product} {ergonomic}
   size_t MaxHeapSize                              = 536870912                                 {product} {command line}
   size_t MaxMetaspaceSize                         = 402653184                                 {product} {command line}
   size_t MaxNewSize                               = 321912832                                 {product} {ergonomic}
   size_t MinHeapDeltaBytes                        = 1048576                                   {product} {ergonomic}
   size_t MinHeapSize                              = 268435456                                 {product} {command line}
    uintx NonNMethodCodeHeapSize                   = 5839372                                {pd product} {ergonomic}
    uintx NonProfiledCodeHeapSize                  = 122909434                              {pd product} {ergonomic}
    uintx ProfiledCodeHeapSize                     = 122909434                              {pd product} {ergonomic}
    uintx ReservedCodeCacheSize                    = 251658240                              {pd product} {ergonomic}
     bool SegmentedCodeCache                       = true                                      {product} {ergonomic}
   size_t SoftMaxHeapSize                          = 536870912                              {manageable} {ergonomic}
     bool UseCompressedOops                        = true                           {product lp64_product} {ergonomic}
     bool UseG1GC                                  = true                                      {product} {ergonomic}
     bool UseLargePagesIndividualAllocation        = false                                  {pd product} {ergonomic}

Logging:
Log output configuration:
 #0: stdout all=warning uptime,level,tags foldmultilines=false
 #1: stderr all=off uptime,level,tags foldmultilines=false

Release file:
JAVA_VERSION="21.0.12.1" 
MODULES="java.base java.compiler java.datatransfer java.xml java.prefs java.desktop java.instrument java.logging java.management java.security.sasl java.naming java.rmi java.management.rmi java.net.http java.scripting java.security.jgss java.transaction.xa java.sql java.sql.rowset java.xml.crypto java.se java.smartcardio jdk.accessibility jdk.internal.jvmstat jdk.attach jdk.charsets jdk.internal.opt jdk.zipfs jdk.compiler jdk.crypto.ec jdk.crypto.cryptoki jdk.crypto.mscapi jdk.dynalink jdk.internal.ed jdk.editpad jdk.hotspot.agent jdk.httpserver jdk.internal.le jdk.internal.vm.ci jdk.internal.vm.compiler jdk.internal.vm.compiler.management jdk.jartool jdk.javadoc jdk.jcmd jdk.management jdk.management.agent jdk.jconsole jdk.jdeps jdk.jdwp.agent jdk.jdi jdk.jfr jdk.jshell jdk.jsobject jdk.jstatd jdk.localedata jdk.management.jfr jdk.naming.dns jdk.naming.rmi jdk.net jdk.nio.mapmode jdk.random jdk.sctp jdk.security.auth jdk.security.jgss jdk.unsupported jdk.unsupported.desktop jdk.xml.dom" 

Environment Variables:
PATH=C:\Program Files\Common Files\Oracle\Java\javapath;C:\Python314\Scripts\;C:\Python314\;C:\Windows\system32;C:\Windows;C:\Windows\System32\Wbem;C:\Windows\System32\WindowsPowerShell\v1.0\;C:\Windows\System32\OpenSSH\;C:\Program Files\Intel\WiFi\bin\;C:\Program Files\Common Files\Intel\WirelessCommon\;C:\ProgramData\chocolatey\bin;C:\Program Files\nodejs\;C:\Program Files\Git\cmd;C:\Program Files (x86)\Microsoft SQL Server\160\Tools\Binn\;C:\Program Files\Microsoft SQL Server\160\Tools\Binn\;C:\Program Files\Microsoft SQL Server\Client SDK\ODBC\170\Tools\Binn\;C:\Program Files\Microsoft SQL Server\160\DTS\Binn\;C:\Program Files\Microsoft SQL Server\170\Tools\Binn\;C:\Program Files\dotnet\;C:\Program Files\MySQL\MySQL Shell 8.0\bin\;C:\Users\x380\AppData\Local\Microsoft\WindowsApps;C:\Users\x380\AppData\Local\Programs\Microsoft VS Code\bin;C:\Users\x380\AppData\Roaming\npm;C:\Users\x380\AppData\Local\GitHubDesktop\bin;C:\Users\x380\.dotnet\tools;C:\Users\x380\AppData\Local\Programs\DockerDesktop\resources\bin
USERNAME=x380
OS=Windows_NT
PROCESSOR_IDENTIFIER=Intel64 Family 6 Model 142 Stepping 12, GenuineIntel
TMP=C:\Users\x380\AppData\Local\Temp
TEMP=C:\Users\x380\AppData\Local\Temp




Periodic native trim disabled

---------------  S Y S T E M  ---------------

OS:
 Windows 10 , 64 bit Build 19041 (10.0.19041.5915)
OS uptime: 0 days 3:02 hours
Hyper-V role detected

CPU: total 8 (initial active 8) (4 cores per cpu, 2 threads per core) family 6 model 142 stepping 12 microcode 0xf0, cx8, cmov, fxsr, ht, mmx, 3dnowpref, sse, sse2, sse3, ssse3, sse4.1, sse4.2, popcnt, lzcnt, tsc, tscinvbit, avx, avx2, aes, erms, clmul, bmi1, bmi2, adx, fma, vzeroupper, clflush, clflushopt, hv, rdtscp, f16c
Processor Information for the first 8 processors :
  Max Mhz: 1896, Current Mhz: 1596, Mhz Limit: 1592

Memory: 4k page, system-wide physical 7940M (179M free)
TotalPageFile size 32516M (AvailPageFile size 723M)
current process WorkingSet (physical memory assigned to process): 281M, peak: 281M
current process commit charge ("private bytes"): 479M, peak: 484M

vm_info: OpenJDK 64-Bit Server VM (21.0.12.1+1-LTS) for windows-amd64 JRE (21.0.12.1+1-LTS), built on 2026-08-18T00:00:00Z by "admin" with MS VC++ 17.12 (VS2022)

END.
