#
# There is insufficient memory for the Java Runtime Environment to continue.
# Native memory allocation (malloc) failed to allocate 631680 bytes. Error detail: Chunk::new
# Possible reasons:
#   The system is out of physical RAM or swap space
#   This process is running with CompressedOops enabled, and the Java Heap may be blocking the growth of the native heap
# Possible solutions:
#   Reduce memory load on the system
#   Increase physical memory or swap space
#   Check if swap backing store is full
#   Decrease Java heap size (-Xmx/-Xms)
#   Decrease number of Java threads
#   Decrease Java thread stack sizes (-Xss)
#   Set larger code cache with -XX:ReservedCodeCacheSize=
#   JVM is running with Unscaled Compressed Oops mode in which the Java heap is
#     placed in the first 4GB address space. The Java Heap base address is the
#     maximum limit for the native heap growth. Please use -XX:HeapBaseMinAddress
#     to set the Java Heap base and to place the Java Heap above 4GB virtual address.
# This output file may be truncated or incomplete.
#
#  Out of Memory Error (arena.cpp:168), pid=24712, tid=26764
#
# JRE version: OpenJDK Runtime Environment Temurin-21.0.12.1+1 (21.0.12.1+1) (build 21.0.12.1+1-LTS)
# Java VM: OpenJDK 64-Bit Server VM Temurin-21.0.12.1+1 (21.0.12.1+1-LTS, mixed mode, sharing, tiered, compressed oops, compressed class ptrs, g1 gc, windows-amd64)
# No core dump will be written. Minidumps are not enabled by default on client versions of Windows
#

---------------  S U M M A R Y ------------

Command Line: --add-opens=java.base/java.lang=ALL-UNNAMED --add-opens=java.base/java.lang.invoke=ALL-UNNAMED --add-opens=java.base/java.util=ALL-UNNAMED --add-opens=java.prefs/java.util.prefs=ALL-UNNAMED --add-exports=jdk.compiler/com.sun.tools.javac.api=ALL-UNNAMED --add-exports=jdk.compiler/com.sun.tools.javac.util=ALL-UNNAMED --add-opens=java.base/java.nio.charset=ALL-UNNAMED --add-opens=java.base/java.net=ALL-UNNAMED --add-opens=java.base/java.util.concurrent=ALL-UNNAMED --add-opens=java.base/java.util.concurrent.atomic=ALL-UNNAMED --add-opens=java.xml/javax.xml.namespace=ALL-UNNAMED --add-opens=java.base/java.time=ALL-UNNAMED -XX:MaxMetaspaceSize=384m -XX:+HeapDumpOnOutOfMemoryError -Xms256m -Xmx512m -Dfile.encoding=UTF-8 -Duser.country=CL -Duser.language=es -Duser.variant -javaagent:C:\Users\x380\.gradle\wrapper\dists\gradle-9.7.1-bin\1w1c7tv4s851m17nbqdsro2tv\gradle-9.7.1\lib\agents\gradle-instrumentation-agent-9.7.1.jar org.gradle.launcher.daemon.bootstrap.GradleDaemon 9.7.1

Host: Intel(R) Core(TM) i5-8365U CPU @ 1.60GHz, 8 cores, 7G,  Windows 10 , 64 bit Build 19041 (10.0.19041.5915)
Time: Sat Sep 12 01:07:49 2026 Hora verano Sudamérica Pacífico elapsed time: 448.298393 seconds (0d 0h 7m 28s)

---------------  T H R E A D  ---------------

Current thread (0x0000026d5eea4870):  JavaThread "C2 CompilerThread0" daemon [_thread_in_native, id=26764, stack(0x000000753b100000,0x000000753b200000) (1024K)]


Current CompileTask:
C2:448298 7739       4       java.lang.PublicMethods::merge (81 bytes)

Stack: [0x000000753b100000,0x000000753b200000]
Native frames: (J=compiled Java code, j=interpreted, Vv=VM code, C=native code)
V  [jvm.dll+0x6d83e9]
V  [jvm.dll+0x8b5736]
V  [jvm.dll+0x8b7cee]
V  [jvm.dll+0x8b83d3]
V  [jvm.dll+0x284596]
V  [jvm.dll+0xc685d]
V  [jvm.dll+0xc6da1]
V  [jvm.dll+0x3bf18b]
V  [jvm.dll+0x38b6d2]
V  [jvm.dll+0x38ab1a]
V  [jvm.dll+0x24c700]
V  [jvm.dll+0x24bce0]
V  [jvm.dll+0x1cb4ae]
V  [jvm.dll+0x25baad]
V  [jvm.dll+0x25a03a]
V  [jvm.dll+0x3f8aae]
V  [jvm.dll+0x8600cd]
V  [jvm.dll+0x6d6c1d]
C  [ucrtbase.dll+0x21bb2]
C  [KERNEL32.DLL+0x17374]
C  [ntdll.dll+0x4cc91]


---------------  P R O C E S S  ---------------

Threads class SMR info:
_java_thread_list=0x0000026d7aad5560, length=46, elements={
0x0000026d494f5770, 0x0000026d5ee9ce60, 0x0000026d5ee9dd80, 0x0000026d5eea0bb0,
0x0000026d5eea2620, 0x0000026d5eea3080, 0x0000026d5eea3ae0, 0x0000026d5eea4870,
0x0000026d5eeae900, 0x0000026d7820fa20, 0x0000026d78249e80, 0x0000026d78f00360,
0x0000026d791af820, 0x0000026d7933b930, 0x0000026d79f60860, 0x0000026d79f60ef0,
0x0000026d79f601d0, 0x0000026d7bdacc70, 0x0000026d7bda7db0, 0x0000026d7bdabf50,
0x0000026d7bda9160, 0x0000026d7bdaa510, 0x0000026d7a7eb000, 0x0000026d7b6ad1a0,
0x0000026d7b6aebe0, 0x0000026d7c537280, 0x0000026d7c5302f0, 0x0000026d7c535840,
0x0000026d7c533770, 0x0000026d7c533e00, 0x0000026d7a7e8210, 0x0000026d7a7e9c50,
0x0000026d7a7e67d0, 0x0000026d7a7e7b80, 0x0000026d7a7e5420, 0x0000026d7a7e4d90,
0x0000026d7a7e6e60, 0x0000026d7a7e88a0, 0x0000026d7a7e8f30, 0x0000026d7a7eb690,
0x0000026d7a7e95c0, 0x0000026d7a7e5ab0, 0x0000026d7a7e6140, 0x0000026d7a7ea2e0,
0x0000026d7a7e74f0, 0x0000026d7b6ab760
}

Java Threads: ( => current thread )
  0x0000026d494f5770 JavaThread "main"                              [_thread_blocked, id=22940, stack(0x000000753a200000,0x000000753a300000) (1024K)]
  0x0000026d5ee9ce60 JavaThread "Reference Handler"          daemon [_thread_blocked, id=25956, stack(0x000000753ab00000,0x000000753ac00000) (1024K)]
  0x0000026d5ee9dd80 JavaThread "Finalizer"                  daemon [_thread_blocked, id=27084, stack(0x000000753ac00000,0x000000753ad00000) (1024K)]
  0x0000026d5eea0bb0 JavaThread "Signal Dispatcher"          daemon [_thread_blocked, id=26692, stack(0x000000753ad00000,0x000000753ae00000) (1024K)]
  0x0000026d5eea2620 JavaThread "Attach Listener"            daemon [_thread_blocked, id=27092, stack(0x000000753ae00000,0x000000753af00000) (1024K)]
  0x0000026d5eea3080 JavaThread "Service Thread"             daemon [_thread_blocked, id=26872, stack(0x000000753af00000,0x000000753b000000) (1024K)]
  0x0000026d5eea3ae0 JavaThread "Monitor Deflation Thread"   daemon [_thread_blocked, id=26680, stack(0x000000753b000000,0x000000753b100000) (1024K)]
=>0x0000026d5eea4870 JavaThread "C2 CompilerThread0"         daemon [_thread_in_native, id=26764, stack(0x000000753b100000,0x000000753b200000) (1024K)]
  0x0000026d5eeae900 JavaThread "C1 CompilerThread0"         daemon [_thread_blocked, id=27028, stack(0x000000753b200000,0x000000753b300000) (1024K)]
  0x0000026d7820fa20 JavaThread "Common-Cleaner"             daemon [_thread_blocked, id=23584, stack(0x000000753b300000,0x000000753b400000) (1024K)]
  0x0000026d78249e80 JavaThread "Notification Thread"        daemon [_thread_blocked, id=24756, stack(0x000000753b400000,0x000000753b500000) (1024K)]
  0x0000026d78f00360 JavaThread "Daemon health stats"               [_thread_blocked, id=26828, stack(0x000000753a300000,0x000000753a400000) (1024K)]
  0x0000026d791af820 JavaThread "Incoming local TCP Connector on port 61782"        [_thread_in_native, id=26104, stack(0x000000753ba00000,0x000000753bb00000) (1024K)]
  0x0000026d7933b930 JavaThread "Daemon periodic checks"            [_thread_in_native, id=36036, stack(0x000000753bc00000,0x000000753bd00000) (1024K)]
  0x0000026d79f60860 JavaThread "Cache worker for journal cache (C:\Users\x380\.gradle\caches\journal-1)"        [_thread_blocked, id=37256, stack(0x000000753c400000,0x000000753c500000) (1024K)]
  0x0000026d79f60ef0 JavaThread "File lock request listener"        [_thread_in_native, id=38280, stack(0x000000753c500000,0x000000753c600000) (1024K)]
  0x0000026d79f601d0 JavaThread "Cache worker for file hash cache (C:\Users\x380\.gradle\caches\9.7.1\fileHashes)"        [_thread_blocked, id=36452, stack(0x000000753c600000,0x000000753c700000) (1024K)]
  0x0000026d7bdacc70 JavaThread "File watcher server"        daemon [_thread_in_native, id=38440, stack(0x000000753cd00000,0x000000753ce00000) (1024K)]
  0x0000026d7bda7db0 JavaThread "File watcher consumer"      daemon [_thread_blocked, id=38084, stack(0x000000753ce00000,0x000000753cf00000) (1024K)]
  0x0000026d7bdabf50 JavaThread "Cache worker for file content cache (C:\Users\x380\.gradle\caches\9.7.1\fileContent)"        [_thread_blocked, id=38736, stack(0x000000753cf00000,0x000000753d000000) (1024K)]
  0x0000026d7bda9160 JavaThread "Daemon Thread 6"                   [_thread_blocked, id=54256, stack(0x000000753cc00000,0x000000753cd00000) (1024K)]
  0x0000026d7bdaa510 JavaThread "Handler for socket connection from /127.0.0.1:61782 to /127.0.0.1:62631"        [_thread_in_native, id=54104, stack(0x000000753d100000,0x000000753d200000) (1024K)]
  0x0000026d7a7eb000 JavaThread "Cancel handler"                    [_thread_blocked, id=54316, stack(0x000000753df00000,0x000000753e000000) (1024K)]
  0x0000026d7b6ad1a0 JavaThread "Daemon worker Thread 2"            [_thread_in_native, id=56436, stack(0x000000753f300000,0x000000753f400000) (1024K)]
  0x0000026d7b6aebe0 JavaThread "Asynchronous log dispatcher for DefaultDaemonConnection: socket connection from /127.0.0.1:61782 to /127.0.0.1:62631"        [_thread_blocked, id=55028, stack(0x000000753fc00000,0x000000753fd00000) (1024K)]
  0x0000026d7c537280 JavaThread "Stdin handler"                     [_thread_blocked, id=57524, stack(0x000000753c700000,0x000000753c800000) (1024K)]
  0x0000026d7c5302f0 JavaThread "Daemon client event forwarder"        [_thread_blocked, id=51360, stack(0x000000753cb00000,0x000000753cc00000) (1024K)]
  0x0000026d7c535840 JavaThread "Cache worker for file hash cache (C:\Users\x380\Downloads\discografia\discografia\.gradle\9.7.1\fileHashes)"        [_thread_blocked, id=51980, stack(0x000000753d800000,0x000000753d900000) (1024K)]
  0x0000026d7c533770 JavaThread "Cache worker for Build Output Cleanup Cache (C:\Users\x380\Downloads\discografia\discografia\.gradle\buildOutputCleanup)"        [_thread_blocked, id=48344, stack(0x000000753db00000,0x000000753dc00000) (1024K)]
  0x0000026d7c533e00 JavaThread "Cache worker for checksums cache (C:\Users\x380\Downloads\discografia\discografia\.gradle\9.7.1\checksums)"        [_thread_blocked, id=53300, stack(0x000000753e900000,0x000000753ea00000) (1024K)]
  0x0000026d7a7e8210 JavaThread "Cache worker for cache directory md-supplier (C:\Users\x380\.gradle\caches\9.7.1\md-supplier)"        [_thread_blocked, id=57812, stack(0x000000753be00000,0x000000753bf00000) (1024K)]
  0x0000026d7a7e9c50 JavaThread "Cache worker for cache directory md-rule (C:\Users\x380\.gradle\caches\9.7.1\md-rule)"        [_thread_blocked, id=57428, stack(0x000000753d200000,0x000000753d300000) (1024K)]
  0x0000026d7a7e67d0 JavaThread "File lock release action executor Thread 2"        [_thread_blocked, id=56376, stack(0x000000753bf00000,0x000000753c000000) (1024K)]
  0x0000026d7a7e7b80 JavaThread "jar transforms"                    [_thread_blocked, id=62024, stack(0x000000753d000000,0x000000753d100000) (1024K)]
  0x0000026d7a7e5420 JavaThread "jar transforms Thread 2"           [_thread_blocked, id=59656, stack(0x000000753d900000,0x000000753da00000) (1024K)]
  0x0000026d7a7e4d90 JavaThread "jar transforms Thread 3"           [_thread_blocked, id=11048, stack(0x000000753a100000,0x000000753a200000) (1024K)]
  0x0000026d7a7e6e60 JavaThread "Build operations"                  [_thread_blocked, id=63744, stack(0x000000753bb00000,0x000000753bc00000) (1024K)]
  0x0000026d7a7e88a0 JavaThread "Build operations Thread 2"         [_thread_blocked, id=11868, stack(0x000000753bd00000,0x000000753be00000) (1024K)]
  0x0000026d7a7e8f30 JavaThread "Build operations Thread 3"         [_thread_blocked, id=19036, stack(0x000000753c000000,0x000000753c100000) (1024K)]
  0x0000026d7a7eb690 JavaThread "Build operations Thread 4"         [_thread_blocked, id=13352, stack(0x000000753c100000,0x000000753c200000) (1024K)]
  0x0000026d7a7e95c0 JavaThread "Build operations Thread 5"         [_thread_blocked, id=2808, stack(0x000000753c200000,0x000000753c300000) (1024K)]
  0x0000026d7a7e5ab0 JavaThread "Build operations Thread 6"         [_thread_blocked, id=19052, stack(0x000000753c300000,0x000000753c400000) (1024K)]
  0x0000026d7a7e6140 JavaThread "Build operations Thread 7"         [_thread_blocked, id=63996, stack(0x000000753d300000,0x000000753d400000) (1024K)]
  0x0000026d7a7ea2e0 JavaThread "Build operations Thread 8"         [_thread_blocked, id=19388, stack(0x000000753d400000,0x000000753d500000) (1024K)]
  0x0000026d7a7e74f0 JavaThread "Memory manager"                    [_thread_blocked, id=6524, stack(0x000000753d500000,0x000000753d600000) (1024K)]
  0x0000026d7b6ab760 JavaThread "jar transforms Thread 4"           [_thread_blocked, id=9612, stack(0x000000753d600000,0x000000753d700000) (1024K)]
Total: 46

Other Threads:
  0x0000026d5ee82960 VMThread "VM Thread"                           [id=26152, stack(0x000000753aa00000,0x000000753ab00000) (1024K)]
  0x0000026d5ee71c60 WatcherThread "VM Periodic Task Thread"        [id=25740, stack(0x000000753a900000,0x000000753aa00000) (1024K)]
  0x0000026d4951dd60 WorkerThread "GC Thread#0"                     [id=25284, stack(0x000000753a400000,0x000000753a500000) (1024K)]
  0x0000026d788a60a0 WorkerThread "GC Thread#1"                     [id=26276, stack(0x000000753b500000,0x000000753b600000) (1024K)]
  0x0000026d788a6450 WorkerThread "GC Thread#2"                     [id=28912, stack(0x000000753b600000,0x000000753b700000) (1024K)]
  0x0000026d789e4ad0 WorkerThread "GC Thread#3"                     [id=28352, stack(0x000000753b700000,0x000000753b800000) (1024K)]
  0x0000026d789e4e80 WorkerThread "GC Thread#4"                     [id=29072, stack(0x000000753b800000,0x000000753b900000) (1024K)]
  0x0000026d789e5230 WorkerThread "GC Thread#5"                     [id=29312, stack(0x000000753b900000,0x000000753ba00000) (1024K)]
  0x0000026d790e31a0 WorkerThread "GC Thread#6"                     [id=38576, stack(0x000000753c800000,0x000000753c900000) (1024K)]
  0x0000026d790e1b80 WorkerThread "GC Thread#7"                     [id=37284, stack(0x000000753c900000,0x000000753ca00000) (1024K)]
  0x0000026d49523c70 ConcurrentGCThread "G1 Main Marker"            [id=26164, stack(0x000000753a500000,0x000000753a600000) (1024K)]
  0x0000026d495266b0 WorkerThread "G1 Conc#0"                       [id=26356, stack(0x000000753a600000,0x000000753a700000) (1024K)]
  0x0000026d7b576630 WorkerThread "G1 Conc#1"                       [id=34172, stack(0x000000753ca00000,0x000000753cb00000) (1024K)]
  0x0000026d5ed485e0 ConcurrentGCThread "G1 Refine#0"               [id=25312, stack(0x000000753a700000,0x000000753a800000) (1024K)]
  0x0000026d5ed48f70 ConcurrentGCThread "G1 Service"                [id=26440, stack(0x000000753a800000,0x000000753a900000) (1024K)]
Total: 15

Threads with active compile tasks:
C2 CompilerThread0  448377 7739       4       java.lang.PublicMethods::merge (81 bytes)
Total: 1

VM state: not at safepoint (normal execution)

VM Mutex/Monitor currently owned by a thread: None

Heap address: 0x00000000e0000000, size: 512 MB, Compressed Oops mode: 32-bit

CDS archive(s) mapped at: [0x0000026d5f000000-0x0000026d5fba0000-0x0000026d5fba0000), size 12189696, SharedBaseAddress: 0x0000026d5f000000, ArchiveRelocationMode: 1.
Compressed class space mapped at: 0x0000026d60000000-0x0000026d74000000, reserved size: 335544320
Narrow klass base: 0x0000026d5f000000, Narrow klass shift: 0, Narrow klass range: 0x100000000

GC Precious Log:
 CardTable entry size: 512
 Card Set container configuration: InlinePtr #cards 5 size 8 Array Of Cards #cards 12 size 40 Howl #buckets 4 coarsen threshold 1843 Howl Bitmap #cards 512 size 80 coarsen threshold 460 Card regions per heap region 1 cards per card region 2048
 CPUs: 8 total, 8 available
 Memory: 7940M
 Large Page Support: Disabled
 NUMA Support: Disabled
 Compressed Oops: Enabled (32-bit)
 Heap Region Size: 1M
 Heap Min Capacity: 256M
 Heap Initial Capacity: 256M
 Heap Max Capacity: 512M
 Pre-touch: Disabled
 Parallel Workers: 8
 Concurrent Workers: 2
 Concurrent Refinement Workers: 8
 Periodic GC: Disabled

Heap:
 garbage-first heap   total 262144K, used 45545K [0x00000000e0000000, 0x0000000100000000)
  region size 1024K, 15 young (15360K), 12 survivors (12288K)
 Metaspace       used 53652K, committed 55808K, reserved 393216K
  class space    used 8100K, committed 9152K, reserved 327680K

Heap Regions: E=young(eden), S=young(survivor), O=old, HS=humongous(starts), HC=humongous(continues), CS=collection set, F=free, TAMS=top-at-mark-start, PB=parsable bottom
|   0|0x00000000e0000000, 0x00000000e0100000, 0x00000000e0100000|100%|HS|  |TAMS 0x00000000e0000000| PB 0x00000000e0000000| Complete 
|   1|0x00000000e0100000, 0x00000000e0200000, 0x00000000e0200000|100%|HC|  |TAMS 0x00000000e0100000| PB 0x00000000e0100000| Complete 
|   2|0x00000000e0200000, 0x00000000e0300000, 0x00000000e0300000|100%|HC|  |TAMS 0x00000000e0200000| PB 0x00000000e0200000| Complete 
|   3|0x00000000e0300000, 0x00000000e0400000, 0x00000000e0400000|100%|HC|  |TAMS 0x00000000e0300000| PB 0x00000000e0300000| Complete 
|   4|0x00000000e0400000, 0x00000000e0500000, 0x00000000e0500000|100%| O|  |TAMS 0x00000000e0400000| PB 0x00000000e0400000| Untracked 
|   5|0x00000000e0500000, 0x00000000e0600000, 0x00000000e0600000|100%| O|  |TAMS 0x00000000e0500000| PB 0x00000000e0500000| Untracked 
|   6|0x00000000e0600000, 0x00000000e0700000, 0x00000000e0700000|100%| O|  |TAMS 0x00000000e0600000| PB 0x00000000e0600000| Untracked 
|   7|0x00000000e0700000, 0x00000000e0800000, 0x00000000e0800000|100%| O|  |TAMS 0x00000000e0700000| PB 0x00000000e0700000| Untracked 
|   8|0x00000000e0800000, 0x00000000e0900000, 0x00000000e0900000|100%| O|  |TAMS 0x00000000e0800000| PB 0x00000000e0800000| Untracked 
|   9|0x00000000e0900000, 0x00000000e0a00000, 0x00000000e0a00000|100%| O|  |TAMS 0x00000000e0900000| PB 0x00000000e0900000| Untracked 
|  10|0x00000000e0a00000, 0x00000000e0b00000, 0x00000000e0b00000|100%| O|  |TAMS 0x00000000e0a00000| PB 0x00000000e0a00000| Untracked 
|  11|0x00000000e0b00000, 0x00000000e0c00000, 0x00000000e0c00000|100%|HS|  |TAMS 0x00000000e0b00000| PB 0x00000000e0b00000| Complete 
|  12|0x00000000e0c00000, 0x00000000e0d00000, 0x00000000e0d00000|100%| O|  |TAMS 0x00000000e0c00000| PB 0x00000000e0c00000| Untracked 
|  13|0x00000000e0d00000, 0x00000000e0e00000, 0x00000000e0e00000|100%| O|  |TAMS 0x00000000e0d00000| PB 0x00000000e0d00000| Untracked 
|  14|0x00000000e0e00000, 0x00000000e0f00000, 0x00000000e0f00000|100%| O|  |TAMS 0x00000000e0e00000| PB 0x00000000e0e00000| Untracked 
|  15|0x00000000e0f00000, 0x00000000e1000000, 0x00000000e1000000|100%| O|  |TAMS 0x00000000e0f00000| PB 0x00000000e0f00000| Untracked 
|  16|0x00000000e1000000, 0x00000000e1100000, 0x00000000e1100000|100%| O|  |TAMS 0x00000000e1000000| PB 0x00000000e1000000| Untracked 
|  17|0x00000000e1100000, 0x00000000e1200000, 0x00000000e1200000|100%| O|  |TAMS 0x00000000e1100000| PB 0x00000000e1100000| Untracked 
|  18|0x00000000e1200000, 0x00000000e1300000, 0x00000000e1300000|100%| O|  |TAMS 0x00000000e1200000| PB 0x00000000e1200000| Untracked 
|  19|0x00000000e1300000, 0x00000000e1400000, 0x00000000e1400000|100%| O|  |TAMS 0x00000000e1300000| PB 0x00000000e1300000| Untracked 
|  20|0x00000000e1400000, 0x00000000e1500000, 0x00000000e1500000|100%| O|  |TAMS 0x00000000e1400000| PB 0x00000000e1400000| Untracked 
|  21|0x00000000e1500000, 0x00000000e1600000, 0x00000000e1600000|100%| O|  |TAMS 0x00000000e1500000| PB 0x00000000e1500000| Untracked 
|  22|0x00000000e1600000, 0x00000000e1700000, 0x00000000e1700000|100%| O|  |TAMS 0x00000000e1600000| PB 0x00000000e1600000| Untracked 
|  23|0x00000000e1700000, 0x00000000e1800000, 0x00000000e1800000|100%| O|  |TAMS 0x00000000e1700000| PB 0x00000000e1700000| Untracked 
|  24|0x00000000e1800000, 0x00000000e1900000, 0x00000000e1900000|100%| O|  |TAMS 0x00000000e1800000| PB 0x00000000e1800000| Untracked 
|  25|0x00000000e1900000, 0x00000000e1a00000, 0x00000000e1a00000|100%| O|  |TAMS 0x00000000e1900000| PB 0x00000000e1900000| Untracked 
|  26|0x00000000e1a00000, 0x00000000e1b00000, 0x00000000e1b00000|100%| O|  |TAMS 0x00000000e1a00000| PB 0x00000000e1a00000| Untracked 
|  27|0x00000000e1b00000, 0x00000000e1c00000, 0x00000000e1c00000|100%| O|  |TAMS 0x00000000e1b00000| PB 0x00000000e1b00000| Untracked 
|  28|0x00000000e1c00000, 0x00000000e1d00000, 0x00000000e1d00000|100%| O|  |TAMS 0x00000000e1c00000| PB 0x00000000e1c00000| Untracked 
|  29|0x00000000e1d00000, 0x00000000e1d00000, 0x00000000e1e00000|  0%| F|  |TAMS 0x00000000e1d00000| PB 0x00000000e1d00000| Untracked 
|  30|0x00000000e1e00000, 0x00000000e1f00000, 0x00000000e1f00000|100%| O|  |TAMS 0x00000000e1e00000| PB 0x00000000e1e00000| Untracked 
|  31|0x00000000e1f00000, 0x00000000e1f7a608, 0x00000000e2000000| 47%| O|  |TAMS 0x00000000e1f00000| PB 0x00000000e1f00000| Untracked 
|  32|0x00000000e2000000, 0x00000000e2000000, 0x00000000e2100000|  0%| F|  |TAMS 0x00000000e2000000| PB 0x00000000e2000000| Untracked 
|  33|0x00000000e2100000, 0x00000000e2100000, 0x00000000e2200000|  0%| F|  |TAMS 0x00000000e2100000| PB 0x00000000e2100000| Untracked 
|  34|0x00000000e2200000, 0x00000000e2200000, 0x00000000e2300000|  0%| F|  |TAMS 0x00000000e2200000| PB 0x00000000e2200000| Untracked 
|  35|0x00000000e2300000, 0x00000000e2300000, 0x00000000e2400000|  0%| F|  |TAMS 0x00000000e2300000| PB 0x00000000e2300000| Untracked 
|  36|0x00000000e2400000, 0x00000000e2400000, 0x00000000e2500000|  0%| F|  |TAMS 0x00000000e2400000| PB 0x00000000e2400000| Untracked 
|  37|0x00000000e2500000, 0x00000000e2500000, 0x00000000e2600000|  0%| F|  |TAMS 0x00000000e2500000| PB 0x00000000e2500000| Untracked 
|  38|0x00000000e2600000, 0x00000000e2600000, 0x00000000e2700000|  0%| F|  |TAMS 0x00000000e2600000| PB 0x00000000e2600000| Untracked 
|  39|0x00000000e2700000, 0x00000000e2700000, 0x00000000e2800000|  0%| F|  |TAMS 0x00000000e2700000| PB 0x00000000e2700000| Untracked 
|  40|0x00000000e2800000, 0x00000000e2800000, 0x00000000e2900000|  0%| F|  |TAMS 0x00000000e2800000| PB 0x00000000e2800000| Untracked 
|  41|0x00000000e2900000, 0x00000000e2900000, 0x00000000e2a00000|  0%| F|  |TAMS 0x00000000e2900000| PB 0x00000000e2900000| Untracked 
|  42|0x00000000e2a00000, 0x00000000e2a00000, 0x00000000e2b00000|  0%| F|  |TAMS 0x00000000e2a00000| PB 0x00000000e2a00000| Untracked 
|  43|0x00000000e2b00000, 0x00000000e2b00000, 0x00000000e2c00000|  0%| F|  |TAMS 0x00000000e2b00000| PB 0x00000000e2b00000| Untracked 
|  44|0x00000000e2c00000, 0x00000000e2c00000, 0x00000000e2d00000|  0%| F|  |TAMS 0x00000000e2c00000| PB 0x00000000e2c00000| Untracked 
|  45|0x00000000e2d00000, 0x00000000e2d00000, 0x00000000e2e00000|  0%| F|  |TAMS 0x00000000e2d00000| PB 0x00000000e2d00000| Untracked 
|  46|0x00000000e2e00000, 0x00000000e2e00000, 0x00000000e2f00000|  0%| F|  |TAMS 0x00000000e2e00000| PB 0x00000000e2e00000| Untracked 
|  47|0x00000000e2f00000, 0x00000000e2f00000, 0x00000000e3000000|  0%| F|  |TAMS 0x00000000e2f00000| PB 0x00000000e2f00000| Untracked 
|  48|0x00000000e3000000, 0x00000000e3000000, 0x00000000e3100000|  0%| F|  |TAMS 0x00000000e3000000| PB 0x00000000e3000000| Untracked 
|  49|0x00000000e3100000, 0x00000000e3100000, 0x00000000e3200000|  0%| F|  |TAMS 0x00000000e3100000| PB 0x00000000e3100000| Untracked 
|  50|0x00000000e3200000, 0x00000000e3200000, 0x00000000e3300000|  0%| F|  |TAMS 0x00000000e3200000| PB 0x00000000e3200000| Untracked 
|  51|0x00000000e3300000, 0x00000000e3300000, 0x00000000e3400000|  0%| F|  |TAMS 0x00000000e3300000| PB 0x00000000e3300000| Untracked 
|  52|0x00000000e3400000, 0x00000000e3400000, 0x00000000e3500000|  0%| F|  |TAMS 0x00000000e3400000| PB 0x00000000e3400000| Untracked 
|  53|0x00000000e3500000, 0x00000000e3500000, 0x00000000e3600000|  0%| F|  |TAMS 0x00000000e3500000| PB 0x00000000e3500000| Untracked 
|  54|0x00000000e3600000, 0x00000000e3600000, 0x00000000e3700000|  0%| F|  |TAMS 0x00000000e3600000| PB 0x00000000e3600000| Untracked 
|  55|0x00000000e3700000, 0x00000000e3700000, 0x00000000e3800000|  0%| F|  |TAMS 0x00000000e3700000| PB 0x00000000e3700000| Untracked 
|  56|0x00000000e3800000, 0x00000000e3800000, 0x00000000e3900000|  0%| F|  |TAMS 0x00000000e3800000| PB 0x00000000e3800000| Untracked 
|  57|0x00000000e3900000, 0x00000000e3900000, 0x00000000e3a00000|  0%| F|  |TAMS 0x00000000e3900000| PB 0x00000000e3900000| Untracked 
|  58|0x00000000e3a00000, 0x00000000e3a00000, 0x00000000e3b00000|  0%| F|  |TAMS 0x00000000e3a00000| PB 0x00000000e3a00000| Untracked 
|  59|0x00000000e3b00000, 0x00000000e3b00000, 0x00000000e3c00000|  0%| F|  |TAMS 0x00000000e3b00000| PB 0x00000000e3b00000| Untracked 
|  60|0x00000000e3c00000, 0x00000000e3c00000, 0x00000000e3d00000|  0%| F|  |TAMS 0x00000000e3c00000| PB 0x00000000e3c00000| Untracked 
|  61|0x00000000e3d00000, 0x00000000e3d00000, 0x00000000e3e00000|  0%| F|  |TAMS 0x00000000e3d00000| PB 0x00000000e3d00000| Untracked 
|  62|0x00000000e3e00000, 0x00000000e3e00000, 0x00000000e3f00000|  0%| F|  |TAMS 0x00000000e3e00000| PB 0x00000000e3e00000| Untracked 
|  63|0x00000000e3f00000, 0x00000000e3f00000, 0x00000000e4000000|  0%| F|  |TAMS 0x00000000e3f00000| PB 0x00000000e3f00000| Untracked 
|  64|0x00000000e4000000, 0x00000000e4000000, 0x00000000e4100000|  0%| F|  |TAMS 0x00000000e4000000| PB 0x00000000e4000000| Untracked 
|  65|0x00000000e4100000, 0x00000000e4100000, 0x00000000e4200000|  0%| F|  |TAMS 0x00000000e4100000| PB 0x00000000e4100000| Untracked 
|  66|0x00000000e4200000, 0x00000000e4200000, 0x00000000e4300000|  0%| F|  |TAMS 0x00000000e4200000| PB 0x00000000e4200000| Untracked 
|  67|0x00000000e4300000, 0x00000000e4300000, 0x00000000e4400000|  0%| F|  |TAMS 0x00000000e4300000| PB 0x00000000e4300000| Untracked 
|  68|0x00000000e4400000, 0x00000000e4400000, 0x00000000e4500000|  0%| F|  |TAMS 0x00000000e4400000| PB 0x00000000e4400000| Untracked 
|  69|0x00000000e4500000, 0x00000000e4500000, 0x00000000e4600000|  0%| F|  |TAMS 0x00000000e4500000| PB 0x00000000e4500000| Untracked 
|  70|0x00000000e4600000, 0x00000000e4600000, 0x00000000e4700000|  0%| F|  |TAMS 0x00000000e4600000| PB 0x00000000e4600000| Untracked 
|  71|0x00000000e4700000, 0x00000000e4700000, 0x00000000e4800000|  0%| F|  |TAMS 0x00000000e4700000| PB 0x00000000e4700000| Untracked 
|  72|0x00000000e4800000, 0x00000000e4800000, 0x00000000e4900000|  0%| F|  |TAMS 0x00000000e4800000| PB 0x00000000e4800000| Untracked 
|  73|0x00000000e4900000, 0x00000000e4900000, 0x00000000e4a00000|  0%| F|  |TAMS 0x00000000e4900000| PB 0x00000000e4900000| Untracked 
|  74|0x00000000e4a00000, 0x00000000e4a00000, 0x00000000e4b00000|  0%| F|  |TAMS 0x00000000e4a00000| PB 0x00000000e4a00000| Untracked 
|  75|0x00000000e4b00000, 0x00000000e4b00000, 0x00000000e4c00000|  0%| F|  |TAMS 0x00000000e4b00000| PB 0x00000000e4b00000| Untracked 
|  76|0x00000000e4c00000, 0x00000000e4c00000, 0x00000000e4d00000|  0%| F|  |TAMS 0x00000000e4c00000| PB 0x00000000e4c00000| Untracked 
|  77|0x00000000e4d00000, 0x00000000e4d00000, 0x00000000e4e00000|  0%| F|  |TAMS 0x00000000e4d00000| PB 0x00000000e4d00000| Untracked 
|  78|0x00000000e4e00000, 0x00000000e4e00000, 0x00000000e4f00000|  0%| F|  |TAMS 0x00000000e4e00000| PB 0x00000000e4e00000| Untracked 
|  79|0x00000000e4f00000, 0x00000000e4f00000, 0x00000000e5000000|  0%| F|  |TAMS 0x00000000e4f00000| PB 0x00000000e4f00000| Untracked 
|  80|0x00000000e5000000, 0x00000000e5000000, 0x00000000e5100000|  0%| F|  |TAMS 0x00000000e5000000| PB 0x00000000e5000000| Untracked 
|  81|0x00000000e5100000, 0x00000000e5100000, 0x00000000e5200000|  0%| F|  |TAMS 0x00000000e5100000| PB 0x00000000e5100000| Untracked 
|  82|0x00000000e5200000, 0x00000000e5200000, 0x00000000e5300000|  0%| F|  |TAMS 0x00000000e5200000| PB 0x00000000e5200000| Untracked 
|  83|0x00000000e5300000, 0x00000000e5300000, 0x00000000e5400000|  0%| F|  |TAMS 0x00000000e5300000| PB 0x00000000e5300000| Untracked 
|  84|0x00000000e5400000, 0x00000000e5400000, 0x00000000e5500000|  0%| F|  |TAMS 0x00000000e5400000| PB 0x00000000e5400000| Untracked 
|  85|0x00000000e5500000, 0x00000000e5500000, 0x00000000e5600000|  0%| F|  |TAMS 0x00000000e5500000| PB 0x00000000e5500000| Untracked 
|  86|0x00000000e5600000, 0x00000000e5600000, 0x00000000e5700000|  0%| F|  |TAMS 0x00000000e5600000| PB 0x00000000e5600000| Untracked 
|  87|0x00000000e5700000, 0x00000000e5700000, 0x00000000e5800000|  0%| F|  |TAMS 0x00000000e5700000| PB 0x00000000e5700000| Untracked 
|  88|0x00000000e5800000, 0x00000000e5800000, 0x00000000e5900000|  0%| F|  |TAMS 0x00000000e5800000| PB 0x00000000e5800000| Untracked 
|  89|0x00000000e5900000, 0x00000000e5900000, 0x00000000e5a00000|  0%| F|  |TAMS 0x00000000e5900000| PB 0x00000000e5900000| Untracked 
|  90|0x00000000e5a00000, 0x00000000e5a00000, 0x00000000e5b00000|  0%| F|  |TAMS 0x00000000e5a00000| PB 0x00000000e5a00000| Untracked 
|  91|0x00000000e5b00000, 0x00000000e5b00000, 0x00000000e5c00000|  0%| F|  |TAMS 0x00000000e5b00000| PB 0x00000000e5b00000| Untracked 
|  92|0x00000000e5c00000, 0x00000000e5c00000, 0x00000000e5d00000|  0%| F|  |TAMS 0x00000000e5c00000| PB 0x00000000e5c00000| Untracked 
|  93|0x00000000e5d00000, 0x00000000e5d00000, 0x00000000e5e00000|  0%| F|  |TAMS 0x00000000e5d00000| PB 0x00000000e5d00000| Untracked 
|  94|0x00000000e5e00000, 0x00000000e5e00000, 0x00000000e5f00000|  0%| F|  |TAMS 0x00000000e5e00000| PB 0x00000000e5e00000| Untracked 
|  95|0x00000000e5f00000, 0x00000000e5f00000, 0x00000000e6000000|  0%| F|  |TAMS 0x00000000e5f00000| PB 0x00000000e5f00000| Untracked 
|  96|0x00000000e6000000, 0x00000000e6000000, 0x00000000e6100000|  0%| F|  |TAMS 0x00000000e6000000| PB 0x00000000e6000000| Untracked 
|  97|0x00000000e6100000, 0x00000000e6100000, 0x00000000e6200000|  0%| F|  |TAMS 0x00000000e6100000| PB 0x00000000e6100000| Untracked 
|  98|0x00000000e6200000, 0x00000000e6200000, 0x00000000e6300000|  0%| F|  |TAMS 0x00000000e6200000| PB 0x00000000e6200000| Untracked 
|  99|0x00000000e6300000, 0x00000000e6300000, 0x00000000e6400000|  0%| F|  |TAMS 0x00000000e6300000| PB 0x00000000e6300000| Untracked 
| 100|0x00000000e6400000, 0x00000000e6400000, 0x00000000e6500000|  0%| F|  |TAMS 0x00000000e6400000| PB 0x00000000e6400000| Untracked 
| 101|0x00000000e6500000, 0x00000000e6500000, 0x00000000e6600000|  0%| F|  |TAMS 0x00000000e6500000| PB 0x00000000e6500000| Untracked 
| 102|0x00000000e6600000, 0x00000000e6600000, 0x00000000e6700000|  0%| F|  |TAMS 0x00000000e6600000| PB 0x00000000e6600000| Untracked 
| 103|0x00000000e6700000, 0x00000000e6700000, 0x00000000e6800000|  0%| F|  |TAMS 0x00000000e6700000| PB 0x00000000e6700000| Untracked 
| 104|0x00000000e6800000, 0x00000000e6800000, 0x00000000e6900000|  0%| F|  |TAMS 0x00000000e6800000| PB 0x00000000e6800000| Untracked 
| 105|0x00000000e6900000, 0x00000000e6900000, 0x00000000e6a00000|  0%| F|  |TAMS 0x00000000e6900000| PB 0x00000000e6900000| Untracked 
| 106|0x00000000e6a00000, 0x00000000e6a00000, 0x00000000e6b00000|  0%| F|  |TAMS 0x00000000e6a00000| PB 0x00000000e6a00000| Untracked 
| 107|0x00000000e6b00000, 0x00000000e6b00000, 0x00000000e6c00000|  0%| F|  |TAMS 0x00000000e6b00000| PB 0x00000000e6b00000| Untracked 
| 108|0x00000000e6c00000, 0x00000000e6c00000, 0x00000000e6d00000|  0%| F|  |TAMS 0x00000000e6c00000| PB 0x00000000e6c00000| Untracked 
| 109|0x00000000e6d00000, 0x00000000e6d00000, 0x00000000e6e00000|  0%| F|  |TAMS 0x00000000e6d00000| PB 0x00000000e6d00000| Untracked 
| 110|0x00000000e6e00000, 0x00000000e6e00000, 0x00000000e6f00000|  0%| F|  |TAMS 0x00000000e6e00000| PB 0x00000000e6e00000| Untracked 
| 111|0x00000000e6f00000, 0x00000000e6f00000, 0x00000000e7000000|  0%| F|  |TAMS 0x00000000e6f00000| PB 0x00000000e6f00000| Untracked 
| 112|0x00000000e7000000, 0x00000000e7000000, 0x00000000e7100000|  0%| F|  |TAMS 0x00000000e7000000| PB 0x00000000e7000000| Untracked 
| 113|0x00000000e7100000, 0x00000000e7100000, 0x00000000e7200000|  0%| F|  |TAMS 0x00000000e7100000| PB 0x00000000e7100000| Untracked 
| 114|0x00000000e7200000, 0x00000000e7200000, 0x00000000e7300000|  0%| F|  |TAMS 0x00000000e7200000| PB 0x00000000e7200000| Untracked 
| 115|0x00000000e7300000, 0x00000000e7300000, 0x00000000e7400000|  0%| F|  |TAMS 0x00000000e7300000| PB 0x00000000e7300000| Untracked 
| 116|0x00000000e7400000, 0x00000000e7400000, 0x00000000e7500000|  0%| F|  |TAMS 0x00000000e7400000| PB 0x00000000e7400000| Untracked 
| 117|0x00000000e7500000, 0x00000000e7500000, 0x00000000e7600000|  0%| F|  |TAMS 0x00000000e7500000| PB 0x00000000e7500000| Untracked 
| 118|0x00000000e7600000, 0x00000000e7600000, 0x00000000e7700000|  0%| F|  |TAMS 0x00000000e7600000| PB 0x00000000e7600000| Untracked 
| 119|0x00000000e7700000, 0x00000000e7700000, 0x00000000e7800000|  0%| F|  |TAMS 0x00000000e7700000| PB 0x00000000e7700000| Untracked 
| 120|0x00000000e7800000, 0x00000000e7800000, 0x00000000e7900000|  0%| F|  |TAMS 0x00000000e7800000| PB 0x00000000e7800000| Untracked 
| 121|0x00000000e7900000, 0x00000000e7900000, 0x00000000e7a00000|  0%| F|  |TAMS 0x00000000e7900000| PB 0x00000000e7900000| Untracked 
| 122|0x00000000e7a00000, 0x00000000e7a00000, 0x00000000e7b00000|  0%| F|  |TAMS 0x00000000e7a00000| PB 0x00000000e7a00000| Untracked 
| 123|0x00000000e7b00000, 0x00000000e7b00000, 0x00000000e7c00000|  0%| F|  |TAMS 0x00000000e7b00000| PB 0x00000000e7b00000| Untracked 
| 124|0x00000000e7c00000, 0x00000000e7c00000, 0x00000000e7d00000|  0%| F|  |TAMS 0x00000000e7c00000| PB 0x00000000e7c00000| Untracked 
| 125|0x00000000e7d00000, 0x00000000e7d00000, 0x00000000e7e00000|  0%| F|  |TAMS 0x00000000e7d00000| PB 0x00000000e7d00000| Untracked 
| 126|0x00000000e7e00000, 0x00000000e7e00000, 0x00000000e7f00000|  0%| F|  |TAMS 0x00000000e7e00000| PB 0x00000000e7e00000| Untracked 
| 127|0x00000000e7f00000, 0x00000000e7f00000, 0x00000000e8000000|  0%| F|  |TAMS 0x00000000e7f00000| PB 0x00000000e7f00000| Untracked 
| 128|0x00000000e8000000, 0x00000000e8000000, 0x00000000e8100000|  0%| F|  |TAMS 0x00000000e8000000| PB 0x00000000e8000000| Untracked 
| 129|0x00000000e8100000, 0x00000000e8100000, 0x00000000e8200000|  0%| F|  |TAMS 0x00000000e8100000| PB 0x00000000e8100000| Untracked 
| 130|0x00000000e8200000, 0x00000000e8200000, 0x00000000e8300000|  0%| F|  |TAMS 0x00000000e8200000| PB 0x00000000e8200000| Untracked 
| 131|0x00000000e8300000, 0x00000000e8300000, 0x00000000e8400000|  0%| F|  |TAMS 0x00000000e8300000| PB 0x00000000e8300000| Untracked 
| 132|0x00000000e8400000, 0x00000000e8400000, 0x00000000e8500000|  0%| F|  |TAMS 0x00000000e8400000| PB 0x00000000e8400000| Untracked 
| 133|0x00000000e8500000, 0x00000000e8500000, 0x00000000e8600000|  0%| F|  |TAMS 0x00000000e8500000| PB 0x00000000e8500000| Untracked 
| 134|0x00000000e8600000, 0x00000000e8600000, 0x00000000e8700000|  0%| F|  |TAMS 0x00000000e8600000| PB 0x00000000e8600000| Untracked 
| 135|0x00000000e8700000, 0x00000000e8700000, 0x00000000e8800000|  0%| F|  |TAMS 0x00000000e8700000| PB 0x00000000e8700000| Untracked 
| 136|0x00000000e8800000, 0x00000000e8800000, 0x00000000e8900000|  0%| F|  |TAMS 0x00000000e8800000| PB 0x00000000e8800000| Untracked 
| 137|0x00000000e8900000, 0x00000000e8900000, 0x00000000e8a00000|  0%| F|  |TAMS 0x00000000e8900000| PB 0x00000000e8900000| Untracked 
| 138|0x00000000e8a00000, 0x00000000e8a00000, 0x00000000e8b00000|  0%| F|  |TAMS 0x00000000e8a00000| PB 0x00000000e8a00000| Untracked 
| 139|0x00000000e8b00000, 0x00000000e8b00000, 0x00000000e8c00000|  0%| F|  |TAMS 0x00000000e8b00000| PB 0x00000000e8b00000| Untracked 
| 140|0x00000000e8c00000, 0x00000000e8c00000, 0x00000000e8d00000|  0%| F|  |TAMS 0x00000000e8c00000| PB 0x00000000e8c00000| Untracked 
| 141|0x00000000e8d00000, 0x00000000e8d00000, 0x00000000e8e00000|  0%| F|  |TAMS 0x00000000e8d00000| PB 0x00000000e8d00000| Untracked 
| 142|0x00000000e8e00000, 0x00000000e8e00000, 0x00000000e8f00000|  0%| F|  |TAMS 0x00000000e8e00000| PB 0x00000000e8e00000| Untracked 
| 143|0x00000000e8f00000, 0x00000000e8f00000, 0x00000000e9000000|  0%| F|  |TAMS 0x00000000e8f00000| PB 0x00000000e8f00000| Untracked 
| 144|0x00000000e9000000, 0x00000000e9000000, 0x00000000e9100000|  0%| F|  |TAMS 0x00000000e9000000| PB 0x00000000e9000000| Untracked 
| 145|0x00000000e9100000, 0x00000000e9100000, 0x00000000e9200000|  0%| F|  |TAMS 0x00000000e9100000| PB 0x00000000e9100000| Untracked 
| 146|0x00000000e9200000, 0x00000000e9200000, 0x00000000e9300000|  0%| F|  |TAMS 0x00000000e9200000| PB 0x00000000e9200000| Untracked 
| 147|0x00000000e9300000, 0x00000000e9300000, 0x00000000e9400000|  0%| F|  |TAMS 0x00000000e9300000| PB 0x00000000e9300000| Untracked 
| 148|0x00000000e9400000, 0x00000000e9400000, 0x00000000e9500000|  0%| F|  |TAMS 0x00000000e9400000| PB 0x00000000e9400000| Untracked 
| 149|0x00000000e9500000, 0x00000000e9500000, 0x00000000e9600000|  0%| F|  |TAMS 0x00000000e9500000| PB 0x00000000e9500000| Untracked 
| 150|0x00000000e9600000, 0x00000000e9600000, 0x00000000e9700000|  0%| F|  |TAMS 0x00000000e9600000| PB 0x00000000e9600000| Untracked 
| 151|0x00000000e9700000, 0x00000000e9700000, 0x00000000e9800000|  0%| F|  |TAMS 0x00000000e9700000| PB 0x00000000e9700000| Untracked 
| 152|0x00000000e9800000, 0x00000000e9800000, 0x00000000e9900000|  0%| F|  |TAMS 0x00000000e9800000| PB 0x00000000e9800000| Untracked 
| 153|0x00000000e9900000, 0x00000000e9900000, 0x00000000e9a00000|  0%| F|  |TAMS 0x00000000e9900000| PB 0x00000000e9900000| Untracked 
| 154|0x00000000e9a00000, 0x00000000e9a00000, 0x00000000e9b00000|  0%| F|  |TAMS 0x00000000e9a00000| PB 0x00000000e9a00000| Untracked 
| 155|0x00000000e9b00000, 0x00000000e9b00000, 0x00000000e9c00000|  0%| F|  |TAMS 0x00000000e9b00000| PB 0x00000000e9b00000| Untracked 
| 156|0x00000000e9c00000, 0x00000000e9c00000, 0x00000000e9d00000|  0%| F|  |TAMS 0x00000000e9c00000| PB 0x00000000e9c00000| Untracked 
| 157|0x00000000e9d00000, 0x00000000e9d00000, 0x00000000e9e00000|  0%| F|  |TAMS 0x00000000e9d00000| PB 0x00000000e9d00000| Untracked 
| 158|0x00000000e9e00000, 0x00000000e9e00000, 0x00000000e9f00000|  0%| F|  |TAMS 0x00000000e9e00000| PB 0x00000000e9e00000| Untracked 
| 159|0x00000000e9f00000, 0x00000000e9f00000, 0x00000000ea000000|  0%| F|  |TAMS 0x00000000e9f00000| PB 0x00000000e9f00000| Untracked 
| 160|0x00000000ea000000, 0x00000000ea000000, 0x00000000ea100000|  0%| F|  |TAMS 0x00000000ea000000| PB 0x00000000ea000000| Untracked 
| 161|0x00000000ea100000, 0x00000000ea100000, 0x00000000ea200000|  0%| F|  |TAMS 0x00000000ea100000| PB 0x00000000ea100000| Untracked 
| 162|0x00000000ea200000, 0x00000000ea200000, 0x00000000ea300000|  0%| F|  |TAMS 0x00000000ea200000| PB 0x00000000ea200000| Untracked 
| 163|0x00000000ea300000, 0x00000000ea400000, 0x00000000ea400000|100%| S|CS|TAMS 0x00000000ea300000| PB 0x00000000ea300000| Complete 
| 164|0x00000000ea400000, 0x00000000ea500000, 0x00000000ea500000|100%| S|CS|TAMS 0x00000000ea400000| PB 0x00000000ea400000| Complete 
| 165|0x00000000ea500000, 0x00000000ea600000, 0x00000000ea600000|100%| S|CS|TAMS 0x00000000ea500000| PB 0x00000000ea500000| Complete 
| 166|0x00000000ea600000, 0x00000000ea700000, 0x00000000ea700000|100%| S|CS|TAMS 0x00000000ea600000| PB 0x00000000ea600000| Complete 
| 167|0x00000000ea700000, 0x00000000ea800000, 0x00000000ea800000|100%| S|CS|TAMS 0x00000000ea700000| PB 0x00000000ea700000| Complete 
| 168|0x00000000ea800000, 0x00000000ea900000, 0x00000000ea900000|100%| S|CS|TAMS 0x00000000ea800000| PB 0x00000000ea800000| Complete 
| 169|0x00000000ea900000, 0x00000000eaa00000, 0x00000000eaa00000|100%| S|CS|TAMS 0x00000000ea900000| PB 0x00000000ea900000| Complete 
| 170|0x00000000eaa00000, 0x00000000eab00000, 0x00000000eab00000|100%| S|CS|TAMS 0x00000000eaa00000| PB 0x00000000eaa00000| Complete 
| 171|0x00000000eab00000, 0x00000000eac00000, 0x00000000eac00000|100%| S|CS|TAMS 0x00000000eab00000| PB 0x00000000eab00000| Complete 
| 172|0x00000000eac00000, 0x00000000ead00000, 0x00000000ead00000|100%| S|CS|TAMS 0x00000000eac00000| PB 0x00000000eac00000| Complete 
| 173|0x00000000ead00000, 0x00000000eae00000, 0x00000000eae00000|100%| S|CS|TAMS 0x00000000ead00000| PB 0x00000000ead00000| Complete 
| 174|0x00000000eae00000, 0x00000000eaf00000, 0x00000000eaf00000|100%| S|CS|TAMS 0x00000000eae00000| PB 0x00000000eae00000| Complete 
| 175|0x00000000eaf00000, 0x00000000eaf00000, 0x00000000eb000000|  0%| F|  |TAMS 0x00000000eaf00000| PB 0x00000000eaf00000| Untracked 
| 176|0x00000000eb000000, 0x00000000eb000000, 0x00000000eb100000|  0%| F|  |TAMS 0x00000000eb000000| PB 0x00000000eb000000| Untracked 
| 177|0x00000000eb100000, 0x00000000eb100000, 0x00000000eb200000|  0%| F|  |TAMS 0x00000000eb100000| PB 0x00000000eb100000| Untracked 
| 178|0x00000000eb200000, 0x00000000eb200000, 0x00000000eb300000|  0%| F|  |TAMS 0x00000000eb200000| PB 0x00000000eb200000| Untracked 
| 179|0x00000000eb300000, 0x00000000eb300000, 0x00000000eb400000|  0%| F|  |TAMS 0x00000000eb300000| PB 0x00000000eb300000| Untracked 
| 180|0x00000000eb400000, 0x00000000eb400000, 0x00000000eb500000|  0%| F|  |TAMS 0x00000000eb400000| PB 0x00000000eb400000| Untracked 
| 181|0x00000000eb500000, 0x00000000eb500000, 0x00000000eb600000|  0%| F|  |TAMS 0x00000000eb500000| PB 0x00000000eb500000| Untracked 
| 182|0x00000000eb600000, 0x00000000eb600000, 0x00000000eb700000|  0%| F|  |TAMS 0x00000000eb600000| PB 0x00000000eb600000| Untracked 
| 183|0x00000000eb700000, 0x00000000eb700000, 0x00000000eb800000|  0%| F|  |TAMS 0x00000000eb700000| PB 0x00000000eb700000| Untracked 
| 184|0x00000000eb800000, 0x00000000eb800000, 0x00000000eb900000|  0%| F|  |TAMS 0x00000000eb800000| PB 0x00000000eb800000| Untracked 
| 185|0x00000000eb900000, 0x00000000eb900000, 0x00000000eba00000|  0%| F|  |TAMS 0x00000000eb900000| PB 0x00000000eb900000| Untracked 
| 186|0x00000000eba00000, 0x00000000eba00000, 0x00000000ebb00000|  0%| F|  |TAMS 0x00000000eba00000| PB 0x00000000eba00000| Untracked 
| 187|0x00000000ebb00000, 0x00000000ebb00000, 0x00000000ebc00000|  0%| F|  |TAMS 0x00000000ebb00000| PB 0x00000000ebb00000| Untracked 
| 188|0x00000000ebc00000, 0x00000000ebc00000, 0x00000000ebd00000|  0%| F|  |TAMS 0x00000000ebc00000| PB 0x00000000ebc00000| Untracked 
| 189|0x00000000ebd00000, 0x00000000ebd00000, 0x00000000ebe00000|  0%| F|  |TAMS 0x00000000ebd00000| PB 0x00000000ebd00000| Untracked 
| 190|0x00000000ebe00000, 0x00000000ebe00000, 0x00000000ebf00000|  0%| F|  |TAMS 0x00000000ebe00000| PB 0x00000000ebe00000| Untracked 
| 191|0x00000000ebf00000, 0x00000000ebf00000, 0x00000000ec000000|  0%| F|  |TAMS 0x00000000ebf00000| PB 0x00000000ebf00000| Untracked 
| 192|0x00000000ec000000, 0x00000000ec000000, 0x00000000ec100000|  0%| F|  |TAMS 0x00000000ec000000| PB 0x00000000ec000000| Untracked 
| 193|0x00000000ec100000, 0x00000000ec100000, 0x00000000ec200000|  0%| F|  |TAMS 0x00000000ec100000| PB 0x00000000ec100000| Untracked 
| 194|0x00000000ec200000, 0x00000000ec200000, 0x00000000ec300000|  0%| F|  |TAMS 0x00000000ec200000| PB 0x00000000ec200000| Untracked 
| 195|0x00000000ec300000, 0x00000000ec300000, 0x00000000ec400000|  0%| F|  |TAMS 0x00000000ec300000| PB 0x00000000ec300000| Untracked 
| 196|0x00000000ec400000, 0x00000000ec400000, 0x00000000ec500000|  0%| F|  |TAMS 0x00000000ec400000| PB 0x00000000ec400000| Untracked 
| 197|0x00000000ec500000, 0x00000000ec500000, 0x00000000ec600000|  0%| F|  |TAMS 0x00000000ec500000| PB 0x00000000ec500000| Untracked 
| 198|0x00000000ec600000, 0x00000000ec600000, 0x00000000ec700000|  0%| F|  |TAMS 0x00000000ec600000| PB 0x00000000ec600000| Untracked 
| 199|0x00000000ec700000, 0x00000000ec700000, 0x00000000ec800000|  0%| F|  |TAMS 0x00000000ec700000| PB 0x00000000ec700000| Untracked 
| 200|0x00000000ec800000, 0x00000000ec800000, 0x00000000ec900000|  0%| F|  |TAMS 0x00000000ec800000| PB 0x00000000ec800000| Untracked 
| 201|0x00000000ec900000, 0x00000000ec900000, 0x00000000eca00000|  0%| F|  |TAMS 0x00000000ec900000| PB 0x00000000ec900000| Untracked 
| 202|0x00000000eca00000, 0x00000000eca00000, 0x00000000ecb00000|  0%| F|  |TAMS 0x00000000eca00000| PB 0x00000000eca00000| Untracked 
| 203|0x00000000ecb00000, 0x00000000ecb00000, 0x00000000ecc00000|  0%| F|  |TAMS 0x00000000ecb00000| PB 0x00000000ecb00000| Untracked 
| 204|0x00000000ecc00000, 0x00000000ecc00000, 0x00000000ecd00000|  0%| F|  |TAMS 0x00000000ecc00000| PB 0x00000000ecc00000| Untracked 
| 205|0x00000000ecd00000, 0x00000000ecd00000, 0x00000000ece00000|  0%| F|  |TAMS 0x00000000ecd00000| PB 0x00000000ecd00000| Untracked 
| 206|0x00000000ece00000, 0x00000000ece00000, 0x00000000ecf00000|  0%| F|  |TAMS 0x00000000ece00000| PB 0x00000000ece00000| Untracked 
| 207|0x00000000ecf00000, 0x00000000ecf00000, 0x00000000ed000000|  0%| F|  |TAMS 0x00000000ecf00000| PB 0x00000000ecf00000| Untracked 
| 208|0x00000000ed000000, 0x00000000ed000000, 0x00000000ed100000|  0%| F|  |TAMS 0x00000000ed000000| PB 0x00000000ed000000| Untracked 
| 209|0x00000000ed100000, 0x00000000ed100000, 0x00000000ed200000|  0%| F|  |TAMS 0x00000000ed100000| PB 0x00000000ed100000| Untracked 
| 210|0x00000000ed200000, 0x00000000ed200000, 0x00000000ed300000|  0%| F|  |TAMS 0x00000000ed200000| PB 0x00000000ed200000| Untracked 
| 211|0x00000000ed300000, 0x00000000ed300000, 0x00000000ed400000|  0%| F|  |TAMS 0x00000000ed300000| PB 0x00000000ed300000| Untracked 
| 212|0x00000000ed400000, 0x00000000ed400000, 0x00000000ed500000|  0%| F|  |TAMS 0x00000000ed400000| PB 0x00000000ed400000| Untracked 
| 213|0x00000000ed500000, 0x00000000ed500000, 0x00000000ed600000|  0%| F|  |TAMS 0x00000000ed500000| PB 0x00000000ed500000| Untracked 
| 214|0x00000000ed600000, 0x00000000ed600000, 0x00000000ed700000|  0%| F|  |TAMS 0x00000000ed600000| PB 0x00000000ed600000| Untracked 
| 215|0x00000000ed700000, 0x00000000ed700000, 0x00000000ed800000|  0%| F|  |TAMS 0x00000000ed700000| PB 0x00000000ed700000| Untracked 
| 216|0x00000000ed800000, 0x00000000ed800000, 0x00000000ed900000|  0%| F|  |TAMS 0x00000000ed800000| PB 0x00000000ed800000| Untracked 
| 217|0x00000000ed900000, 0x00000000ed900000, 0x00000000eda00000|  0%| F|  |TAMS 0x00000000ed900000| PB 0x00000000ed900000| Untracked 
| 218|0x00000000eda00000, 0x00000000eda00000, 0x00000000edb00000|  0%| F|  |TAMS 0x00000000eda00000| PB 0x00000000eda00000| Untracked 
| 219|0x00000000edb00000, 0x00000000edb00000, 0x00000000edc00000|  0%| F|  |TAMS 0x00000000edb00000| PB 0x00000000edb00000| Untracked 
| 220|0x00000000edc00000, 0x00000000edc00000, 0x00000000edd00000|  0%| F|  |TAMS 0x00000000edc00000| PB 0x00000000edc00000| Untracked 
| 221|0x00000000edd00000, 0x00000000edd00000, 0x00000000ede00000|  0%| F|  |TAMS 0x00000000edd00000| PB 0x00000000edd00000| Untracked 
| 222|0x00000000ede00000, 0x00000000ede00000, 0x00000000edf00000|  0%| F|  |TAMS 0x00000000ede00000| PB 0x00000000ede00000| Untracked 
| 223|0x00000000edf00000, 0x00000000edf00000, 0x00000000ee000000|  0%| F|  |TAMS 0x00000000edf00000| PB 0x00000000edf00000| Untracked 
| 224|0x00000000ee000000, 0x00000000ee000000, 0x00000000ee100000|  0%| F|  |TAMS 0x00000000ee000000| PB 0x00000000ee000000| Untracked 
| 225|0x00000000ee100000, 0x00000000ee100000, 0x00000000ee200000|  0%| F|  |TAMS 0x00000000ee100000| PB 0x00000000ee100000| Untracked 
| 226|0x00000000ee200000, 0x00000000ee200000, 0x00000000ee300000|  0%| F|  |TAMS 0x00000000ee200000| PB 0x00000000ee200000| Untracked 
| 227|0x00000000ee300000, 0x00000000ee300000, 0x00000000ee400000|  0%| F|  |TAMS 0x00000000ee300000| PB 0x00000000ee300000| Untracked 
| 228|0x00000000ee400000, 0x00000000ee400000, 0x00000000ee500000|  0%| F|  |TAMS 0x00000000ee400000| PB 0x00000000ee400000| Untracked 
| 229|0x00000000ee500000, 0x00000000ee500000, 0x00000000ee600000|  0%| F|  |TAMS 0x00000000ee500000| PB 0x00000000ee500000| Untracked 
| 230|0x00000000ee600000, 0x00000000ee600000, 0x00000000ee700000|  0%| F|  |TAMS 0x00000000ee600000| PB 0x00000000ee600000| Untracked 
| 231|0x00000000ee700000, 0x00000000ee700000, 0x00000000ee800000|  0%| F|  |TAMS 0x00000000ee700000| PB 0x00000000ee700000| Untracked 
| 232|0x00000000ee800000, 0x00000000ee800000, 0x00000000ee900000|  0%| F|  |TAMS 0x00000000ee800000| PB 0x00000000ee800000| Untracked 
| 233|0x00000000ee900000, 0x00000000ee900000, 0x00000000eea00000|  0%| F|  |TAMS 0x00000000ee900000| PB 0x00000000ee900000| Untracked 
| 234|0x00000000eea00000, 0x00000000eea00000, 0x00000000eeb00000|  0%| F|  |TAMS 0x00000000eea00000| PB 0x00000000eea00000| Untracked 
| 235|0x00000000eeb00000, 0x00000000eeb00000, 0x00000000eec00000|  0%| F|  |TAMS 0x00000000eeb00000| PB 0x00000000eeb00000| Untracked 
| 236|0x00000000eec00000, 0x00000000eec00000, 0x00000000eed00000|  0%| F|  |TAMS 0x00000000eec00000| PB 0x00000000eec00000| Untracked 
| 237|0x00000000eed00000, 0x00000000eed00000, 0x00000000eee00000|  0%| F|  |TAMS 0x00000000eed00000| PB 0x00000000eed00000| Untracked 
| 238|0x00000000eee00000, 0x00000000eee00000, 0x00000000eef00000|  0%| F|  |TAMS 0x00000000eee00000| PB 0x00000000eee00000| Untracked 
| 239|0x00000000eef00000, 0x00000000eef00000, 0x00000000ef000000|  0%| F|  |TAMS 0x00000000eef00000| PB 0x00000000eef00000| Untracked 
| 240|0x00000000ef000000, 0x00000000ef000000, 0x00000000ef100000|  0%| F|  |TAMS 0x00000000ef000000| PB 0x00000000ef000000| Untracked 
| 241|0x00000000ef100000, 0x00000000ef100000, 0x00000000ef200000|  0%| F|  |TAMS 0x00000000ef100000| PB 0x00000000ef100000| Untracked 
| 242|0x00000000ef200000, 0x00000000ef200000, 0x00000000ef300000|  0%| F|  |TAMS 0x00000000ef200000| PB 0x00000000ef200000| Untracked 
| 243|0x00000000ef300000, 0x00000000ef300000, 0x00000000ef400000|  0%| F|  |TAMS 0x00000000ef300000| PB 0x00000000ef300000| Untracked 
| 244|0x00000000ef400000, 0x00000000ef400000, 0x00000000ef500000|  0%| F|  |TAMS 0x00000000ef400000| PB 0x00000000ef400000| Untracked 
| 245|0x00000000ef500000, 0x00000000ef500000, 0x00000000ef600000|  0%| F|  |TAMS 0x00000000ef500000| PB 0x00000000ef500000| Untracked 
| 246|0x00000000ef600000, 0x00000000ef600000, 0x00000000ef700000|  0%| F|  |TAMS 0x00000000ef600000| PB 0x00000000ef600000| Untracked 
| 247|0x00000000ef700000, 0x00000000ef700000, 0x00000000ef800000|  0%| F|  |TAMS 0x00000000ef700000| PB 0x00000000ef700000| Untracked 
| 248|0x00000000ef800000, 0x00000000ef800000, 0x00000000ef900000|  0%| F|  |TAMS 0x00000000ef800000| PB 0x00000000ef800000| Untracked 
| 249|0x00000000ef900000, 0x00000000ef900000, 0x00000000efa00000|  0%| F|  |TAMS 0x00000000ef900000| PB 0x00000000ef900000| Untracked 
| 250|0x00000000efa00000, 0x00000000efa00000, 0x00000000efb00000|  0%| F|  |TAMS 0x00000000efa00000| PB 0x00000000efa00000| Untracked 
| 251|0x00000000efb00000, 0x00000000efb00000, 0x00000000efc00000|  0%| F|  |TAMS 0x00000000efb00000| PB 0x00000000efb00000| Untracked 
| 252|0x00000000efc00000, 0x00000000efc00000, 0x00000000efd00000|  0%| F|  |TAMS 0x00000000efc00000| PB 0x00000000efc00000| Untracked 
| 253|0x00000000efd00000, 0x00000000efe00000, 0x00000000efe00000|100%| E|  |TAMS 0x00000000efd00000| PB 0x00000000efd00000| Complete 
| 254|0x00000000efe00000, 0x00000000eff00000, 0x00000000eff00000|100%| E|CS|TAMS 0x00000000efe00000| PB 0x00000000efe00000| Complete 
| 255|0x00000000eff00000, 0x00000000f0000000, 0x00000000f0000000|100%| E|CS|TAMS 0x00000000eff00000| PB 0x00000000eff00000| Complete 

Card table byte_map: [0x0000026d5bb40000,0x0000026d5bc40000] _byte_map_base: 0x0000026d5b440000

Marking Bits: (CMBitMap*) 0x0000026d4951e380
 Bits: [0x0000026d5bc40000, 0x0000026d5c440000)

Polling page: 0x0000026d47500000

Metaspace:

Usage:
  Non-class:     44.49 MB used.
      Class:      7.91 MB used.
       Both:     52.40 MB used.

Virtual space:
  Non-class space:       64.00 MB reserved,      45.56 MB ( 71%) committed,  1 nodes.
      Class space:      320.00 MB reserved,       8.94 MB (  3%) committed,  1 nodes.
             Both:      384.00 MB reserved,      54.50 MB ( 14%) committed. 

Chunk freelists:
   Non-Class:  1.73 MB
       Class:  7.00 MB
        Both:  8.73 MB

MaxMetaspaceSize: 384.00 MB
CompressedClassSpaceSize: 320.00 MB
Initial GC threshold: 21.00 MB
Current GC threshold: 60.62 MB
CDS: on
 - commit_granule_bytes: 65536.
 - commit_granule_words: 8192.
 - virtual_space_node_default_size: 8388608.
 - enlarge_chunks_in_place: 1.
 - use_allocation_guard: 0.


Internal statistics:

num_allocs_failed_limit: 12.
num_arena_births: 3934.
num_arena_deaths: 0.
num_vsnodes_births: 2.
num_vsnodes_deaths: 0.
num_space_committed: 872.
num_space_uncommitted: 0.
num_chunks_returned_to_freelist: 12.
num_chunks_taken_from_freelist: 6796.
num_chunk_merges: 9.
num_chunk_splits: 4268.
num_chunks_enlarged: 2401.
num_inconsistent_stats: 0.

CodeHeap 'non-profiled nmethods': size=120000Kb used=4156Kb max_used=4156Kb free=115843Kb
 bounds [0x0000026d541d0000, 0x0000026d545e0000, 0x0000026d5b700000]
CodeHeap 'profiled nmethods': size=120000Kb used=14098Kb max_used=14098Kb free=105901Kb
 bounds [0x0000026d4c700000, 0x0000026d4d4d0000, 0x0000026d53c30000]
CodeHeap 'non-nmethods': size=5760Kb used=1887Kb max_used=1948Kb free=3872Kb
 bounds [0x0000026d53c30000, 0x0000026d53ea0000, 0x0000026d541d0000]
CodeCache: size=245760Kb, used=20141Kb, max_used=20202Kb, free=225616Kb
 total_blobs=8059, nmethods=7299, adapters=664, full_count=0
Compilation: enabled, stopped_count=0, restarted_count=0

Compilation events (20 events):
Event: 447.707 Thread 0x0000026d5eea4870 7732       4       org.codehaus.groovy.reflection.CachedMethod::getReturnType (8 bytes)
Event: 447.708 Thread 0x0000026d5eeae900 nmethod 7731 0x0000026d4d4b2a90 code [0x0000026d4d4b2d40, 0x0000026d4d4b3bc0]
Event: 447.708 Thread 0x0000026d5eea4870 nmethod 7732 0x0000026d545dde90 code [0x0000026d545de020, 0x0000026d545de0c8]
Event: 447.719 Thread 0x0000026d5eeae900 7733       3       java.lang.invoke.MethodHandle::bindArgumentL (10 bytes)
Event: 447.720 Thread 0x0000026d5eeae900 nmethod 7733 0x0000026d4d4b4010 code [0x0000026d4d4b4220, 0x0000026d4d4b48a8]
Event: 447.721 Thread 0x0000026d5eeae900 7734       3       java.lang.invoke.MethodHandle::viewAsType (33 bytes)
Event: 447.721 Thread 0x0000026d5eeae900 nmethod 7734 0x0000026d4d4b4b10 code [0x0000026d4d4b4cc0, 0x0000026d4d4b4ea0]
Event: 447.721 Thread 0x0000026d5eeae900 7735       3       java.util.Spliterators$ArraySpliterator::tryAdvance (58 bytes)
Event: 447.721 Thread 0x0000026d5eeae900 nmethod 7735 0x0000026d4d4b4f90 code [0x0000026d4d4b5160, 0x0000026d4d4b5508]
Event: 447.722 Thread 0x0000026d5eea4870 7736       4       java.lang.ClassValue::get (31 bytes)
Event: 447.728 Thread 0x0000026d5eea4870 nmethod 7736 0x0000026d545de190 code [0x0000026d545de360, 0x0000026d545de5c0]
Event: 447.763 Thread 0x0000026d5eea4870 7737       4       java.lang.PublicMethods$MethodList::merge (192 bytes)
Event: 447.983 Thread 0x0000026d5eea4870 nmethod 7737 0x0000026d545de810 code [0x0000026d545de9c0, 0x0000026d545defa8]
Event: 448.209 Thread 0x0000026d5eeae900 7738       3       org.codehaus.groovy.reflection.CachedClass$3::initValue (205 bytes)
Event: 448.209 Thread 0x0000026d5eea4870 7739       4       java.lang.PublicMethods::merge (81 bytes)
Event: 448.213 Thread 0x0000026d5eeae900 nmethod 7738 0x0000026d4d4b5690 code [0x0000026d4d4b5ac0, 0x0000026d4d4b79a8]
Event: 448.213 Thread 0x0000026d5eeae900 7740       3       org.codehaus.groovy.reflection.ClassInfo::isSAM (13 bytes)
Event: 448.214 Thread 0x0000026d5eeae900 nmethod 7740 0x0000026d4d4b8690 code [0x0000026d4d4b8840, 0x0000026d4d4b89a8]
Event: 448.230 Thread 0x0000026d5eeae900 7741       3       org.codehaus.groovy.util.FastArray::remove (47 bytes)
Event: 448.231 Thread 0x0000026d5eeae900 nmethod 7741 0x0000026d4d4b8a90 code [0x0000026d4d4b8c60, 0x0000026d4d4b9030]

GC Heap History (18 events):
Event: 22.533 GC heap before
{Heap before GC invocations=0 (full 0):
 garbage-first heap   total 262144K, used 26624K [0x00000000e0000000, 0x0000000100000000)
  region size 1024K, 23 young (23552K), 0 survivors (0K)
 Metaspace       used 2789K, committed 2944K, reserved 393216K
  class space    used 324K, committed 384K, reserved 327680K
}
Event: 22.879 GC heap after
{Heap after GC invocations=1 (full 0):
 garbage-first heap   total 262144K, used 11093K [0x00000000e0000000, 0x0000000100000000)
  region size 1024K, 3 young (3072K), 3 survivors (3072K)
 Metaspace       used 2789K, committed 2944K, reserved 393216K
  class space    used 324K, committed 384K, reserved 327680K
}
Event: 42.735 GC heap before
{Heap before GC invocations=1 (full 0):
 garbage-first heap   total 262144K, used 37717K [0x00000000e0000000, 0x0000000100000000)
  region size 1024K, 30 young (30720K), 3 survivors (3072K)
 Metaspace       used 4638K, committed 4864K, reserved 393216K
  class space    used 593K, committed 704K, reserved 327680K
}
Event: 42.741 GC heap after
{Heap after GC invocations=2 (full 0):
 garbage-first heap   total 262144K, used 12592K [0x00000000e0000000, 0x0000000100000000)
  region size 1024K, 2 young (2048K), 2 survivors (2048K)
 Metaspace       used 4638K, committed 4864K, reserved 393216K
  class space    used 593K, committed 704K, reserved 327680K
}
Event: 136.652 GC heap before
{Heap before GC invocations=2 (full 0):
 garbage-first heap   total 262144K, used 108848K [0x00000000e0000000, 0x0000000100000000)
  region size 1024K, 94 young (96256K), 2 survivors (2048K)
 Metaspace       used 18209K, committed 18752K, reserved 393216K
  class space    used 2526K, committed 2816K, reserved 327680K
}
Event: 137.098 GC heap after
{Heap after GC invocations=3 (full 0):
 garbage-first heap   total 262144K, used 23283K [0x00000000e0000000, 0x0000000100000000)
  region size 1024K, 11 young (11264K), 11 survivors (11264K)
 Metaspace       used 18209K, committed 18752K, reserved 393216K
  class space    used 2526K, committed 2816K, reserved 327680K
}
Event: 138.359 GC heap before
{Heap before GC invocations=3 (full 0):
 garbage-first heap   total 262144K, used 43763K [0x00000000e0000000, 0x0000000100000000)
  region size 1024K, 32 young (32768K), 11 survivors (11264K)
 Metaspace       used 20831K, committed 21504K, reserved 393216K
  class space    used 2973K, committed 3328K, reserved 327680K
}
Event: 138.385 GC heap after
{Heap after GC invocations=4 (full 0):
 garbage-first heap   total 262144K, used 25064K [0x00000000e0000000, 0x0000000100000000)
  region size 1024K, 2 young (2048K), 2 survivors (2048K)
 Metaspace       used 20831K, committed 21504K, reserved 393216K
  class space    used 2973K, committed 3328K, reserved 327680K
}
Event: 309.559 GC heap before
{Heap before GC invocations=5 (full 0):
 garbage-first heap   total 262144K, used 130536K [0x00000000e0000000, 0x0000000100000000)
  region size 1024K, 106 young (108544K), 2 survivors (2048K)
 Metaspace       used 32841K, committed 34240K, reserved 393216K
  class space    used 4926K, committed 5632K, reserved 327680K
}
Event: 309.803 GC heap after
{Heap after GC invocations=6 (full 0):
 garbage-first heap   total 262144K, used 30520K [0x00000000e0000000, 0x0000000100000000)
  region size 1024K, 8 young (8192K), 8 survivors (8192K)
 Metaspace       used 32841K, committed 34240K, reserved 393216K
  class space    used 4926K, committed 5632K, reserved 327680K
}
Event: 311.018 GC heap before
{Heap before GC invocations=6 (full 0):
 garbage-first heap   total 262144K, used 37688K [0x00000000e0000000, 0x0000000100000000)
  region size 1024K, 16 young (16384K), 8 survivors (8192K)
 Metaspace       used 32986K, committed 34432K, reserved 393216K
  class space    used 4940K, committed 5632K, reserved 327680K
}
Event: 311.065 GC heap after
{Heap after GC invocations=7 (full 0):
 garbage-first heap   total 262144K, used 31285K [0x00000000e0000000, 0x0000000100000000)
  region size 1024K, 2 young (2048K), 2 survivors (2048K)
 Metaspace       used 32986K, committed 34432K, reserved 393216K
  class space    used 4940K, committed 5632K, reserved 327680K
}
Event: 317.655 GC heap before
{Heap before GC invocations=7 (full 0):
 garbage-first heap   total 262144K, used 56885K [0x00000000e0000000, 0x0000000100000000)
  region size 1024K, 29 young (29696K), 2 survivors (2048K)
 Metaspace       used 35699K, committed 37120K, reserved 393216K
  class space    used 5201K, committed 5888K, reserved 327680K
}
Event: 317.669 GC heap after
{Heap after GC invocations=8 (full 0):
 garbage-first heap   total 262144K, used 31762K [0x00000000e0000000, 0x0000000100000000)
  region size 1024K, 2 young (2048K), 2 survivors (2048K)
 Metaspace       used 35699K, committed 37120K, reserved 393216K
  class space    used 5201K, committed 5888K, reserved 327680K
}
Event: 414.450 GC heap before
{Heap before GC invocations=9 (full 0):
 garbage-first heap   total 262144K, used 132114K [0x00000000e0000000, 0x0000000100000000)
  region size 1024K, 101 young (103424K), 2 survivors (2048K)
 Metaspace       used 46789K, committed 48768K, reserved 393216K
  class space    used 7031K, committed 8000K, reserved 327680K
}
Event: 414.512 GC heap after
{Heap after GC invocations=10 (full 0):
 garbage-first heap   total 262144K, used 37950K [0x00000000e0000000, 0x0000000100000000)
  region size 1024K, 8 young (8192K), 8 survivors (8192K)
 Metaspace       used 46789K, committed 48768K, reserved 393216K
  class space    used 7031K, committed 8000K, reserved 327680K
}
Event: 447.764 GC heap before
{Heap before GC invocations=10 (full 0):
 garbage-first heap   total 262144K, used 119870K [0x00000000e0000000, 0x0000000100000000)
  region size 1024K, 89 young (91136K), 8 survivors (8192K)
 Metaspace       used 53639K, committed 55808K, reserved 393216K
  class space    used 8099K, committed 9152K, reserved 327680K
}
Event: 447.962 GC heap after
{Heap after GC invocations=11 (full 0):
 garbage-first heap   total 262144K, used 43497K [0x00000000e0000000, 0x0000000100000000)
  region size 1024K, 12 young (12288K), 12 survivors (12288K)
 Metaspace       used 53639K, committed 55808K, reserved 393216K
  class space    used 8099K, committed 9152K, reserved 327680K
}

Dll operation events (20 events):
Event: 5.059 Attempting to load shared library C:\Users\x380\.vscode\extensions\redhat.java-1.56.0-win32-x64\jre\21.0.12.1-win32-x86_64\bin\nio.dll
Event: 5.061 Loaded shared library C:\Users\x380\.vscode\extensions\redhat.java-1.56.0-win32-x64\jre\21.0.12.1-win32-x86_64\bin\nio.dll
Event: 5.071 Attempting to load shared library C:\Users\x380\.vscode\extensions\redhat.java-1.56.0-win32-x64\jre\21.0.12.1-win32-x86_64\bin\zip.dll
Event: 5.071 Loaded shared library C:\Users\x380\.vscode\extensions\redhat.java-1.56.0-win32-x64\jre\21.0.12.1-win32-x86_64\bin\zip.dll
Event: 11.263 Attempting to load shared library C:\Users\x380\.vscode\extensions\redhat.java-1.56.0-win32-x64\jre\21.0.12.1-win32-x86_64\bin\jimage.dll
Event: 11.263 Loaded shared library C:\Users\x380\.vscode\extensions\redhat.java-1.56.0-win32-x64\jre\21.0.12.1-win32-x86_64\bin\jimage.dll
Event: 19.776 Attempting to load shared library C:\Users\x380\.vscode\extensions\redhat.java-1.56.0-win32-x64\jre\21.0.12.1-win32-x86_64\bin\verify.dll
Event: 19.777 Loaded shared library C:\Users\x380\.vscode\extensions\redhat.java-1.56.0-win32-x64\jre\21.0.12.1-win32-x86_64\bin\verify.dll
Event: 20.387 Attempting to load shared library C:\Users\x380\.gradle\native\660c5614fbf4a5f2a75b1949f50a0caf5cd603558e7d8a26e50b933a0cfb79d1\windows-amd64\native-platform.dll
Event: 20.388 Loaded shared library C:\Users\x380\.gradle\native\660c5614fbf4a5f2a75b1949f50a0caf5cd603558e7d8a26e50b933a0cfb79d1\windows-amd64\native-platform.dll
Event: 20.721 Attempting to load shared library C:\Users\x380\.gradle\native\0.2.8\x86_64-windows-gnu\gradle-fileevents.dll
Event: 20.722 Loaded shared library C:\Users\x380\.gradle\native\0.2.8\x86_64-windows-gnu\gradle-fileevents.dll
Event: 75.056 Attempting to load shared library C:\Users\x380\.vscode\extensions\redhat.java-1.56.0-win32-x64\jre\21.0.12.1-win32-x86_64\bin\management.dll
Event: 75.057 Loaded shared library C:\Users\x380\.vscode\extensions\redhat.java-1.56.0-win32-x64\jre\21.0.12.1-win32-x86_64\bin\management.dll
Event: 75.065 Attempting to load shared library C:\Users\x380\.vscode\extensions\redhat.java-1.56.0-win32-x64\jre\21.0.12.1-win32-x86_64\bin\management_ext.dll
Event: 75.066 Loaded shared library C:\Users\x380\.vscode\extensions\redhat.java-1.56.0-win32-x64\jre\21.0.12.1-win32-x86_64\bin\management_ext.dll
Event: 84.981 Attempting to load shared library C:\Users\x380\.vscode\extensions\redhat.java-1.56.0-win32-x64\jre\21.0.12.1-win32-x86_64\bin\extnet.dll
Event: 84.983 Loaded shared library C:\Users\x380\.vscode\extensions\redhat.java-1.56.0-win32-x64\jre\21.0.12.1-win32-x86_64\bin\extnet.dll
Event: 107.898 Attempting to load shared library C:\Users\x380\.vscode\extensions\redhat.java-1.56.0-win32-x64\jre\21.0.12.1-win32-x86_64\bin\sunmscapi.dll
Event: 107.905 Loaded shared library C:\Users\x380\.vscode\extensions\redhat.java-1.56.0-win32-x64\jre\21.0.12.1-win32-x86_64\bin\sunmscapi.dll

Deoptimization events (20 events):
Event: 433.063 Thread 0x0000026d7b6ad1a0 DEOPT PACKING pc=0x0000026d5447dc84 sp=0x000000753f3f5120
Event: 433.063 Thread 0x0000026d7b6ad1a0 DEOPT UNPACKING pc=0x0000026d53c84422 sp=0x000000753f3f50c8 mode 2
Event: 433.065 Thread 0x0000026d7b6ad1a0 Uncommon trap: trap_request=0xffffffc6 fr.pc=0x0000026d54328d7c relative=0x000000000000097c
Event: 433.065 Thread 0x0000026d7b6ad1a0 Uncommon trap: reason=bimorphic_or_optimized_type_check action=maybe_recompile pc=0x0000026d54328d7c method=java.lang.Throwable.<init>(Ljava/lang/String;Ljava/lang/Throwable;)V @ 24 c2
Event: 433.065 Thread 0x0000026d7b6ad1a0 DEOPT PACKING pc=0x0000026d54328d7c sp=0x000000753f3f6cd0
Event: 433.065 Thread 0x0000026d7b6ad1a0 DEOPT UNPACKING pc=0x0000026d53c84422 sp=0x000000753f3f6c98 mode 2
Event: 433.331 Thread 0x0000026d7b6ad1a0 DEOPT PACKING pc=0x0000026d4cb180e2 sp=0x000000753f3f7300
Event: 433.331 Thread 0x0000026d7b6ad1a0 DEOPT UNPACKING pc=0x0000026d53c84bc2 sp=0x000000753f3f67c0 mode 0
Event: 433.591 Thread 0x0000026d7b6ad1a0 Uncommon trap: trap_request=0xffffffc6 fr.pc=0x0000026d54437abc relative=0x00000000000000fc
Event: 433.591 Thread 0x0000026d7b6ad1a0 Uncommon trap: reason=bimorphic_or_optimized_type_check action=maybe_recompile pc=0x0000026d54437abc method=com.google.common.collect.AbstractIndexedListIterator.next()Ljava/lang/Object; @ 27 c2
Event: 433.591 Thread 0x0000026d7b6ad1a0 DEOPT PACKING pc=0x0000026d54437abc sp=0x000000753f3f6220
Event: 433.591 Thread 0x0000026d7b6ad1a0 DEOPT UNPACKING pc=0x0000026d53c84422 sp=0x000000753f3f61b8 mode 2
Event: 433.783 Thread 0x0000026d7b6ad1a0 Uncommon trap: trap_request=0xffffff45 fr.pc=0x0000026d543006d0 relative=0x0000000000001df0
Event: 433.783 Thread 0x0000026d7b6ad1a0 Uncommon trap: reason=unstable_if action=reinterpret pc=0x0000026d543006d0 method=java.util.zip.InflaterInputStream.read([BII)I @ 94 c2
Event: 433.783 Thread 0x0000026d7b6ad1a0 DEOPT PACKING pc=0x0000026d543006d0 sp=0x000000753f3f5430
Event: 433.783 Thread 0x0000026d7b6ad1a0 DEOPT UNPACKING pc=0x0000026d53c84422 sp=0x000000753f3f5490 mode 2
Event: 443.026 Thread 0x0000026d7b6ad1a0 Uncommon trap: trap_request=0xffffff45 fr.pc=0x0000026d542887c4 relative=0x00000000000000a4
Event: 443.026 Thread 0x0000026d7b6ad1a0 Uncommon trap: reason=unstable_if action=reinterpret pc=0x0000026d542887c4 method=java.lang.ref.ReferenceQueue.poll()Ljava/lang/ref/Reference; @ 4 c2
Event: 443.026 Thread 0x0000026d7b6ad1a0 DEOPT PACKING pc=0x0000026d542887c4 sp=0x000000753f3f7c50
Event: 443.026 Thread 0x0000026d7b6ad1a0 DEOPT UNPACKING pc=0x0000026d53c84422 sp=0x000000753f3f7b38 mode 2

Classes loaded (20 events):
Event: 427.901 Loading class com/sun/org/apache/xerces/internal/jaxp/DocumentBuilderFactoryImpl
Event: 427.902 Loading class com/sun/org/apache/xerces/internal/jaxp/DocumentBuilderFactoryImpl done
Event: 428.024 Loading class java/util/regex/Pattern$SliceI
Event: 428.024 Loading class java/util/regex/Pattern$SliceI done
Event: 428.993 Loading class java/beans/PropertyChangeListener
Event: 428.994 Loading class java/beans/PropertyChangeListener done
Event: 433.619 Loading class java/util/stream/ReduceOps$5
Event: 433.619 Loading class java/util/stream/ReduceOps$5 done
Event: 433.619 Loading class java/util/stream/ReduceOps$CountingSink$OfRef
Event: 433.620 Loading class java/util/stream/ReduceOps$CountingSink
Event: 433.620 Loading class java/util/stream/ReduceOps$CountingSink done
Event: 433.620 Loading class java/util/stream/ReduceOps$CountingSink$OfRef done
Event: 443.091 Loading class org/xml/sax/Locator
Event: 443.091 Loading class org/xml/sax/Locator done
Event: 443.091 Loading class org/xml/sax/SAXParseException
Event: 443.092 Loading class org/xml/sax/SAXParseException done
Event: 443.099 Loading class org/xml/sax/Attributes
Event: 443.099 Loading class org/xml/sax/Attributes done
Event: 446.212 Loading class java/lang/Override
Event: 446.212 Loading class java/lang/Override done

Classes unloaded (0 events):
No events

Classes redefined (0 events):
No events

Internal exceptions (20 events):
Event: 442.936 Thread 0x0000026d7b6ad1a0 Exception <a 'java/lang/ClassNotFoundException'{0x00000000eb5f23c8}: build_evxzb15k89ydlw8wfbv4bvhatBeanInfo> (0x00000000eb5f23c8) 
thrown [s\src\hotspot\share\classfile\systemDictionary.cpp, line 313]
Event: 442.937 Thread 0x0000026d7b6ad1a0 Exception <a 'java/lang/ClassNotFoundException'{0x00000000eb5f94b8}: build_evxzb15k89ydlw8wfbv4bvhatCustomizer> (0x00000000eb5f94b8) 
thrown [s\src\hotspot\share\classfile\systemDictionary.cpp, line 313]
Event: 442.999 Thread 0x0000026d7b6ad1a0 Exception <a 'java/lang/ClassNotFoundException'{0x00000000eb4e9148}: org/gradle/api/internal/project/DefaultProject_DecoratedBeanInfo> (0x00000000eb4e9148) 
thrown [s\src\hotspot\share\classfile\systemDictionary.cpp, line 313]
Event: 443.014 Thread 0x0000026d7b6ad1a0 Exception <a 'java/lang/ClassNotFoundException'{0x00000000eb4fb250}: org/gradle/api/internal/project/DefaultProjectBeanInfo> (0x00000000eb4fb250) 
thrown [s\src\hotspot\share\classfile\systemDictionary.cpp, line 313]
Event: 443.021 Thread 0x0000026d7b6ad1a0 Exception <a 'java/lang/ClassNotFoundException'{0x00000000eb30cfc8}: org/gradle/api/internal/project/DefaultProjectCustomizer> (0x00000000eb30cfc8) 
thrown [s\src\hotspot\share\classfile\systemDictionary.cpp, line 313]
Event: 443.046 Thread 0x0000026d7b6ad1a0 Exception <a 'java/lang/ClassNotFoundException'{0x00000000eb3c6648}: org/gradle/api/internal/project/DefaultProject_DecoratedCustomizer> (0x00000000eb3c6648) 
thrown [s\src\hotspot\share\classfile\systemDictionary.cpp, line 313]
Event: 443.574 Thread 0x0000026d7b6ad1a0 Exception <a 'java/lang/NoSuchMethodError'{0x00000000eb2731e0}: 'java.lang.Object java.lang.invoke.DirectMethodHandle$Holder.newInvokeSpecial(java.lang.Object, int, java.lang.Object, java.lang.Object)'> (0x00000000eb2731e0) 
thrown [s\src\hotspot\share\interpreter\linkResolver.cpp, line 773]
Event: 443.615 Thread 0x0000026d7b6ad1a0 Exception <a 'java/lang/NoSuchMethodError'{0x00000000eb27a720}: 'java.lang.reflect.Method[] java.lang.Class.getDeclaredMethods(java.lang.Class)'> (0x00000000eb27a720) 
thrown [s\src\hotspot\share\interpreter\linkResolver.cpp, line 773]
Event: 443.657 Thread 0x0000026d7b6ad1a0 Exception <a 'java/lang/ClassNotFoundException'{0x00000000eb2d07a8}: org/gradle/api/plugins/internal/DefaultJavaPluginExtension_DecoratedBeanInfo> (0x00000000eb2d07a8) 
thrown [s\src\hotspot\share\classfile\systemDictionary.cpp, line 313]
Event: 443.665 Thread 0x0000026d7b6ad1a0 Exception <a 'java/lang/ClassNotFoundException'{0x00000000eb2e7518}: org/gradle/api/plugins/internal/DefaultJavaPluginExtensionBeanInfo> (0x00000000eb2e7518) 
thrown [s\src\hotspot\share\classfile\systemDictionary.cpp, line 313]
Event: 443.671 Thread 0x0000026d7b6ad1a0 Exception <a 'java/lang/ClassNotFoundException'{0x00000000eb2fdfe0}: org/gradle/api/plugins/internal/DefaultJavaPluginExtensionCustomizer> (0x00000000eb2fdfe0) 
thrown [s\src\hotspot\share\classfile\systemDictionary.cpp, line 313]
Event: 443.689 Thread 0x0000026d7b6ad1a0 Exception <a 'java/lang/ClassNotFoundException'{0x00000000eb138258}: org/gradle/api/plugins/internal/DefaultJavaPluginExtension_DecoratedCustomizer> (0x00000000eb138258) 
thrown [s\src\hotspot\share\classfile\systemDictionary.cpp, line 313]
Event: 446.244 Thread 0x0000026d7b6ad1a0 Exception <a 'java/lang/ClassNotFoundException'{0x00000000eb0f2d10}: org/gradle/jvm/toolchain/JavaLanguageVersionBeanInfo> (0x00000000eb0f2d10) 
thrown [s\src\hotspot\share\classfile\systemDictionary.cpp, line 313]
Event: 446.785 Thread 0x0000026d7b6ad1a0 Exception <a 'java/lang/ClassNotFoundException'{0x00000000eaf07898}: org/gradle/jvm/toolchain/JavaLanguageVersionCustomizer> (0x00000000eaf07898) 
thrown [s\src\hotspot\share\classfile\systemDictionary.cpp, line 313]
Event: 447.586 Thread 0x0000026d7b6ad1a0 Exception <a 'java/lang/ClassNotFoundException'{0x00000000eaf621e0}: org/gradle/jvm/toolchain/internal/DefaultToolchainSpec_DecoratedBeanInfo> (0x00000000eaf621e0) 
thrown [s\src\hotspot\share\classfile\systemDictionary.cpp, line 313]
Event: 447.602 Thread 0x0000026d7b6ad1a0 Exception <a 'java/lang/ClassNotFoundException'{0x00000000eaf77c78}: org/gradle/jvm/toolchain/internal/DefaultToolchainSpecBeanInfo> (0x00000000eaf77c78) 
thrown [s\src\hotspot\share\classfile\systemDictionary.cpp, line 313]
Event: 447.645 Thread 0x0000026d7b6ad1a0 Exception <a 'java/lang/ClassNotFoundException'{0x00000000eaf8d930}: org/gradle/jvm/toolchain/internal/DefaultToolchainSpecCustomizer> (0x00000000eaf8d930) 
thrown [s\src\hotspot\share\classfile\systemDictionary.cpp, line 313]
Event: 447.673 Thread 0x0000026d7b6ad1a0 Exception <a 'java/lang/ClassNotFoundException'{0x00000000eafaf6a0}: org/gradle/jvm/toolchain/internal/DefaultToolchainSpec_DecoratedCustomizer> (0x00000000eafaf6a0) 
thrown [s\src\hotspot\share\classfile\systemDictionary.cpp, line 313]
Event: 448.238 Thread 0x0000026d7b6ad1a0 Exception <a 'java/lang/ClassNotFoundException'{0x00000000eff93ce8}: org/gradle/api/internal/artifacts/dsl/DefaultRepositoryHandler_DecoratedBeanInfo> (0x00000000eff93ce8) 
thrown [s\src\hotspot\share\classfile\systemDictionary.cpp, line 313]
Event: 448.242 Thread 0x0000026d7b6ad1a0 Exception <a 'java/lang/ClassNotFoundException'{0x00000000effabbe8}: org/gradle/api/internal/artifacts/dsl/DefaultRepositoryHandlerBeanInfo> (0x00000000effabbe8) 
thrown [s\src\hotspot\share\classfile\systemDictionary.cpp, line 313]

ZGC Phase Switch (0 events):
No events

VM Operations (20 events):
Event: 430.664 Executing safepoint VM operation: Cleanup
Event: 430.797 Executing safepoint VM operation: Cleanup done
Event: 431.802 Executing safepoint VM operation: Cleanup
Event: 431.881 Executing safepoint VM operation: Cleanup done
Event: 432.887 Executing safepoint VM operation: Cleanup
Event: 432.888 Executing safepoint VM operation: Cleanup done
Event: 433.903 Executing safepoint VM operation: Cleanup
Event: 433.903 Executing safepoint VM operation: Cleanup done
Event: 434.909 Executing safepoint VM operation: Cleanup
Event: 434.909 Executing safepoint VM operation: Cleanup done
Event: 436.928 Executing safepoint VM operation: Cleanup
Event: 436.928 Executing safepoint VM operation: Cleanup done
Event: 442.977 Executing safepoint VM operation: Cleanup
Event: 442.977 Executing safepoint VM operation: Cleanup done
Event: 443.981 Executing safepoint VM operation: Cleanup
Event: 444.059 Executing safepoint VM operation: Cleanup done
Event: 445.064 Executing safepoint VM operation: Cleanup
Event: 445.109 Executing safepoint VM operation: Cleanup done
Event: 447.763 Executing safepoint VM operation: G1CollectForAllocation (G1 Evacuation Pause)
Event: 447.962 Executing safepoint VM operation: G1CollectForAllocation (G1 Evacuation Pause) done

Memory protections (0 events):
No events

Nmethod flushes (20 events):
Event: 317.788 Thread 0x0000026d5ee82960 flushing  nmethod 0x0000026d4c804890
Event: 317.788 Thread 0x0000026d5ee82960 flushing  nmethod 0x0000026d4c823f10
Event: 317.788 Thread 0x0000026d5ee82960 flushing  nmethod 0x0000026d4c825310
Event: 317.788 Thread 0x0000026d5ee82960 flushing  nmethod 0x0000026d4c825690
Event: 317.788 Thread 0x0000026d5ee82960 flushing  nmethod 0x0000026d4c826710
Event: 317.788 Thread 0x0000026d5ee82960 flushing  nmethod 0x0000026d4c827d10
Event: 317.788 Thread 0x0000026d5ee82960 flushing  nmethod 0x0000026d4c835390
Event: 317.788 Thread 0x0000026d5ee82960 flushing  nmethod 0x0000026d4c83e290
Event: 317.788 Thread 0x0000026d5ee82960 flushing  nmethod 0x0000026d4c83e810
Event: 317.788 Thread 0x0000026d5ee82960 flushing  nmethod 0x0000026d4c83f010
Event: 317.788 Thread 0x0000026d5ee82960 flushing  nmethod 0x0000026d4c845190
Event: 317.788 Thread 0x0000026d5ee82960 flushing  nmethod 0x0000026d4c846390
Event: 317.788 Thread 0x0000026d5ee82960 flushing  nmethod 0x0000026d4c846790
Event: 317.788 Thread 0x0000026d5ee82960 flushing  nmethod 0x0000026d4c9a7410
Event: 317.788 Thread 0x0000026d5ee82960 flushing  nmethod 0x0000026d4c9fe810
Event: 317.788 Thread 0x0000026d5ee82960 flushing  nmethod 0x0000026d4caa8f90
Event: 317.788 Thread 0x0000026d5ee82960 flushing  nmethod 0x0000026d4caad390
Event: 317.788 Thread 0x0000026d5ee82960 flushing  nmethod 0x0000026d4caaf210
Event: 317.788 Thread 0x0000026d5ee82960 flushing  nmethod 0x0000026d4cb2f090
Event: 317.788 Thread 0x0000026d5ee82960 flushing  nmethod 0x0000026d4cb3cf10

Events (20 events):
Event: 373.172 Thread 0x0000026d7bdae020 Thread exited: 0x0000026d7bdae020
Event: 373.443 Thread 0x0000026d7bda97f0 Thread exited: 0x0000026d7bda97f0
Event: 374.171 Thread 0x0000026d7bdab230 Thread exited: 0x0000026d7bdab230
Event: 376.093 Thread 0x0000026d7a7e5ab0 Thread exited: 0x0000026d7a7e5ab0
Event: 376.324 Thread 0x0000026d7b6aaa40 Thread exited: 0x0000026d7b6aaa40
Event: 376.452 Thread 0x0000026d7a7e6140 Thread exited: 0x0000026d7a7e6140
Event: 376.453 Thread 0x0000026d7bda8440 Thread exited: 0x0000026d7bda8440
Event: 376.457 Thread 0x0000026d7a7ea2e0 Thread exited: 0x0000026d7a7ea2e0
Event: 376.457 Thread 0x0000026d7a7e4d90 Thread exited: 0x0000026d7a7e4d90
Event: 404.870 Thread 0x0000026d7b6ad1a0 Thread added: 0x0000026d7a7e4d90
Event: 416.424 Thread 0x0000026d7b6ad1a0 Thread added: 0x0000026d7a7e6e60
Event: 416.425 Thread 0x0000026d7b6ad1a0 Thread added: 0x0000026d7a7e88a0
Event: 416.425 Thread 0x0000026d7b6ad1a0 Thread added: 0x0000026d7a7e8f30
Event: 416.426 Thread 0x0000026d7b6ad1a0 Thread added: 0x0000026d7a7eb690
Event: 416.427 Thread 0x0000026d7b6ad1a0 Thread added: 0x0000026d7a7e95c0
Event: 416.427 Thread 0x0000026d7b6ad1a0 Thread added: 0x0000026d7a7e5ab0
Event: 416.428 Thread 0x0000026d7b6ad1a0 Thread added: 0x0000026d7a7e6140
Event: 419.183 Thread 0x0000026d7b6ad1a0 Thread added: 0x0000026d7a7ea2e0
Event: 428.100 Thread 0x0000026d7b6ad1a0 Thread added: 0x0000026d7a7e74f0
Event: 442.408 Thread 0x0000026d7b6ad1a0 Thread added: 0x0000026d7b6ab760


Dynamic libraries:
0x00007ff7a7960000 - 0x00007ff7a796e000 	C:\Users\x380\.vscode\extensions\redhat.java-1.56.0-win32-x64\jre\21.0.12.1-win32-x86_64\bin\java.exe
0x00007ffb8a5f0000 - 0x00007ffb8a7e8000 	C:\Windows\SYSTEM32\ntdll.dll
0x00007ffb89880000 - 0x00007ffb89942000 	C:\Windows\System32\KERNEL32.DLL
0x00007ffb88290000 - 0x00007ffb88586000 	C:\Windows\System32\KERNELBASE.dll
0x00007ffb88070000 - 0x00007ffb88170000 	C:\Windows\System32\ucrtbase.dll
0x00007ffb59280000 - 0x00007ffb59298000 	C:\Users\x380\.vscode\extensions\redhat.java-1.56.0-win32-x64\jre\21.0.12.1-win32-x86_64\bin\jli.dll
0x00007ffb8a400000 - 0x00007ffb8a5a1000 	C:\Windows\System32\USER32.dll
0x00007ffb87de0000 - 0x00007ffb87e02000 	C:\Windows\System32\win32u.dll
0x00007ffb89d30000 - 0x00007ffb89d5b000 	C:\Windows\System32\GDI32.dll
0x00007ffb88170000 - 0x00007ffb88289000 	C:\Windows\System32\gdi32full.dll
0x00007ffb87c80000 - 0x00007ffb87d1d000 	C:\Windows\System32\msvcp_win.dll
0x00007ffb53b80000 - 0x00007ffb53b9e000 	C:\Users\x380\.vscode\extensions\redhat.java-1.56.0-win32-x64\jre\21.0.12.1-win32-x86_64\bin\VCRUNTIME140.dll
0x00007ffb755d0000 - 0x00007ffb7586b000 	C:\Windows\WinSxS\amd64_microsoft.windows.common-controls_6595b64144ccf1df_6.0.19041.6456_none_60b8a6cb71f64256\COMCTL32.dll
0x00007ffb8a0e0000 - 0x00007ffb8a17e000 	C:\Windows\System32\msvcrt.dll
0x00007ffb89c20000 - 0x00007ffb89c4f000 	C:\Windows\System32\IMM32.DLL
0x00007ffb72750000 - 0x00007ffb7275c000 	C:\Users\x380\.vscode\extensions\redhat.java-1.56.0-win32-x64\jre\21.0.12.1-win32-x86_64\bin\vcruntime140_1.dll
0x00007ffb43470000 - 0x00007ffb434fd000 	C:\Users\x380\.vscode\extensions\redhat.java-1.56.0-win32-x64\jre\21.0.12.1-win32-x86_64\bin\msvcp140.dll
0x00007ffaf6770000 - 0x00007ffaf7512000 	C:\Users\x380\.vscode\extensions\redhat.java-1.56.0-win32-x64\jre\21.0.12.1-win32-x86_64\bin\server\jvm.dll
0x00007ffb88620000 - 0x00007ffb886d1000 	C:\Windows\System32\ADVAPI32.dll
0x00007ffb88d50000 - 0x00007ffb88def000 	C:\Windows\System32\sechost.dll
0x00007ffb8a180000 - 0x00007ffb8a2a0000 	C:\Windows\System32\RPCRT4.dll
0x00007ffb87db0000 - 0x00007ffb87dd7000 	C:\Windows\System32\bcrypt.dll
0x00007ffb89c60000 - 0x00007ffb89ccb000 	C:\Windows\System32\WS2_32.dll
0x00007ffb87ae0000 - 0x00007ffb87b2b000 	C:\Windows\SYSTEM32\POWRPROF.dll
0x00007ffb75870000 - 0x00007ffb75897000 	C:\Windows\SYSTEM32\WINMM.dll
0x00007ffb80ef0000 - 0x00007ffb80efa000 	C:\Windows\SYSTEM32\VERSION.dll
0x00007ffb87ac0000 - 0x00007ffb87ad2000 	C:\Windows\SYSTEM32\UMPDC.dll
0x00007ffb864a0000 - 0x00007ffb864b2000 	C:\Windows\SYSTEM32\kernel.appcore.dll
0x00007ffb72380000 - 0x00007ffb7238a000 	C:\Users\x380\.vscode\extensions\redhat.java-1.56.0-win32-x64\jre\21.0.12.1-win32-x86_64\bin\jimage.dll
0x00007ffb85840000 - 0x00007ffb85a41000 	C:\Windows\SYSTEM32\DBGHELP.DLL
0x00007ffb6e3a0000 - 0x00007ffb6e3d4000 	C:\Windows\SYSTEM32\dbgcore.DLL
0x00007ffb87d20000 - 0x00007ffb87da2000 	C:\Windows\System32\bcryptPrimitives.dll
0x00007ffb61570000 - 0x00007ffb6157f000 	C:\Users\x380\.vscode\extensions\redhat.java-1.56.0-win32-x64\jre\21.0.12.1-win32-x86_64\bin\instrument.dll
0x00007ffb4c4f0000 - 0x00007ffb4c510000 	C:\Users\x380\.vscode\extensions\redhat.java-1.56.0-win32-x64\jre\21.0.12.1-win32-x86_64\bin\java.dll
0x00007ffb890b0000 - 0x00007ffb89820000 	C:\Windows\System32\SHELL32.dll
0x00007ffb85a80000 - 0x00007ffb86225000 	C:\Windows\SYSTEM32\windows.storage.dll
0x00007ffb89d60000 - 0x00007ffb8a0b4000 	C:\Windows\System32\combase.dll
0x00007ffb874f0000 - 0x00007ffb8751b000 	C:\Windows\SYSTEM32\Wldp.dll
0x00007ffb886e0000 - 0x00007ffb887ad000 	C:\Windows\System32\OLEAUT32.dll
0x00007ffb899b0000 - 0x00007ffb89a5d000 	C:\Windows\System32\SHCORE.dll
0x00007ffb89820000 - 0x00007ffb8987b000 	C:\Windows\System32\shlwapi.dll
0x00007ffb87bb0000 - 0x00007ffb87bd4000 	C:\Windows\SYSTEM32\profapi.dll
0x00007ffb49370000 - 0x00007ffb49388000 	C:\Users\x380\.vscode\extensions\redhat.java-1.56.0-win32-x64\jre\21.0.12.1-win32-x86_64\bin\zip.dll
0x00007ffb71bc0000 - 0x00007ffb71bd0000 	C:\Users\x380\.vscode\extensions\redhat.java-1.56.0-win32-x64\jre\21.0.12.1-win32-x86_64\bin\net.dll
0x00007ffb7f220000 - 0x00007ffb7f32a000 	C:\Windows\SYSTEM32\WINHTTP.dll
0x00007ffb872d0000 - 0x00007ffb8733a000 	C:\Windows\system32\mswsock.dll
0x00007ffb48ae0000 - 0x00007ffb48af6000 	C:\Users\x380\.vscode\extensions\redhat.java-1.56.0-win32-x64\jre\21.0.12.1-win32-x86_64\bin\nio.dll
0x00007ffb59000000 - 0x00007ffb59010000 	C:\Users\x380\.vscode\extensions\redhat.java-1.56.0-win32-x64\jre\21.0.12.1-win32-x86_64\bin\verify.dll
0x00007ffb806f0000 - 0x00007ffb80717000 	C:\Users\x380\.gradle\native\660c5614fbf4a5f2a75b1949f50a0caf5cd603558e7d8a26e50b933a0cfb79d1\windows-amd64\native-platform.dll
0x00007ffb58f50000 - 0x00007ffb58fc7000 	C:\Users\x380\.gradle\native\0.2.8\x86_64-windows-gnu\gradle-fileevents.dll
0x00007ffb823d0000 - 0x00007ffb823da000 	C:\Users\x380\.vscode\extensions\redhat.java-1.56.0-win32-x64\jre\21.0.12.1-win32-x86_64\bin\management.dll
0x00007ffb7df70000 - 0x00007ffb7df7c000 	C:\Users\x380\.vscode\extensions\redhat.java-1.56.0-win32-x64\jre\21.0.12.1-win32-x86_64\bin\management_ext.dll
0x00007ffb89c50000 - 0x00007ffb89c58000 	C:\Windows\System32\PSAPI.DLL
0x00007ffb86fd0000 - 0x00007ffb8700b000 	C:\Windows\SYSTEM32\IPHLPAPI.DLL
0x00007ffb88610000 - 0x00007ffb88618000 	C:\Windows\System32\NSI.dll
0x00007ffb59460000 - 0x00007ffb59469000 	C:\Users\x380\.vscode\extensions\redhat.java-1.56.0-win32-x64\jre\21.0.12.1-win32-x86_64\bin\extnet.dll
0x00007ffb87530000 - 0x00007ffb87548000 	C:\Windows\SYSTEM32\CRYPTSP.dll
0x00007ffb86c10000 - 0x00007ffb86c48000 	C:\Windows\system32\rsaenh.dll
0x00007ffb87b70000 - 0x00007ffb87b9e000 	C:\Windows\SYSTEM32\USERENV.dll
0x00007ffb87460000 - 0x00007ffb8746c000 	C:\Windows\SYSTEM32\CRYPTBASE.dll
0x00007ffb58e50000 - 0x00007ffb58e5e000 	C:\Users\x380\.vscode\extensions\redhat.java-1.56.0-win32-x64\jre\21.0.12.1-win32-x86_64\bin\sunmscapi.dll
0x00007ffb87e10000 - 0x00007ffb87f6d000 	C:\Windows\System32\CRYPT32.dll
0x00007ffb87640000 - 0x00007ffb87667000 	C:\Windows\SYSTEM32\ncrypt.dll
0x00007ffb87600000 - 0x00007ffb8763b000 	C:\Windows\SYSTEM32\NTASN1.dll
0x00007ffb6aa40000 - 0x00007ffb6aa47000 	C:\Windows\system32\wshunix.dll

JVMTI agents:
C:\Users\x380\.gradle\wrapper\dists\gradle-9.7.1-bin\1w1c7tv4s851m17nbqdsro2tv\gradle-9.7.1\lib\agents\gradle-instrumentation-agent-9.7.1.jar path:C:\Users\x380\.vscode\extensions\redhat.java-1.56.0-win32-x64\jre\21.0.12.1-win32-x86_64\bin\instrument.dll, loaded, initialized, instrumentlib options:none

dbghelp: loaded successfully - version: 4.0.5 - missing functions: none
symbol engine: initialized successfully - sym options: 0x614 - pdb path: .;C:\Users\x380\.vscode\extensions\redhat.java-1.56.0-win32-x64\jre\21.0.12.1-win32-x86_64\bin;C:\Windows\SYSTEM32;C:\Windows\WinSxS\amd64_microsoft.windows.common-controls_6595b64144ccf1df_6.0.19041.6456_none_60b8a6cb71f64256;C:\Users\x380\.vscode\extensions\redhat.java-1.56.0-win32-x64\jre\21.0.12.1-win32-x86_64\bin\server;C:\Users\x380\.gradle\native\660c5614fbf4a5f2a75b1949f50a0caf5cd603558e7d8a26e50b933a0cfb79d1\windows-amd64;C:\Users\x380\.gradle\native\0.2.8\x86_64-windows-gnu

VM Arguments:
jvm_args: --add-opens=java.base/java.lang=ALL-UNNAMED --add-opens=java.base/java.lang.invoke=ALL-UNNAMED --add-opens=java.base/java.util=ALL-UNNAMED --add-opens=java.prefs/java.util.prefs=ALL-UNNAMED --add-exports=jdk.compiler/com.sun.tools.javac.api=ALL-UNNAMED --add-exports=jdk.compiler/com.sun.tools.javac.util=ALL-UNNAMED --add-opens=java.base/java.nio.charset=ALL-UNNAMED --add-opens=java.base/java.net=ALL-UNNAMED --add-opens=java.base/java.util.concurrent=ALL-UNNAMED --add-opens=java.base/java.util.concurrent.atomic=ALL-UNNAMED --add-opens=java.xml/javax.xml.namespace=ALL-UNNAMED --add-opens=java.base/java.time=ALL-UNNAMED -XX:MaxMetaspaceSize=384m -XX:+HeapDumpOnOutOfMemoryError -Xms256m -Xmx512m -Dfile.encoding=UTF-8 -Duser.country=CL -Duser.language=es -Duser.variant -javaagent:C:\Users\x380\.gradle\wrapper\dists\gradle-9.7.1-bin\1w1c7tv4s851m17nbqdsro2tv\gradle-9.7.1\lib\agents\gradle-instrumentation-agent-9.7.1.jar 
java_command: org.gradle.launcher.daemon.bootstrap.GradleDaemon 9.7.1
java_class_path (initial): C:\Users\x380\.gradle\wrapper\dists\gradle-9.7.1-bin\1w1c7tv4s851m17nbqdsro2tv\gradle-9.7.1\lib\gradle-daemon-main-9.7.1.jar
Launcher Type: SUN_STANDARD

[Global flags]
     intx CICompilerCount                          = 4                                         {product} {ergonomic}
   size_t CompressedClassSpaceSize                 = 335544320                                 {product} {ergonomic}
     uint ConcGCThreads                            = 2                                         {product} {ergonomic}
     uint G1ConcRefinementThreads                  = 8                                         {product} {ergonomic}
   size_t G1HeapRegionSize                         = 1048576                                   {product} {ergonomic}
    uintx GCDrainStackTargetSize                   = 64                                        {product} {ergonomic}
     bool HeapDumpOnOutOfMemoryError               = true                                   {manageable} {command line}
   size_t InitialHeapSize                          = 268435456                                 {product} {command line}
   size_t MarkStackSize                            = 4194304                                   {product} {ergonomic}
   size_t MaxHeapSize                              = 536870912                                 {product} {command line}
   size_t MaxMetaspaceSize                         = 402653184                                 {product} {command line}
   size_t MaxNewSize                               = 321912832                                 {product} {ergonomic}
   size_t MinHeapDeltaBytes                        = 1048576                                   {product} {ergonomic}
   size_t MinHeapSize                              = 268435456                                 {product} {command line}
    uintx NonNMethodCodeHeapSize                   = 5839372                                {pd product} {ergonomic}
    uintx NonProfiledCodeHeapSize                  = 122909434                              {pd product} {ergonomic}
    uintx ProfiledCodeHeapSize                     = 122909434                              {pd product} {ergonomic}
    uintx ReservedCodeCacheSize                    = 251658240                              {pd product} {ergonomic}
     bool SegmentedCodeCache                       = true                                      {product} {ergonomic}
   size_t SoftMaxHeapSize                          = 536870912                              {manageable} {ergonomic}
     bool UseCompressedOops                        = true                           {product lp64_product} {ergonomic}
     bool UseG1GC                                  = true                                      {product} {ergonomic}
     bool UseLargePagesIndividualAllocation        = false                                  {pd product} {ergonomic}

Logging:
Log output configuration:
 #0: stdout all=warning uptime,level,tags foldmultilines=false
 #1: stderr all=off uptime,level,tags foldmultilines=false

Release file:
JAVA_VERSION="21.0.12.1" 
MODULES="java.base java.compiler java.datatransfer java.xml java.prefs java.desktop java.instrument java.logging java.management java.security.sasl java.naming java.rmi java.management.rmi java.net.http java.scripting java.security.jgss java.transaction.xa java.sql java.sql.rowset java.xml.crypto java.se java.smartcardio jdk.accessibility jdk.internal.jvmstat jdk.attach jdk.charsets jdk.internal.opt jdk.zipfs jdk.compiler jdk.crypto.ec jdk.crypto.cryptoki jdk.crypto.mscapi jdk.dynalink jdk.internal.ed jdk.editpad jdk.hotspot.agent jdk.httpserver jdk.internal.le jdk.internal.vm.ci jdk.internal.vm.compiler jdk.internal.vm.compiler.management jdk.jartool jdk.javadoc jdk.jcmd jdk.management jdk.management.agent jdk.jconsole jdk.jdeps jdk.jdwp.agent jdk.jdi jdk.jfr jdk.jshell jdk.jsobject jdk.jstatd jdk.localedata jdk.management.jfr jdk.naming.dns jdk.naming.rmi jdk.net jdk.nio.mapmode jdk.random jdk.sctp jdk.security.auth jdk.security.jgss jdk.unsupported jdk.unsupported.desktop jdk.xml.dom" 

Environment Variables:
PATH=C:\Program Files\Common Files\Oracle\Java\javapath;C:\Python314\Scripts\;C:\Python314\;C:\Windows\system32;C:\Windows;C:\Windows\System32\Wbem;C:\Windows\System32\WindowsPowerShell\v1.0\;C:\Windows\System32\OpenSSH\;C:\Program Files\Intel\WiFi\bin\;C:\Program Files\Common Files\Intel\WirelessCommon\;C:\ProgramData\chocolatey\bin;C:\Program Files\nodejs\;C:\Program Files\Git\cmd;C:\Program Files (x86)\Microsoft SQL Server\160\Tools\Binn\;C:\Program Files\Microsoft SQL Server\160\Tools\Binn\;C:\Program Files\Microsoft SQL Server\Client SDK\ODBC\170\Tools\Binn\;C:\Program Files\Microsoft SQL Server\160\DTS\Binn\;C:\Program Files\Microsoft SQL Server\170\Tools\Binn\;C:\Program Files\dotnet\;C:\Program Files\MySQL\MySQL Shell 8.0\bin\;C:\Users\x380\AppData\Local\Microsoft\WindowsApps;C:\Users\x380\AppData\Local\Programs\Microsoft VS Code\bin;C:\Users\x380\AppData\Roaming\npm;C:\Users\x380\AppData\Local\GitHubDesktop\bin;C:\Users\x380\.dotnet\tools;C:\Users\x380\AppData\Local\Programs\DockerDesktop\resources\bin
USERNAME=x380
OS=Windows_NT
PROCESSOR_IDENTIFIER=Intel64 Family 6 Model 142 Stepping 12, GenuineIntel
TMP=C:\Users\x380\AppData\Local\Temp
TEMP=C:\Users\x380\AppData\Local\Temp




Periodic native trim disabled

---------------  S Y S T E M  ---------------

OS:
 Windows 10 , 64 bit Build 19041 (10.0.19041.5915)
OS uptime: 0 days 3:02 hours
Hyper-V role detected

CPU: total 8 (initial active 8) (4 cores per cpu, 2 threads per core) family 6 model 142 stepping 12 microcode 0xf0, cx8, cmov, fxsr, ht, mmx, 3dnowpref, sse, sse2, sse3, ssse3, sse4.1, sse4.2, popcnt, lzcnt, tsc, tscinvbit, avx, avx2, aes, erms, clmul, bmi1, bmi2, adx, fma, vzeroupper, clflush, clflushopt, hv, rdtscp, f16c
Processor Information for the first 8 processors :
  Max Mhz: 1896, Current Mhz: 1596, Mhz Limit: 1592

Memory: 4k page, system-wide physical 7940M (69M free)
TotalPageFile size 32516M (AvailPageFile size 6M)
current process WorkingSet (physical memory assigned to process): 184M, peak: 257M
current process commit charge ("private bytes"): 472M, peak: 482M

vm_info: OpenJDK 64-Bit Server VM (21.0.12.1+1-LTS) for windows-amd64 JRE (21.0.12.1+1-LTS), built on 2026-08-18T00:00:00Z by "admin" with MS VC++ 17.12 (VS2022)

END.
